 matching_service_addon

 Timestamp is 5b1786b1 (Wed Jun  6 16:01:05 2018)

 Preferred load address is 0000000180000000

 Start         Length     Name                   Class
 0001:00000000 00000150H .text$di                CODE
 0001:00000150 0002ab00H .text$mn                CODE
 0001:0002ac50 00000020H .text$mn$00             CODE
 0001:0002ac70 000004d0H .text$x                 CODE
 0001:0002b140 000001f4H .text$yd                CODE
 0002:00000000 000002c0H .idata$5                DATA
 0002:000002c0 00000010H .00cfg                  DATA
 0002:000002d0 00000008H .CRT$XCA                DATA
 0002:000002d8 00000038H .CRT$XCC                DATA
 0002:00000310 00000010H .CRT$XCL                DATA
 0002:00000320 00000018H .CRT$XCU                DATA
 0002:00000338 00000008H .CRT$XCZ                DATA
 0002:00000340 00000008H .CRT$XIA                DATA
 0002:00000348 00000030H .CRT$XIC                DATA
 0002:00000378 00000008H .CRT$XIZ                DATA
 0002:00000380 00000008H .CRT$XLA                DATA
 0002:00000388 00000008H .CRT$XLZ                DATA
 0002:00000390 00000008H .CRT$XPA                DATA
 0002:00000398 00000010H .CRT$XPX                DATA
 0002:000003a8 00000008H .CRT$XPXA               DATA
 0002:000003b0 00000008H .CRT$XPZ                DATA
 0002:000003b8 00000008H .CRT$XTA                DATA
 0002:000003c0 00000010H .CRT$XTZ                DATA
 0002:000003d0 000104f8H .rdata                  DATA
 0002:000108c8 00000028H .rdata$T                DATA
 0002:000108f0 00001064H .rdata$r                DATA
 0002:00011954 000004a4H .rdata$zzzdbg           DATA
 0002:00011df8 00000008H .rtc$IAA                DATA
 0002:00011e00 00000008H .rtc$IZZ                DATA
 0002:00011e08 00000008H .rtc$TAA                DATA
 0002:00011e10 00000010H .rtc$TZZ                DATA
 0002:00011e20 00002480H .xdata                  DATA
 0002:000142a0 000002a4H .xdata$x                DATA
 0002:00014544 00000020H .didat$2                DATA
 0002:00014564 00000024H .didat$3                DATA
 0002:00014588 00000110H .didat$4                DATA
 0002:00014698 00000870H .didat$6                DATA
 0002:00014f08 00000118H .didat$7                DATA
 0002:00015020 00000070H .edata                  DATA
 0002:00015090 00000014H .idata$2                DATA
 0002:000150a4 00000014H .idata$3                DATA
 0002:000150b8 000002c0H .idata$4                DATA
 0002:00015378 00000656H .idata$6                DATA
 0003:00000000 00000b90H .data                   DATA
 0003:00000b90 00000620H .data$r                 DATA
 0003:000011b0 00000110H .didat$5                DATA
 0003:000012c0 00001a24H .bss                    DATA
 0004:00000000 00002640H .pdata                  DATA
 0005:00000000 000000b8H .gfids$x                DATA
 0005:000000b8 00000238H .gfids$y                DATA
 0006:00000000 00000004H .tls                    DATA
 0006:00000004 00000004H .tls$                   DATA
 0006:00000008 00000001H .tls$ZZZ                DATA
 0007:00000000 00000060H .rsrc$01                DATA
 0007:00000060 00000180H .rsrc$02                DATA

  Address         Publics by Value              Rva+Base               Lib:Object

 0000:00000000       __guard_iat_count          0000000000000000     <absolute>
 0000:00000000       __dynamic_value_reloc_table 0000000000000000     <absolute>
 0000:00000000       __guard_iat_table          0000000000000000     <absolute>
 0000:00000000       __guard_longjmp_table      0000000000000000     <absolute>
 0000:00000000       __guard_longjmp_count      0000000000000000     <absolute>
 0000:00000000       __guard_fids_count         0000000000000000     <absolute>
 0000:00000000       ___safe_se_handler_table   0000000000000000     <absolute>
 0000:00000000       ___safe_se_handler_count   0000000000000000     <absolute>
 0000:00000000       __guard_fids_table         0000000000000000     <absolute>
 0000:00000100       __guard_flags              0000000000000100     <absolute>
 0000:00000000       __ImageBase                0000000180000000     <linker-defined>
 0001:00000150       ?InitAll@demo@@YAXV?$Local@VObject@v8@@@v8@@@Z 0000000180001150 f   matching_addon.obj
 0001:00000170       __local_stdio_printf_options 0000000180001170 f i matching_service.obj
 0001:00000180       sprintf_s                  0000000180001180 f i matching_service.obj
 0001:000001e0       ?what@exception@stdext@@UEBAPEBDXZ 00000001800011e0 f i matching_service.obj
 0001:00000200       ??$destroy@PEAU?$_List_node@V?$basic_string@DU?$char_traits@D@std@@V?$allocator@D@2@@std@@PEAX@std@@@?$_Wrap_alloc@V?$allocator@U?$_List_node@V?$basic_string@DU?$char_traits@D@std@@V?$allocator@D@2@@std@@PEAX@std@@@std@@@std@@QEAAXPEAPEAU?$_List_node@V?$basic_string@DU?$char_traits@D@std@@V?$allocator@D@2@@std@@PEAX@1@@Z 0000000180001200 f i matching_service.obj
 0001:00000200       _guard_check_icall_nop     0000000180001200 f i LIBCMT:guard_support.obj
 0001:00000200       __except_validate_context_record 0000000180001200 f i libvcruntime:jbcxrval.obj
 0001:00000200       ?_Doraise@exception@stdext@@MEBAXXZ 0000000180001200 f i matching_service.obj
 0001:00000200       ??$destroy@PEAU?$_List_node@U?$pair@$$CBUcoord@@Uutime_t@@@std@@PEAX@std@@@?$_Wrap_alloc@V?$allocator@U?$_List_node@U?$pair@$$CBUcoord@@Uutime_t@@@std@@PEAX@std@@@std@@@std@@QEAAXPEAPEAU?$_List_node@U?$pair@$$CBUcoord@@Uutime_t@@@std@@PEAX@1@@Z 0000000180001200 f i matching_service.obj
 0001:00000200       ?_Lock@?$basic_streambuf@DU?$char_traits@D@std@@@std@@UEAAXXZ 0000000180001200 f i libcpmt:cout.obj
 0001:00000200       ?imbue@?$basic_streambuf@DU?$char_traits@D@std@@@std@@MEAAXAEBVlocale@2@@Z 0000000180001200 f i libcpmt:cout.obj
 0001:00000200       ?_Unlock@?$basic_streambuf@DU?$char_traits@D@std@@@std@@UEAAXXZ 0000000180001200 f i libcpmt:cout.obj
 0001:00000210       ??_Gruntime_error@std@@UEAAPEAXI@Z 0000000180001210 f i matching_service.obj
 0001:00000210       ??_Gexception@stdext@@UEAAPEAXI@Z 0000000180001210 f i matching_service.obj
 0001:00000210       ??_Eexception@stdext@@UEAAPEAXI@Z 0000000180001210 f i * CIL library *:* CIL module *
 0001:00000210       ??_Eruntime_error@std@@UEAAPEAXI@Z 0000000180001210 f i * CIL library *:* CIL module *
 0001:00000240       ?_Deallocate@std@@YAXPEAX_K1@Z 0000000180001240 f i matching_service.obj
 0001:000002b0       ?Wrap@ObjectWrap@node@@IEAAXV?$Local@VObject@v8@@@v8@@@Z 00000001800012b0 f i matching_service.obj
 0001:00000390       ?Ref@ObjectWrap@node@@MEAAXXZ 0000000180001390 f i matching_service.obj
 0001:000003d0       ?Unref@ObjectWrap@node@@MEAAXXZ 00000001800013d0 f i matching_service.obj
 0001:00000480       ?WeakCallback@ObjectWrap@node@@CAXAEBV?$WeakCallbackInfo@VObjectWrap@node@@@v8@@@Z 0000000180001480 f i matching_service.obj
 0001:000004e0       ??_GObjectWrap@node@@UEAAPEAXI@Z 00000001800014e0 f i matching_service.obj
 0001:000004e0       ??_EGrid_Object@demo@@EEAAPEAXI@Z 00000001800014e0 f i * CIL library *:* CIL module *
 0001:000004e0       ??_GGrid_Object@demo@@EEAAPEAXI@Z 00000001800014e0 f i matching_service.obj
 0001:000004e0       ??_EObjectWrap@node@@UEAAPEAXI@Z 00000001800014e0 f i * CIL library *:* CIL module *
 0001:00000570       ??0_Locinfo@std@@QEAA@PEBD@Z 0000000180001570 f i matching_service.obj
 0001:00000630       ??1_Locinfo@std@@QEAA@XZ   0000000180001630 f i matching_service.obj
 0001:000006d0       ??_G_Facet_base@std@@UEAAPEAXI@Z 00000001800016d0 f i matching_service.obj
 0001:000006d0       ??_E_Facet_base@std@@UEAAPEAXI@Z 00000001800016d0 f i * CIL library *:* CIL module *
 0001:00000700       ?_Incref@facet@locale@std@@UEAAXXZ 0000000180001700 f i matching_service.obj
 0001:00000710       ?_Decref@facet@locale@std@@UEAAPEAV_Facet_base@3@XZ 0000000180001710 f i matching_service.obj
 0001:00000720       ?_Getcat@?$ctype@D@std@@SA_KPEAPEBVfacet@locale@2@PEBV42@@Z 0000000180001720 f i matching_service.obj
 0001:000007e0       ?do_tolower@?$ctype@D@std@@MEBADD@Z 00000001800017e0 f i matching_service.obj
 0001:000007f0       ?do_tolower@?$ctype@D@std@@MEBAPEBDPEADPEBD@Z 00000001800017f0 f i matching_service.obj
 0001:00000850       ?do_toupper@?$ctype@D@std@@MEBADD@Z 0000000180001850 f i matching_service.obj
 0001:00000860       ?do_toupper@?$ctype@D@std@@MEBAPEBDPEADPEBD@Z 0000000180001860 f i matching_service.obj
 0001:000008c0       ?do_widen@?$ctype@D@std@@MEBADD@Z 00000001800018c0 f i matching_service.obj
 0001:000008c0       ?do_narrow@?$ctype@D@std@@MEBADDD@Z 00000001800018c0 f i matching_service.obj
 0001:000008d0       ?do_widen@?$ctype@D@std@@MEBAPEBDPEBD0PEAD@Z 00000001800018d0 f i matching_service.obj
 0001:000008f0       ?do_narrow@?$ctype@D@std@@MEBAPEBDPEBD0DPEAD@Z 00000001800018f0 f i matching_service.obj
 0001:00000910       ??_E?$ctype@D@std@@MEAAPEAXI@Z 0000000180001910 f i * CIL library *:* CIL module *
 0001:00000910       ??_G?$ctype@D@std@@MEAAPEAXI@Z 0000000180001910 f i matching_service.obj
 0001:00000980       ??_E_Iostream_error_category@std@@UEAAPEAXI@Z 0000000180001980 f i * CIL library *:* CIL module *
 0001:00000980       ??_Gerror_category@std@@UEAAPEAXI@Z 0000000180001980 f i matching_service.obj
 0001:00000980       ??_Eerror_category@std@@UEAAPEAXI@Z 0000000180001980 f i * CIL library *:* CIL module *
 0001:00000980       ??_G_Iostream_error_category@std@@UEAAPEAXI@Z 0000000180001980 f i matching_service.obj
 0001:000009b0       ?default_error_condition@error_category@std@@UEBA?AVerror_condition@2@H@Z 00000001800019b0 f i matching_service.obj
 0001:000009c0       ?equivalent@error_category@std@@UEBA_NHAEBVerror_condition@2@@Z 00000001800019c0 f i matching_service.obj
 0001:00000a20       ?equivalent@error_category@std@@UEBA_NAEBVerror_code@2@H@Z 0000000180001a20 f i matching_service.obj
 0001:00000a40       ??0_System_error@std@@IEAA@Verror_code@1@AEBV?$basic_string@DU?$char_traits@D@std@@V?$allocator@D@2@@1@@Z 0000000180001a40 f i matching_service.obj
 0001:00000c60       ??_Efailure@ios_base@std@@UEAAPEAXI@Z 0000000180001c60 f i * CIL library *:* CIL module *
 0001:00000c60       ??_E_System_error@std@@UEAAPEAXI@Z 0000000180001c60 f i * CIL library *:* CIL module *
 0001:00000c60       ??_G_System_error@std@@UEAAPEAXI@Z 0000000180001c60 f i matching_service.obj
 0001:00000c60       ??_Gfailure@ios_base@std@@UEAAPEAXI@Z 0000000180001c60 f i matching_service.obj
 0001:00000c90       ?name@_Iostream_error_category@std@@UEBAPEBDXZ 0000000180001c90 f i matching_service.obj
 0001:00000ca0       ?message@_Iostream_error_category@std@@UEBA?AV?$basic_string@DU?$char_traits@D@std@@V?$allocator@D@2@@2@H@Z 0000000180001ca0 f i matching_service.obj
 0001:00000d20       ?clear@ios_base@std@@QEAAXH_N@Z 0000000180001d20 f i matching_service.obj
 0001:000010a0       ?radius_sqaure@coord@@QEBA?AV?$vector@Ucoord@@V?$allocator@Ucoord@@@std@@@std@@AEBH@Z 00000001800020a0 f i matching_service.obj
 0001:00001510       ?update_user@GridCandidateService@@QEAAXAEBUuinfo_t@@@Z 0000000180002510 f i matching_service.obj
 0001:000019a0       ?search_grid@GridCandidateService@@QEAA?AV?$vector@V?$basic_string@DU?$char_traits@D@std@@V?$allocator@D@2@@std@@V?$allocator@V?$basic_string@DU?$char_traits@D@std@@V?$allocator@D@2@@std@@@2@@std@@AEBUcoord@@HH@Z 00000001800029a0 f i matching_service.obj
 0001:00002030       ??0GridCandidateService@@QEAA@XZ 0000000180003030 f i matching_service.obj
 0001:000020c0       ?Init@Grid_Object@demo@@SAXV?$Local@VObject@v8@@@v8@@@Z 00000001800030c0 f   matching_service.obj
 0001:00002350       ?New@Grid_Object@demo@@CAXAEBV?$FunctionCallbackInfo@VValue@v8@@@v8@@@Z 0000000180003350 f   matching_service.obj
 0001:000024a0       ?update_user@Grid_Object@demo@@CAXAEBV?$FunctionCallbackInfo@VValue@v8@@@v8@@@Z 00000001800034a0 f   matching_service.obj
 0001:000027d0       ?find_radius@Grid_Object@demo@@CAXAEBV?$FunctionCallbackInfo@VValue@v8@@@v8@@@Z 00000001800037d0 f   matching_service.obj
 0001:00002ba0       ?equal_range@?$_Hash@V?$_Umap_traits@Ucoord@@Uutime_t@@V?$_Uhash_compare@Ucoord@@V?$hash@Ucoord@@@std@@U?$equal_to@Ucoord@@@3@@std@@V?$allocator@U?$pair@$$CBUcoord@@Uutime_t@@@std@@@4@$00@std@@@std@@QEAA?AU?$pair@V?$_List_iterator@V?$_List_val@U?$_List_simple_types@U?$pair@$$CBUcoord@@Uutime_t@@@std@@@std@@@std@@@std@@V12@@2@AEBUcoord@@@Z 0000000180003ba0 f i matching_service.obj
 0001:00002cd0       ?erase@?$_Hash@V?$_Umap_traits@Ucoord@@Uutime_t@@V?$_Uhash_compare@Ucoord@@V?$hash@Ucoord@@@std@@U?$equal_to@Ucoord@@@3@@std@@V?$allocator@U?$pair@$$CBUcoord@@Uutime_t@@@std@@@4@$00@std@@@std@@QEAA?AV?$_List_iterator@V?$_List_val@U?$_List_simple_types@U?$pair@$$CBUcoord@@Uutime_t@@@std@@@std@@@std@@@2@V?$_List_const_iterator@V?$_List_val@U?$_List_simple_types@U?$pair@$$CBUcoord@@Uutime_t@@@std@@@std@@@std@@@2@@Z 0000000180003cd0 f i matching_service.obj
 0001:00002df0       ??0?$unordered_multimap@Ucoord@@Uutime_t@@V?$hash@Ucoord@@@std@@U?$equal_to@Ucoord@@@4@V?$allocator@U?$pair@$$CBUcoord@@Uutime_t@@@std@@@4@@std@@QEAA@XZ 0000000180003df0 f i matching_service.obj
 0001:00002e80       ?push_back@?$vector@Ucoord@@V?$allocator@Ucoord@@@std@@@std@@QEAAXAEBUcoord@@@Z 0000000180003e80 f i matching_service.obj
 0001:00002f10       ??1?$basic_string@DU?$char_traits@D@std@@V?$allocator@D@2@@std@@QEAA@XZ 0000000180003f10 f i matching_service.obj
 0001:00002fa0       ??0?$basic_string@DU?$char_traits@D@std@@V?$allocator@D@2@@std@@QEAA@$$QEAV01@@Z 0000000180003fa0 f i matching_service.obj
 0001:00003040       ??6?$basic_ostream@DU?$char_traits@D@std@@@std@@QEAAAEAV01@N@Z 0000000180004040 f i matching_service.obj
 0001:000031f0       ??6?$basic_ostream@DU?$char_traits@D@std@@@std@@QEAAAEAV01@_J@Z 00000001800041f0 f i matching_service.obj
 0001:000033a0       ??0sentry@?$basic_ostream@DU?$char_traits@D@std@@@std@@QEAA@AEAV12@@Z 00000001800043a0 f i matching_service.obj
 0001:00003410       ?do_put@?$num_put@DV?$ostreambuf_iterator@DU?$char_traits@D@std@@@std@@@std@@MEBA?AV?$ostreambuf_iterator@DU?$char_traits@D@std@@@2@V32@AEAVios_base@2@DPEBX@Z 0000000180004410 f i matching_service.obj
 0001:000034b0       ?do_put@?$num_put@DV?$ostreambuf_iterator@DU?$char_traits@D@std@@@std@@@std@@MEBA?AV?$ostreambuf_iterator@DU?$char_traits@D@std@@@2@V32@AEAVios_base@2@DO@Z 00000001800044b0 f i matching_service.obj
 0001:00003720       ?do_put@?$num_put@DV?$ostreambuf_iterator@DU?$char_traits@D@std@@@std@@@std@@MEBA?AV?$ostreambuf_iterator@DU?$char_traits@D@std@@@2@V32@AEAVios_base@2@DN@Z 0000000180004720 f i matching_service.obj
 0001:00003990       ?do_put@?$num_put@DV?$ostreambuf_iterator@DU?$char_traits@D@std@@@std@@@std@@MEBA?AV?$ostreambuf_iterator@DU?$char_traits@D@std@@@2@V32@AEAVios_base@2@D_K@Z 0000000180004990 f i matching_service.obj
 0001:00003a90       ?do_put@?$num_put@DV?$ostreambuf_iterator@DU?$char_traits@D@std@@@std@@@std@@MEBA?AV?$ostreambuf_iterator@DU?$char_traits@D@std@@@2@V32@AEAVios_base@2@D_J@Z 0000000180004a90 f i matching_service.obj
 0001:00003b90       ?do_put@?$num_put@DV?$ostreambuf_iterator@DU?$char_traits@D@std@@@std@@@std@@MEBA?AV?$ostreambuf_iterator@DU?$char_traits@D@std@@@2@V32@AEAVios_base@2@DK@Z 0000000180004b90 f i matching_service.obj
 0001:00003c90       ?do_put@?$num_put@DV?$ostreambuf_iterator@DU?$char_traits@D@std@@@std@@@std@@MEBA?AV?$ostreambuf_iterator@DU?$char_traits@D@std@@@2@V32@AEAVios_base@2@DJ@Z 0000000180004c90 f i matching_service.obj
 0001:00003d90       ?do_put@?$num_put@DV?$ostreambuf_iterator@DU?$char_traits@D@std@@@std@@@std@@MEBA?AV?$ostreambuf_iterator@DU?$char_traits@D@std@@@2@V32@AEAVios_base@2@D_N@Z 0000000180004d90 f i matching_service.obj
 0001:00004340       ?equal_range@?$_Hash@V?$_Uset_traits@V?$basic_string@DU?$char_traits@D@std@@V?$allocator@D@2@@std@@V?$_Uhash_compare@V?$basic_string@DU?$char_traits@D@std@@V?$allocator@D@2@@std@@U?$hash@V?$basic_string@DU?$char_traits@D@std@@V?$allocator@D@2@@std@@@2@U?$equal_to@V?$basic_string@DU?$char_traits@D@std@@V?$allocator@D@2@@std@@@2@@2@V?$allocator@V?$basic_string@DU?$char_traits@D@std@@V?$allocator@D@2@@std@@@2@$0A@@std@@@std@@QEAA?AU?$pair@V?$_List_const_iterator@V?$_List_val@U?$_List_simple_types@V?$basic_string@DU?$char_traits@D@std@@V?$allocator@D@2@@std@@@std@@@std@@@std@@V12@@2@AEBV?$basic_string@DU?$char_traits@D@std@@V?$allocator@D@2@@2@@Z 0000000180005340 f i matching_service.obj
 0001:000044e0       ?lower_bound@?$_Hash@V?$_Uset_traits@V?$basic_string@DU?$char_traits@D@std@@V?$allocator@D@2@@std@@V?$_Uhash_compare@V?$basic_string@DU?$char_traits@D@std@@V?$allocator@D@2@@std@@U?$hash@V?$basic_string@DU?$char_traits@D@std@@V?$allocator@D@2@@std@@@2@U?$equal_to@V?$basic_string@DU?$char_traits@D@std@@V?$allocator@D@2@@std@@@2@@2@V?$allocator@V?$basic_string@DU?$char_traits@D@std@@V?$allocator@D@2@@std@@@2@$0A@@std@@@std@@QEAA?AV?$_List_const_iterator@V?$_List_val@U?$_List_simple_types@V?$basic_string@DU?$char_traits@D@std@@V?$allocator@D@2@@std@@@std@@@std@@@2@AEBV?$basic_string@DU?$char_traits@D@std@@V?$allocator@D@2@@2@@Z 00000001800054e0 f i matching_service.obj
 0001:00004650       ?_Reserve@?$vector@Ucoord@@V?$allocator@Ucoord@@@std@@@std@@IEAAX_K@Z 0000000180005650 f i matching_service.obj
 0001:000046e0       ?_Reserve@?$vector@V?$basic_string@DU?$char_traits@D@std@@V?$allocator@D@2@@std@@V?$allocator@V?$basic_string@DU?$char_traits@D@std@@V?$allocator@D@2@@std@@@2@@std@@IEAAX_K@Z 00000001800056e0 f i matching_service.obj
 0001:00004770       ?assign@?$basic_string@DU?$char_traits@D@std@@V?$allocator@D@2@@std@@QEAAAEAV12@_KD@Z 0000000180005770 f i matching_service.obj
 0001:00004870       ?assign@?$basic_string@DU?$char_traits@D@std@@V?$allocator@D@2@@std@@QEAAAEAV12@PEBD_K@Z 0000000180005870 f i matching_service.obj
 0001:000049a0       ?assign@?$basic_string@DU?$char_traits@D@std@@V?$allocator@D@2@@std@@QEAAAEAV12@AEBV12@_K1@Z 00000001800059a0 f i matching_service.obj
 0001:00004ad0       ?append@?$basic_string@DU?$char_traits@D@std@@V?$allocator@D@2@@std@@QEAAAEAV12@PEBD_K@Z 0000000180005ad0 f i matching_service.obj
 0001:00004c20       ?append@?$basic_string@DU?$char_traits@D@std@@V?$allocator@D@2@@std@@QEAAAEAV12@AEBV12@_K1@Z 0000000180005c20 f i matching_service.obj
 0001:00004d50       ?_Assign_rv@?$basic_string@DU?$char_traits@D@std@@V?$allocator@D@2@@std@@QEAAX$$QEAV12@@Z 0000000180005d50 f i matching_service.obj
 0001:00004dd0       ??_E?$num_put@DV?$ostreambuf_iterator@DU?$char_traits@D@std@@@std@@@std@@MEAAPEAXI@Z 0000000180005dd0 f i * CIL library *:* CIL module *
 0001:00004dd0       ??_G?$num_put@DV?$ostreambuf_iterator@DU?$char_traits@D@std@@@std@@@std@@MEAAPEAXI@Z 0000000180005dd0 f i matching_service.obj
 0001:00004dd0       ??_G?$codecvt@DDU_Mbstatet@@@std@@MEAAPEAXI@Z 0000000180005dd0 f i libcpmt:cout.obj
 0001:00004dd0       ??_E?$codecvt@DDU_Mbstatet@@@std@@MEAAPEAXI@Z 0000000180005dd0 f i libcpmt:cout.obj
 0001:00004e00       ?do_truename@?$numpunct@D@std@@MEBA?AV?$basic_string@DU?$char_traits@D@std@@V?$allocator@D@2@@2@XZ 0000000180005e00 f i matching_service.obj
 0001:00004e50       ?do_falsename@?$numpunct@D@std@@MEBA?AV?$basic_string@DU?$char_traits@D@std@@V?$allocator@D@2@@2@XZ 0000000180005e50 f i matching_service.obj
 0001:00004ea0       ?do_grouping@?$numpunct@D@std@@MEBA?AV?$basic_string@DU?$char_traits@D@std@@V?$allocator@D@2@@2@XZ 0000000180005ea0 f i matching_service.obj
 0001:00004ef0       ?do_thousands_sep@?$numpunct@D@std@@MEBADXZ 0000000180005ef0 f i matching_service.obj
 0001:00004f00       ?do_decimal_point@?$numpunct@D@std@@MEBADXZ 0000000180005f00 f i matching_service.obj
 0001:00004f10       ?_Iput@?$num_put@DV?$ostreambuf_iterator@DU?$char_traits@D@std@@@std@@@std@@AEBA?AV?$ostreambuf_iterator@DU?$char_traits@D@std@@@2@V32@AEAVios_base@2@DPEAD_K@Z 0000000180005f10 f i matching_service.obj
 0001:000056f0       ?_Fput@?$num_put@DV?$ostreambuf_iterator@DU?$char_traits@D@std@@@std@@@std@@AEBA?AV?$ostreambuf_iterator@DU?$char_traits@D@std@@@2@V32@AEAVios_base@2@DPEBD_K@Z 00000001800066f0 f i matching_service.obj
 0001:00005f50       ?_Tidy@?$vector@V?$_List_unchecked_iterator@V?$_List_val@U?$_List_simple_types@U?$pair@$$CBUcoord@@Uutime_t@@@std@@@std@@@std@@@std@@U?$_Wrap_alloc@V?$allocator@V?$_List_unchecked_iterator@V?$_List_val@U?$_List_simple_types@U?$pair@$$CBUcoord@@Uutime_t@@@std@@@std@@@std@@@std@@@std@@@2@@std@@IEAAXXZ 0000000180006f50 f i matching_service.obj
 0001:00005f50       ?_Tidy@?$vector@V?$_List_unchecked_const_iterator@V?$_List_val@U?$_List_simple_types@V?$basic_string@DU?$char_traits@D@std@@V?$allocator@D@2@@std@@@std@@@std@@U_Iterator_base0@2@@std@@U?$_Wrap_alloc@V?$allocator@V?$_List_unchecked_const_iterator@V?$_List_val@U?$_List_simple_types@V?$basic_string@DU?$char_traits@D@std@@V?$allocator@D@2@@std@@@std@@@std@@U_Iterator_base0@2@@std@@@std@@@2@@std@@IEAAXXZ 0000000180006f50 f i matching_service.obj
 0001:00005ff0       ?_Init@?$_Hash@V?$_Umap_traits@Ucoord@@Uutime_t@@V?$_Uhash_compare@Ucoord@@V?$hash@Ucoord@@@std@@U?$equal_to@Ucoord@@@3@@std@@V?$allocator@U?$pair@$$CBUcoord@@Uutime_t@@@std@@@4@$00@std@@@std@@IEAAX_K@Z 0000000180006ff0 f i matching_service.obj
 0001:00005ff0       ?_Init@?$_Hash@V?$_Uset_traits@V?$basic_string@DU?$char_traits@D@std@@V?$allocator@D@2@@std@@V?$_Uhash_compare@V?$basic_string@DU?$char_traits@D@std@@V?$allocator@D@2@@std@@U?$hash@V?$basic_string@DU?$char_traits@D@std@@V?$allocator@D@2@@std@@@2@U?$equal_to@V?$basic_string@DU?$char_traits@D@std@@V?$allocator@D@2@@std@@@2@@2@V?$allocator@V?$basic_string@DU?$char_traits@D@std@@V?$allocator@D@2@@std@@@2@$0A@@std@@@std@@IEAAX_K@Z 0000000180006ff0 f i matching_service.obj
 0001:00006090       ?_Reallocate@?$vector@Ucoord@@V?$allocator@Ucoord@@@std@@@std@@IEAAX_K@Z 0000000180007090 f i matching_service.obj
 0001:00006090       ?_Reallocate@?$vector@V?$_List_unchecked_iterator@V?$_List_val@U?$_List_simple_types@U?$pair@$$CBUcoord@@Uutime_t@@@std@@@std@@@std@@@std@@U?$_Wrap_alloc@V?$allocator@V?$_List_unchecked_iterator@V?$_List_val@U?$_List_simple_types@U?$pair@$$CBUcoord@@Uutime_t@@@std@@@std@@@std@@@std@@@std@@@2@@std@@IEAAX_K@Z 0000000180007090 f i matching_service.obj
 0001:00006090       ?_Reallocate@?$vector@V?$_List_unchecked_const_iterator@V?$_List_val@U?$_List_simple_types@V?$basic_string@DU?$char_traits@D@std@@V?$allocator@D@2@@std@@@std@@@std@@U_Iterator_base0@2@@std@@U?$_Wrap_alloc@V?$allocator@V?$_List_unchecked_const_iterator@V?$_List_val@U?$_List_simple_types@V?$basic_string@DU?$char_traits@D@std@@V?$allocator@D@2@@std@@@std@@@std@@U_Iterator_base0@2@@std@@@std@@@2@@std@@IEAAX_K@Z 0000000180007090 f i matching_service.obj
 0001:00006200       ?_Reallocate@?$vector@V?$basic_string@DU?$char_traits@D@std@@V?$allocator@D@2@@std@@V?$allocator@V?$basic_string@DU?$char_traits@D@std@@V?$allocator@D@2@@std@@@2@@std@@IEAAX_K@Z 0000000180007200 f i matching_service.obj
 0001:00006340       ?erase@?$basic_string@DU?$char_traits@D@std@@V?$allocator@D@2@@std@@QEAAAEAV12@_K0@Z 0000000180007340 f i matching_service.obj
 0001:00006410       ?append@?$basic_string@DU?$char_traits@D@std@@V?$allocator@D@2@@std@@QEAAAEAV12@_KD@Z 0000000180007410 f i matching_service.obj
 0001:00006520       ?flush@?$basic_ostream@DU?$char_traits@D@std@@@std@@QEAAAEAV12@XZ 0000000180007520 f i matching_service.obj
 0001:00006610       ??_E?$numpunct@D@std@@MEAAPEAXI@Z 0000000180007610 f i * CIL library *:* CIL module *
 0001:00006610       ??_G?$numpunct@D@std@@MEAAPEAXI@Z 0000000180007610 f i matching_service.obj
 0001:00006670       ?deallocate@?$_Wrap_alloc@U?$_Wrap_alloc@V?$allocator@V?$_List_unchecked_iterator@V?$_List_val@U?$_List_simple_types@U?$pair@$$CBUcoord@@Uutime_t@@@std@@@std@@@std@@@std@@@std@@@std@@@std@@QEAAXPEAV?$_List_unchecked_iterator@V?$_List_val@U?$_List_simple_types@U?$pair@$$CBUcoord@@Uutime_t@@@std@@@std@@@std@@@2@_K@Z 0000000180007670 f i matching_service.obj
 0001:00006670       ?deallocate@?$_Wrap_alloc@U?$_Wrap_alloc@V?$allocator@V?$_List_unchecked_const_iterator@V?$_List_val@U?$_List_simple_types@V?$basic_string@DU?$char_traits@D@std@@V?$allocator@D@2@@std@@@std@@@std@@U_Iterator_base0@2@@std@@@std@@@std@@@std@@QEAAXPEAV?$_List_unchecked_const_iterator@V?$_List_val@U?$_List_simple_types@V?$basic_string@DU?$char_traits@D@std@@V?$allocator@D@2@@std@@@std@@@std@@U_Iterator_base0@2@@2@_K@Z 0000000180007670 f i matching_service.obj
 0001:000066e0       ?clear@?$list@V?$basic_string@DU?$char_traits@D@std@@V?$allocator@D@2@@std@@V?$allocator@V?$basic_string@DU?$char_traits@D@std@@V?$allocator@D@2@@std@@@2@@std@@QEAAXXZ 00000001800076e0 f i matching_service.obj
 0001:000067c0       ?clear@?$list@U?$pair@$$CBUcoord@@Uutime_t@@@std@@V?$allocator@U?$pair@$$CBUcoord@@Uutime_t@@@std@@@2@@std@@QEAAXXZ 00000001800077c0 f i matching_service.obj
 0001:000068a0       ?_Copy@?$basic_string@DU?$char_traits@D@std@@V?$allocator@D@2@@std@@QEAAX_K0@Z 00000001800078a0 f i matching_service.obj
 0001:00006a20       ?allocate@?$_Wrap_alloc@U?$_Wrap_alloc@V?$allocator@V?$_List_unchecked_iterator@V?$_List_val@U?$_List_simple_types@U?$pair@$$CBUcoord@@Uutime_t@@@std@@@std@@@std@@@std@@@std@@@std@@@std@@QEAAPEAV?$_List_unchecked_iterator@V?$_List_val@U?$_List_simple_types@U?$pair@$$CBUcoord@@Uutime_t@@@std@@@std@@@std@@@2@_K@Z 0000000180007a20 f i matching_service.obj
 0001:00006a20       ?allocate@?$_Wrap_alloc@U?$_Wrap_alloc@V?$allocator@V?$_List_unchecked_const_iterator@V?$_List_val@U?$_List_simple_types@V?$basic_string@DU?$char_traits@D@std@@V?$allocator@D@2@@std@@@std@@@std@@U_Iterator_base0@2@@std@@@std@@@std@@@std@@QEAAPEAV?$_List_unchecked_const_iterator@V?$_List_val@U?$_List_simple_types@V?$basic_string@DU?$char_traits@D@std@@V?$allocator@D@2@@std@@@std@@@std@@U_Iterator_base0@2@@2@_K@Z 0000000180007a20 f i matching_service.obj
 0001:00006a90       ?_Insert_n@?$vector@V?$_List_unchecked_iterator@V?$_List_val@U?$_List_simple_types@U?$pair@$$CBUcoord@@Uutime_t@@@std@@@std@@@std@@@std@@U?$_Wrap_alloc@V?$allocator@V?$_List_unchecked_iterator@V?$_List_val@U?$_List_simple_types@U?$pair@$$CBUcoord@@Uutime_t@@@std@@@std@@@std@@@std@@@std@@@2@@std@@IEAA?AV?$_Vector_iterator@V?$_Vector_val@U?$_Simple_types@V?$_List_unchecked_iterator@V?$_List_val@U?$_List_simple_types@U?$pair@$$CBUcoord@@Uutime_t@@@std@@@std@@@std@@@std@@@std@@@std@@@2@V?$_Vector_const_iterator@V?$_Vector_val@U?$_Simple_types@V?$_List_unchecked_iterator@V?$_List_val@U?$_List_simple_types@U?$pair@$$CBUcoord@@Uutime_t@@@std@@@std@@@std@@@std@@@std@@@std@@@2@_KAEBV?$_List_unchecked_iterator@V?$_List_val@U?$_List_simple_types@U?$pair@$$CBUcoord@@Uutime_t@@@std@@@std@@@std@@@2@@Z 0000000180007a90 f i matching_service.obj
 0001:00006a90       ?_Insert_n@?$vector@V?$_List_unchecked_const_iterator@V?$_List_val@U?$_List_simple_types@V?$basic_string@DU?$char_traits@D@std@@V?$allocator@D@2@@std@@@std@@@std@@U_Iterator_base0@2@@std@@U?$_Wrap_alloc@V?$allocator@V?$_List_unchecked_const_iterator@V?$_List_val@U?$_List_simple_types@V?$basic_string@DU?$char_traits@D@std@@V?$allocator@D@2@@std@@@std@@@std@@U_Iterator_base0@2@@std@@@std@@@2@@std@@IEAA?AV?$_Vector_iterator@V?$_Vector_val@U?$_Simple_types@V?$_List_unchecked_const_iterator@V?$_List_val@U?$_List_simple_types@V?$basic_string@DU?$char_traits@D@std@@V?$allocator@D@2@@std@@@std@@@std@@U_Iterator_base0@2@@std@@@std@@@std@@@2@V?$_Vector_const_iterator@V?$_Vector_val@U?$_Simple_types@V?$_List_unchecked_const_iterator@V?$_List_val@U?$_List_simple_types@V?$basic_string@DU?$char_traits@D@std@@V?$allocator@D@2@@std@@@std@@@std@@U_Iterator_base0@2@@std@@@std@@@std@@@2@_KAEBV?$_List_unchecked_const_iterator@V?$_List_val@U?$_List_simple_types@V?$basic_string@DU?$char_traits@D@std@@V?$allocator@D@2@@std@@@std@@@std@@U_Iterator_base0@2@@2@@Z 0000000180007a90 f i matching_service.obj
 0001:00006de0       ??$use_facet@V?$ctype@D@std@@@std@@YAAEBV?$ctype@D@0@AEBVlocale@0@@Z 0000000180007de0 f i matching_service.obj
 0001:00006f10       ??$_Immortalize@V_Iostream_error_category@std@@@std@@YAAEAV_Iostream_error_category@0@XZ 0000000180007f10 f i matching_service.obj
 0001:00006f90       ??$?6U?$char_traits@D@std@@@std@@YAAEAV?$basic_ostream@DU?$char_traits@D@std@@@0@AEAV10@PEBD@Z 0000000180007f90 f i matching_service.obj
 0001:000071e0       ??$?6DU?$char_traits@D@std@@V?$allocator@D@1@@std@@YAAEAV?$basic_ostream@DU?$char_traits@D@std@@@0@AEAV10@AEBV?$basic_string@DU?$char_traits@D@std@@V?$allocator@D@2@@0@@Z 00000001800081e0 f i matching_service.obj
 0001:00007430       ??$use_facet@V?$num_put@DV?$ostreambuf_iterator@DU?$char_traits@D@std@@@std@@@std@@@std@@YAAEBV?$num_put@DV?$ostreambuf_iterator@DU?$char_traits@D@std@@@std@@@0@AEBVlocale@0@@Z 0000000180008430 f i matching_service.obj
 0001:000075b0       ??$use_facet@V?$numpunct@D@std@@@std@@YAAEBV?$numpunct@D@0@AEBVlocale@0@@Z 00000001800085b0 f i matching_service.obj
 0001:000076e0       ?_Getcat@?$numpunct@D@std@@SA_KPEAPEBVfacet@locale@2@PEBV42@@Z 00000001800086e0 f i matching_service.obj
 0001:000077a0       ?put@?$basic_ostream@DU?$char_traits@D@std@@@std@@QEAAAEAV12@D@Z 00000001800087a0 f i matching_service.obj
 0001:000078f0       ?widen@?$basic_ios@DU?$char_traits@D@std@@@std@@QEBADD@Z 00000001800088f0 f i matching_service.obj
 0001:00007990       ?_Init@?$numpunct@D@std@@IEAAXAEBV_Locinfo@2@_N@Z 0000000180008990 f i matching_service.obj
 0001:00007b10       ??$_Insert@U?$pair@$$CBUcoord@@Uutime_t@@@std@@U_Nil@2@@?$_Hash@V?$_Umap_traits@Ucoord@@Uutime_t@@V?$_Uhash_compare@Ucoord@@V?$hash@Ucoord@@@std@@U?$equal_to@Ucoord@@@3@@std@@V?$allocator@U?$pair@$$CBUcoord@@Uutime_t@@@std@@@4@$00@std@@@std@@IEAA?AU?$pair@V?$_List_iterator@V?$_List_val@U?$_List_simple_types@U?$pair@$$CBUcoord@@Uutime_t@@@std@@@std@@@std@@@std@@_N@1@$$QEAU?$pair@$$CBUcoord@@Uutime_t@@@1@U_Nil@1@@Z 0000000180008b10 f i matching_service.obj
 0001:00007d60       ??$_Insert@AEBV?$basic_string@DU?$char_traits@D@std@@V?$allocator@D@2@@std@@U_Nil@2@@?$_Hash@V?$_Uset_traits@V?$basic_string@DU?$char_traits@D@std@@V?$allocator@D@2@@std@@V?$_Uhash_compare@V?$basic_string@DU?$char_traits@D@std@@V?$allocator@D@2@@std@@U?$hash@V?$basic_string@DU?$char_traits@D@std@@V?$allocator@D@2@@std@@@2@U?$equal_to@V?$basic_string@DU?$char_traits@D@std@@V?$allocator@D@2@@std@@@2@@2@V?$allocator@V?$basic_string@DU?$char_traits@D@std@@V?$allocator@D@2@@std@@@2@$0A@@std@@@std@@IEAA?AU?$pair@V?$_List_const_iterator@V?$_List_val@U?$_List_simple_types@V?$basic_string@DU?$char_traits@D@std@@V?$allocator@D@2@@std@@@std@@@std@@@std@@_N@1@AEBV?$basic_string@DU?$char_traits@D@std@@V?$allocator@D@2@@1@U_Nil@1@@Z 0000000180008d60 f i matching_service.obj
 0001:00007fc0       ??$_Destroy_range1@V?$allocator@V?$basic_string@DU?$char_traits@D@std@@V?$allocator@D@2@@std@@@std@@PEAV?$basic_string@DU?$char_traits@D@std@@V?$allocator@D@2@@2@@std@@YAXPEAV?$basic_string@DU?$char_traits@D@std@@V?$allocator@D@2@@0@0AEAU?$_Wrap_alloc@V?$allocator@V?$basic_string@DU?$char_traits@D@std@@V?$allocator@D@2@@std@@@std@@@0@U?$integral_constant@_N$0A@@0@@Z 0000000180008fc0 f i matching_service.obj
 0001:00008080       ?_Check_size@?$_Hash@V?$_Uset_traits@V?$basic_string@DU?$char_traits@D@std@@V?$allocator@D@2@@std@@V?$_Uhash_compare@V?$basic_string@DU?$char_traits@D@std@@V?$allocator@D@2@@std@@U?$hash@V?$basic_string@DU?$char_traits@D@std@@V?$allocator@D@2@@std@@@2@U?$equal_to@V?$basic_string@DU?$char_traits@D@std@@V?$allocator@D@2@@std@@@2@@2@V?$allocator@V?$basic_string@DU?$char_traits@D@std@@V?$allocator@D@2@@std@@@2@$0A@@std@@@std@@IEAAXXZ 0000000180009080 f i matching_service.obj
 0001:00008140       ?_Check_size@?$_Hash@V?$_Umap_traits@Ucoord@@Uutime_t@@V?$_Uhash_compare@Ucoord@@V?$hash@Ucoord@@@std@@U?$equal_to@Ucoord@@@3@@std@@V?$allocator@U?$pair@$$CBUcoord@@Uutime_t@@@std@@@4@$00@std@@@std@@IEAAXXZ 0000000180009140 f i matching_service.obj
 0001:00008200       ??$_Insert@AEBV?$basic_string@DU?$char_traits@D@std@@V?$allocator@D@2@@std@@V?$_List_unchecked_const_iterator@V?$_List_val@U?$_List_simple_types@V?$basic_string@DU?$char_traits@D@std@@V?$allocator@D@2@@std@@@std@@@std@@U_Iterator_base0@2@@2@@?$_Hash@V?$_Uset_traits@V?$basic_string@DU?$char_traits@D@std@@V?$allocator@D@2@@std@@V?$_Uhash_compare@V?$basic_string@DU?$char_traits@D@std@@V?$allocator@D@2@@std@@U?$hash@V?$basic_string@DU?$char_traits@D@std@@V?$allocator@D@2@@std@@@2@U?$equal_to@V?$basic_string@DU?$char_traits@D@std@@V?$allocator@D@2@@std@@@2@@2@V?$allocator@V?$basic_string@DU?$char_traits@D@std@@V?$allocator@D@2@@std@@@2@$0A@@std@@@std@@IEAA?AU?$pair@V?$_List_const_iterator@V?$_List_val@U?$_List_simple_types@V?$basic_string@DU?$char_traits@D@std@@V?$allocator@D@2@@std@@@std@@@std@@@std@@_N@1@AEBV?$basic_string@DU?$char_traits@D@std@@V?$allocator@D@2@@1@V?$_List_unchecked_const_iterator@V?$_List_val@U?$_List_simple_types@V?$basic_string@DU?$char_traits@D@std@@V?$allocator@D@2@@std@@@std@@@std@@U_Iterator_base0@2@@1@@Z 0000000180009200 f i matching_service.obj
 0001:000083f0       ??$_Insert@AEAU?$pair@$$CBUcoord@@Uutime_t@@@std@@V?$_List_unchecked_iterator@V?$_List_val@U?$_List_simple_types@U?$pair@$$CBUcoord@@Uutime_t@@@std@@@std@@@std@@@2@@?$_Hash@V?$_Umap_traits@Ucoord@@Uutime_t@@V?$_Uhash_compare@Ucoord@@V?$hash@Ucoord@@@std@@U?$equal_to@Ucoord@@@3@@std@@V?$allocator@U?$pair@$$CBUcoord@@Uutime_t@@@std@@@4@$00@std@@@std@@IEAA?AU?$pair@V?$_List_iterator@V?$_List_val@U?$_List_simple_types@U?$pair@$$CBUcoord@@Uutime_t@@@std@@@std@@@std@@@std@@_N@1@AEAU?$pair@$$CBUcoord@@Uutime_t@@@1@V?$_List_unchecked_iterator@V?$_List_val@U?$_List_simple_types@U?$pair@$$CBUcoord@@Uutime_t@@@std@@@std@@@std@@@1@@Z 00000001800093f0 f i matching_service.obj
 0001:00008560       ??$_Uninitialized_move_al_unchecked1@PEAV?$basic_string@DU?$char_traits@D@std@@V?$allocator@D@2@@std@@PEAV12@V?$allocator@V?$basic_string@DU?$char_traits@D@std@@V?$allocator@D@2@@std@@@2@@std@@YAPEAV?$basic_string@DU?$char_traits@D@std@@V?$allocator@D@2@@0@PEAV10@00AEAU?$_Wrap_alloc@V?$allocator@V?$basic_string@DU?$char_traits@D@std@@V?$allocator@D@2@@std@@@std@@@0@U_General_ptr_iterator_tag@0@U_Any_tag@0@@Z 0000000180009560 f i matching_service.obj
 0001:0000867c       __imp_load_node_module_register 000000018000967c f   node:node.exe
 0001:00008688       __tailMerge_node_exe       0000000180009688 f i node:node.exe
 0001:00008701       __imp_load_?New@Signature@v8@@SA?AV?$Local@VSignature@v8@@@2@PEAVIsolate@2@V?$Local@VFunctionTemplate@v8@@@2@@Z 0000000180009701 f   node:node.exe
 0001:0000870d       __imp_load_?GetCurrentContext@Isolate@v8@@QEAA?AV?$Local@VContext@v8@@@2@XZ 000000018000970d f   node:node.exe
 0001:00008719       __imp_load_?GetCurrent@Isolate@v8@@SAPEAV12@XZ 0000000180009719 f   node:node.exe
 0001:00008725       __imp_load_?CreateHandle@HandleScope@v8@@KAPEAPEAVObject@internal@2@PEAVIsolate@42@PEAV342@@Z 0000000180009725 f   node:node.exe
 0001:00008731       __imp_load_??1HandleScope@v8@@QEAA@XZ 0000000180009731 f   node:node.exe
 0001:0000873d       __imp_load_??0HandleScope@v8@@QEAA@PEAVIsolate@1@@Z 000000018000973d f   node:node.exe
 0001:00008749       __imp_load_?Set@Template@v8@@QEAAXV?$Local@VName@v8@@@2@V?$Local@VData@v8@@@2@W4PropertyAttribute@2@@Z 0000000180009749 f   node:node.exe
 0001:00008755       __imp_load_?New@Array@v8@@SA?AV?$Local@VArray@v8@@@2@PEAVIsolate@2@H@Z 0000000180009755 f   node:node.exe
 0001:00008761       __imp_load_?Length@Array@v8@@QEBAIXZ 0000000180009761 f   node:node.exe
 0001:0000876d       __imp_load_?SetClassName@FunctionTemplate@v8@@QEAAXV?$Local@VString@v8@@@2@@Z 000000018000976d f   node:node.exe
 0001:00008779       __imp_load_?PrototypeTemplate@FunctionTemplate@v8@@QEAA?AV?$Local@VObjectTemplate@v8@@@2@XZ 0000000180009779 f   node:node.exe
 0001:00008785       __imp_load_?InstanceTemplate@FunctionTemplate@v8@@QEAA?AV?$Local@VObjectTemplate@v8@@@2@XZ 0000000180009785 f   node:node.exe
 0001:00008791       __imp_load_?GetFunction@FunctionTemplate@v8@@QEAA?AV?$Local@VFunction@v8@@@2@XZ 0000000180009791 f   node:node.exe
 0001:0000879d       __imp_load_?New@FunctionTemplate@v8@@SA?AV?$Local@VFunctionTemplate@v8@@@2@PEAVIsolate@2@P6AXAEBV?$FunctionCallbackInfo@VValue@v8@@@2@@ZV?$Local@VValue@v8@@@2@V?$Local@VSignature@v8@@@2@HW4ConstructorBehavior@2@@Z 000000018000979d f   node:node.exe
 0001:000087a9       __imp_load_?ToLocalEmpty@V8@v8@@CAXXZ 00000001800097a9 f   node:node.exe
 0001:000087b5       __imp_load_?ClearWeak@V8@v8@@CAPEAXPEAPEAVObject@internal@2@@Z 00000001800097b5 f   node:node.exe
 0001:000087c1       __imp_load_?MakeWeak@V8@v8@@CAXPEAPEAVObject@internal@2@PEAXP6AXAEBV?$WeakCallbackInfo@X@2@@ZW4WeakCallbackType@2@@Z 00000001800097c1 f   node:node.exe
 0001:000087cd       __imp_load_?DisposeGlobal@V8@v8@@CAXPEAPEAVObject@internal@2@@Z 00000001800097cd f   node:node.exe
 0001:000087d9       __imp_load_?GlobalizeReference@V8@v8@@CAPEAPEAVObject@internal@2@PEAVIsolate@42@PEAPEAV342@@Z 00000001800097d9 f   node:node.exe
 0001:000087e5       __imp_load_?NumberValue@Value@v8@@QEBANXZ 00000001800097e5 f   node:node.exe
 0001:000087f1       __imp_load_?IsNumber@Value@v8@@QEBA_NXZ 00000001800097f1 f   node:node.exe
 0001:000087fd       __imp_load_??1Utf8Value@String@v8@@QEAA@XZ 00000001800097fd f   node:node.exe
 0001:00008809       __imp_load_??0Utf8Value@String@v8@@QEAA@V?$Local@VValue@v8@@@2@@Z 0000000180009809 f   node:node.exe
 0001:00008815       __imp_load_?NewFromUtf8@String@v8@@SA?AV?$Local@VString@v8@@@2@PEAVIsolate@2@PEBDW4NewStringType@12@H@Z 0000000180009815 f   node:node.exe
 0001:00008821       __imp_load_?GetIsolate@Object@v8@@QEAAPEAVIsolate@2@XZ 0000000180009821 f   node:node.exe
 0001:0000882d       __imp_load_?SetAlignedPointerInInternalField@Object@v8@@QEAAXHPEAX@Z 000000018000982d f   node:node.exe
 0001:00008839       __imp_load_?InternalFieldCount@Object@v8@@QEAAHXZ 0000000180009839 f   node:node.exe
 0001:00008845       __imp_load_?Set@Object@v8@@QEAA_NV?$Local@VValue@v8@@@2@0@Z 0000000180009845 f   node:node.exe
 0001:00008851       __imp_load_?Set@Object@v8@@QEAA_NIV?$Local@VValue@v8@@@2@@Z 0000000180009851 f   node:node.exe
 0001:0000885d       __imp_load_?NewInstance@Function@v8@@QEBA?AV?$MaybeLocal@VObject@v8@@@2@V?$Local@VContext@v8@@@2@HQEAV?$Local@VValue@v8@@@2@@Z 000000018000985d f   node:node.exe
 0001:00008869       __imp_load_?SetInternalFieldCount@ObjectTemplate@v8@@QEAAXH@Z 0000000180009869 f   node:node.exe
 0001:00008875       __imp_load_?ToString@Value@v8@@QEBA?AV?$Local@VString@v8@@@2@XZ 0000000180009875 f   node:node.exe
 0001:00008884       ??0_Init_locks@std@@QEAA@XZ 0000000180009884 f   libcpmt:xlock.obj
 0001:000088d0       ??0_Lockit@std@@QEAA@H@Z   00000001800098d0 f   libcpmt:xlock.obj
 0001:0000890c       ??1_Init_locks@std@@QEAA@XZ 000000018000990c f   libcpmt:xlock.obj
 0001:00008950       ??1_Lockit@std@@QEAA@XZ    0000000180009950 f   libcpmt:xlock.obj
 0001:00008984       ??$use_facet@V?$codecvt@DDU_Mbstatet@@@std@@@std@@YAAEBV?$codecvt@DDU_Mbstatet@@@0@AEBVlocale@0@@Z 0000000180009984 f i libcpmt:cout.obj
 0001:00008abc       ??0?$basic_ostream@DU?$char_traits@D@std@@@std@@QEAA@PEAV?$basic_streambuf@DU?$char_traits@D@std@@@1@_N@Z 0000000180009abc f i libcpmt:cout.obj
 0001:00008b84       ??0?$basic_streambuf@DU?$char_traits@D@std@@@std@@IEAA@XZ 0000000180009b84 f i libcpmt:cout.obj
 0001:00008c34       ??0_Init_cout@std@@QEAA@XZ 0000000180009c34 f i libcpmt:cout.obj
 0001:00008ca0       ??0bad_cast@std@@QEAA@AEBV01@@Z 0000000180009ca0 f i libcpmt:cout.obj
 0001:00008ce0       ??0bad_cast@std@@QEAA@XZ   0000000180009ce0 f i libcpmt:cout.obj
 0001:00008d00       ??0exception@std@@QEAA@AEBV01@@Z 0000000180009d00 f i libcpmt:cout.obj
 0001:00008d38       ??1?$basic_filebuf@DU?$char_traits@D@std@@@std@@UEAA@XZ 0000000180009d38 f i libcpmt:cout.obj
 0001:00008de4       ??1?$basic_ios@DU?$char_traits@D@std@@@std@@UEAA@XZ 0000000180009de4 f i libcpmt:cout.obj
 0001:00008e08       ??_E?$basic_ostream@DU?$char_traits@D@std@@@std@@$4PPPPPPPM@A@EAAPEAXI@Z 0000000180009e08 f i libcpmt:cout.obj
 0001:00008e14       ??_G?$basic_filebuf@DU?$char_traits@D@std@@@std@@UEAAPEAXI@Z 0000000180009e14 f i libcpmt:cout.obj
 0001:00008e14       ??_E?$basic_filebuf@DU?$char_traits@D@std@@@std@@UEAAPEAXI@Z 0000000180009e14 f i libcpmt:cout.obj
 0001:00008e48       ??_G?$basic_ios@DU?$char_traits@D@std@@@std@@UEAAPEAXI@Z 0000000180009e48 f i libcpmt:cout.obj
 0001:00008e48       ??_E?$basic_ios@DU?$char_traits@D@std@@@std@@UEAAPEAXI@Z 0000000180009e48 f i libcpmt:cout.obj
 0001:00008e94       ??_G?$basic_ostream@DU?$char_traits@D@std@@@std@@UEAAPEAXI@Z 0000000180009e94 f i libcpmt:cout.obj
 0001:00008e94       ??_E?$basic_ostream@DU?$char_traits@D@std@@@std@@UEAAPEAXI@Z 0000000180009e94 f i libcpmt:cout.obj
 0001:00008f04       ??_E?$basic_streambuf@DU?$char_traits@D@std@@@std@@UEAAPEAXI@Z 0000000180009f04 f i libcpmt:cout.obj
 0001:00008f04       ??_G?$basic_streambuf@DU?$char_traits@D@std@@@std@@UEAAPEAXI@Z 0000000180009f04 f i libcpmt:cout.obj
 0001:00008f54       ??_Gios_base@std@@UEAAPEAXI@Z 0000000180009f54 f i libcpmt:cout.obj
 0001:00008f54       ??_Eios_base@std@@UEAAPEAXI@Z 0000000180009f54 f i libcpmt:cout.obj
 0001:00008fa0       ??_Glocale@std@@QEAAPEAXI@Z 0000000180009fa0 f i libcpmt:cout.obj
 0001:00009030       ?_Endwrite@?$basic_filebuf@DU?$char_traits@D@std@@@std@@IEAA_NXZ 000000018000a030 f i libcpmt:cout.obj
 0001:000091e4       ?_Getcat@?$codecvt@DDU_Mbstatet@@@std@@SA_KPEAPEBVfacet@locale@2@PEBV42@@Z 000000018000a1e4 f i libcpmt:cout.obj
 0001:000092a8       ?_Init@?$basic_filebuf@DU?$char_traits@D@std@@@std@@IEAAXPEAU_iobuf@@W4_Initfl@12@@Z 000000018000a2a8 f i libcpmt:cout.obj
 0001:00009394       ?_Init@ios_base@std@@IEAAXXZ 000000018000a394 f i libcpmt:cout.obj
 0001:00009414       ?_Initcvt@?$basic_filebuf@DU?$char_traits@D@std@@@std@@IEAAXPEBV?$codecvt@DDU_Mbstatet@@@2@@Z 000000018000a414 f i libcpmt:cout.obj
 0001:000094b4       ?_Lock@?$basic_filebuf@DU?$char_traits@D@std@@@std@@UEAAXXZ 000000018000a4b4 f i libcpmt:cout.obj
 0001:000094d0       ?_Unlock@?$basic_filebuf@DU?$char_traits@D@std@@@std@@UEAAXXZ 000000018000a4d0 f i libcpmt:cout.obj
 0001:000094ec       ?do_length@?$codecvt@DDU_Mbstatet@@@std@@MEBAHAEAU_Mbstatet@@PEBD1_K@Z 000000018000a4ec f i libcpmt:cout.obj
 0001:00009500       ?do_out@?$codecvt@DDU_Mbstatet@@@std@@MEBAHAEAU_Mbstatet@@PEBD1AEAPEBDPEAD3AEAPEAD@Z 000000018000a500 f i libcpmt:cout.obj
 0001:00009500       ?do_in@?$codecvt@DDU_Mbstatet@@@std@@MEBAHAEAU_Mbstatet@@PEBD1AEAPEBDPEAD3AEAPEAD@Z 000000018000a500 f i libcpmt:cout.obj
 0001:0000951c       ?do_unshift@?$codecvt@DDU_Mbstatet@@@std@@MEBAHAEAU_Mbstatet@@PEAD1AEAPEAD@Z 000000018000a51c f i libcpmt:cout.obj
 0001:00009528       ?imbue@?$basic_filebuf@DU?$char_traits@D@std@@@std@@MEAAXAEBVlocale@2@@Z 000000018000a528 f i libcpmt:cout.obj
 0001:0000954c       ?overflow@?$basic_filebuf@DU?$char_traits@D@std@@@std@@MEAAHH@Z 000000018000a54c f i libcpmt:cout.obj
 0001:000097ac       ?pbackfail@?$basic_filebuf@DU?$char_traits@D@std@@@std@@MEAAHH@Z 000000018000a7ac f i libcpmt:cout.obj
 0001:0000987c       ?overflow@?$basic_streambuf@DU?$char_traits@D@std@@@std@@MEAAHH@Z 000000018000a87c f i libcpmt:cout.obj
 0001:0000987c       ?underflow@?$basic_streambuf@DU?$char_traits@D@std@@@std@@MEAAHXZ 000000018000a87c f i libcpmt:cout.obj
 0001:0000987c       ?pbackfail@?$basic_streambuf@DU?$char_traits@D@std@@@std@@MEAAHH@Z 000000018000a87c f i libcpmt:cout.obj
 0001:00009880       ?seekoff@?$basic_filebuf@DU?$char_traits@D@std@@@std@@MEAA?AV?$fpos@U_Mbstatet@@@2@_JHH@Z 000000018000a880 f i libcpmt:cout.obj
 0001:0000996c       ?seekpos@?$basic_streambuf@DU?$char_traits@D@std@@@std@@MEAA?AV?$fpos@U_Mbstatet@@@2@V32@H@Z 000000018000a96c f i libcpmt:cout.obj
 0001:0000996c       ?seekoff@?$basic_streambuf@DU?$char_traits@D@std@@@std@@MEAA?AV?$fpos@U_Mbstatet@@@2@_JHH@Z 000000018000a96c f i libcpmt:cout.obj
 0001:00009988       ?seekpos@?$basic_filebuf@DU?$char_traits@D@std@@@std@@MEAA?AV?$fpos@U_Mbstatet@@@2@V32@H@Z 000000018000a988 f i libcpmt:cout.obj
 0001:00009a88       ?setbuf@?$basic_filebuf@DU?$char_traits@D@std@@@std@@MEAAPEAV?$basic_streambuf@DU?$char_traits@D@std@@@2@PEAD_J@Z 000000018000aa88 f i libcpmt:cout.obj
 0001:00009adc       ?setbuf@?$basic_streambuf@DU?$char_traits@D@std@@@std@@MEAAPEAV12@PEAD_J@Z 000000018000aadc f i libcpmt:cout.obj
 0001:00009ae0       ?sync@?$basic_filebuf@DU?$char_traits@D@std@@@std@@MEAAHXZ 000000018000aae0 f i libcpmt:cout.obj
 0001:00009b40       ?uflow@?$basic_filebuf@DU?$char_traits@D@std@@@std@@MEAAHXZ 000000018000ab40 f i libcpmt:cout.obj
 0001:00009dd8       ?uflow@?$basic_streambuf@DU?$char_traits@D@std@@@std@@MEAAHXZ 000000018000add8 f i libcpmt:cout.obj
 0001:00009e24       ?underflow@?$basic_filebuf@DU?$char_traits@D@std@@@std@@MEAAHXZ 000000018000ae24 f i libcpmt:cout.obj
 0001:00009e9c       ?what@exception@std@@UEBAPEBDXZ 000000018000ae9c f i libcpmt:cout.obj
 0001:00009eb0       ?xsgetn@?$basic_streambuf@DU?$char_traits@D@std@@@std@@MEAA_JPEAD_J@Z 000000018000aeb0 f i libcpmt:cout.obj
 0001:00009f70       ?xsputn@?$basic_streambuf@DU?$char_traits@D@std@@@std@@MEAA_JPEBD_J@Z 000000018000af70 f i libcpmt:cout.obj
 0001:0000a034       ??4?$_Yarn@D@std@@QEAAAEAV01@PEBD@Z 000000018000b034 f i libcpmt:locale0.obj
 0001:0000a0ac       ??_G_Fac_node@std@@QEAAPEAXI@Z 000000018000b0ac f i libcpmt:locale0.obj
 0001:0000a138       ??_E_Locimp@locale@std@@MEAAPEAXI@Z 000000018000b138 f i libcpmt:locale0.obj
 0001:0000a138       ??_G_Locimp@locale@std@@MEAAPEAXI@Z 000000018000b138 f i libcpmt:locale0.obj
 0001:0000a1a4       ?_Facet_Register@std@@YAXPEAV_Facet_base@1@@Z 000000018000b1a4 f   libcpmt:locale0.obj
 0001:0000a1dc       ?_Getgloballocale@locale@std@@CAPEAV_Locimp@12@XZ 000000018000b1dc f   libcpmt:locale0.obj
 0001:0000a1e4       ?_Init@locale@std@@CAPEAV_Locimp@12@_N@Z 000000018000b1e4 f   libcpmt:locale0.obj
 0001:0000a2a0       ?_Locimp_dtor@_Locimp@locale@std@@CAXPEAV123@@Z 000000018000b2a0 f   libcpmt:locale0.obj
 0001:0000a348       ?_Locinfo_ctor@_Locinfo@std@@SAXPEAV12@PEBD@Z 000000018000b348 f   libcpmt:locale0.obj
 0001:0000a3b4       ?_Locinfo_dtor@_Locinfo@std@@SAXPEAV12@@Z 000000018000b3b4 f   libcpmt:locale0.obj
 0001:0000a3d8       ?_New_Locimp@_Locimp@locale@std@@CAPEAV123@_N@Z 000000018000b3d8 f   libcpmt:locale0.obj
 0001:0000a448       ?_Setgloballocale@locale@std@@CAXPEAX@Z 000000018000b448 f   libcpmt:locale0.obj
 0001:0000a47c       _Deletegloballocale        000000018000b47c f   libcpmt:locale0.obj
 0001:0000a504       ??0bad_alloc@std@@QEAA@AEBV01@@Z 000000018000b504 f i libcpmt:xthrow.obj
 0001:0000a544       ??0bad_alloc@std@@QEAA@XZ  000000018000b544 f i libcpmt:xthrow.obj
 0001:0000a564       ??0length_error@std@@QEAA@AEBV01@@Z 000000018000b564 f i libcpmt:xthrow.obj
 0001:0000a5a4       ??0length_error@std@@QEAA@PEBD@Z 000000018000b5a4 f i libcpmt:xthrow.obj
 0001:0000a5f0       ??0logic_error@std@@QEAA@AEBV01@@Z 000000018000b5f0 f i libcpmt:xthrow.obj
 0001:0000a630       ??0out_of_range@std@@QEAA@AEBV01@@Z 000000018000b630 f i libcpmt:xthrow.obj
 0001:0000a670       ??0out_of_range@std@@QEAA@PEBD@Z 000000018000b670 f i libcpmt:xthrow.obj
 0001:0000a6bc       ?_Xlength_error@std@@YAXPEBD@Z 000000018000b6bc f   libcpmt:xthrow.obj
 0001:0000a6e0       ?_Xout_of_range@std@@YAXPEBD@Z 000000018000b6e0 f   libcpmt:xthrow.obj
 0001:0000a704       ?_Syserror_map@std@@YAPEBDH@Z 000000018000b704 f   libcpmt:syserror.obj
 0001:0000a72c       _Getctype                  000000018000b72c f   libcpmt:_tolower.obj
 0001:0000a7ec       _Tolower                   000000018000b7ec f   libcpmt:_tolower.obj
 0001:0000a914       _Getcvt                    000000018000b914 f   libcpmt:xwctomb.obj
 0001:0000a9a4       _Toupper                   000000018000b9a4 f   libcpmt:_toupper.obj
 0001:0000aadc       _Mtxdst                    000000018000badc f   libcpmt:xmtx.obj
 0001:0000aae4       _Mtxinit                   000000018000bae4 f   libcpmt:xmtx.obj
 0001:0000aaf4       _Mtxlock                   000000018000baf4 f   libcpmt:xmtx.obj
 0001:0000aafc       _Mtxunlock                 000000018000bafc f   libcpmt:xmtx.obj
 0001:0000ab04       ?_Addstd@ios_base@std@@SAXPEAV12@@Z 000000018000bb04 f   libcpmt:ios.obj
 0001:0000ab74       ?_Ios_base_dtor@ios_base@std@@CAXPEAV12@@Z 000000018000bb74 f   libcpmt:ios.obj
 0001:0000abb8       ?_Tidy@ios_base@std@@AEAAXXZ 000000018000bbb8 f i libcpmt:ios.obj
 0001:0000ac48       ?_Atexit@@YAXP6AXXZ@Z      000000018000bc48 f   libcpmt:iosptrs.obj
 0001:0000ac88       __crtLCMapStringA          000000018000bc88 f   libcpmt:StlLCMapStringA.obj
 0001:0000b444       __crtInitializeCriticalSectionEx 000000018000c444 f   libcpmt:winapisupp.obj
 0001:0000b4a4       GetTableIndexFromLocaleName 000000018000c4a4 f   libcpmt:winapinls.obj
 0001:0000b530       __crtDownlevelLocaleNameToLCID 000000018000c530 f   libcpmt:winapinls.obj
 0001:0000b564       __crtLCMapStringEx         000000018000c564 f   libcpmt:winapinls.obj
 0001:0000b620       __wcsnicmp_ascii           000000018000c620 f   libcpmt:winapinls.obj
 0001:0000b690       __security_check_cookie    000000018000c690 f   LIBCMT:_amdsecgs_.obj
 0001:0000b7fc       _Init_thread_footer        000000018000c7fc f   LIBCMT:thread_safe_statics.obj
 0001:0000b85c       _Init_thread_header        000000018000c85c f   LIBCMT:thread_safe_statics.obj
 0001:0000b8c4       _Init_thread_notify        000000018000c8c4 f   LIBCMT:thread_safe_statics.obj
 0001:0000b920       _Init_thread_wait          000000018000c920 f   LIBCMT:thread_safe_statics.obj
 0001:0000b9b8       ??2@YAPEAX_K@Z             000000018000c9b8 f   LIBCMT:new_scalar.obj
 0001:0000b9f4       __scrt_acquire_startup_lock 000000018000c9f4 f   LIBCMT:utility.obj
 0001:0000ba30       __scrt_dllmain_after_initialize_c 000000018000ca30 f   LIBCMT:utility.obj
 0001:0000ba64       __scrt_dllmain_before_initialize_c 000000018000ca64 f   LIBCMT:utility.obj
 0001:0000ba7c       __scrt_dllmain_crt_thread_attach 000000018000ca7c f   LIBCMT:utility.obj
 0001:0000baa4       __scrt_dllmain_crt_thread_detach 000000018000caa4 f   LIBCMT:utility.obj
 0001:0000babc       __scrt_dllmain_exception_filter 000000018000cabc f   LIBCMT:utility.obj
 0001:0000bb20       __scrt_dllmain_uninitialize_c 000000018000cb20 f   LIBCMT:utility.obj
 0001:0000bb50       __scrt_dllmain_uninitialize_critical 000000018000cb50 f   LIBCMT:utility.obj
 0001:0000bb64       __scrt_initialize_crt      000000018000cb64 f   LIBCMT:utility.obj
 0001:0000bbb0       __scrt_initialize_onexit_tables 000000018000cbb0 f   LIBCMT:utility.obj
 0001:0000bc7c       __scrt_is_nonwritable_in_current_image 000000018000cc7c f   LIBCMT:utility.obj
 0001:0000bd18       __scrt_release_startup_lock 000000018000cd18 f   LIBCMT:utility.obj
 0001:0000bd3c       __scrt_uninitialize_crt    000000018000cd3c f   LIBCMT:utility.obj
 0001:0000bd68       _onexit                    000000018000cd68 f   LIBCMT:utility.obj
 0001:0000bdb8       atexit                     000000018000cdb8 f   LIBCMT:utility.obj
 0001:0000bdd0       ??3@YAXPEAX@Z              000000018000cdd0 f   LIBCMT:delete_scalar.obj
 0001:0000bdd8       ??3@YAXPEAX_K@Z            000000018000cdd8 f   LIBCMT:delete_scalar_size.obj
 0001:0000bdd8       ??_V@YAXPEAX@Z             000000018000cdd8 f   LIBCMT:delete_array.obj
 0001:0000c12c       _DllMainCRTStartup         000000018000d12c f   LIBCMT:dll_dllmain.obj
 0001:0000c16c       __GSHandlerCheck           000000018000d16c f   LIBCMT:_gshandler_.obj
 0001:0000c18c       __GSHandlerCheckCommon     000000018000d18c f   LIBCMT:_gshandler_.obj
 0001:0000c1e8       __GSHandlerCheck_EH        000000018000d1e8 f   LIBCMT:gshandlereh.obj
 0001:0000c268       _guard_check_icall         000000018000d268 f i LIBCMT:checkcfg.obj
 0001:0000c270       ??_Gtype_info@@UEAAPEAXI@Z 000000018000d270 f i LIBCMT:std_type_info_static.obj
 0001:0000c270       ??_Etype_info@@UEAAPEAXI@Z 000000018000d270 f i LIBCMT:std_type_info_static.obj
 0001:0000c2b0       _alloca_probe              000000018000d2b0 f   LIBCMT:_chkstk_.obj
 0001:0000c2b0       __chkstk                   000000018000d2b0 f   LIBCMT:_chkstk_.obj
 0001:0000c304       __raise_securityfailure    000000018000d304 f   LIBCMT:gs_report.obj
 0001:0000c338       __report_gsfailure         000000018000d338 f   LIBCMT:gs_report.obj
 0001:0000c40c       __report_rangecheckfailure 000000018000d40c f   LIBCMT:gs_report.obj
 0001:0000c420       __report_securityfailure   000000018000d420 f   LIBCMT:gs_report.obj
 0001:0000c5a0       __crt_debugger_hook        000000018000d5a0 f   LIBCMT:utility_desktop.obj
 0001:0000c5a8       __scrt_fastfail            000000018000d5a8 f   LIBCMT:utility_desktop.obj
 0001:0000c6f0       ??0bad_array_new_length@std@@QEAA@AEBV01@@Z 000000018000d6f0 f i LIBCMT:throw_bad_alloc.obj
 0001:0000c730       ??0bad_array_new_length@std@@QEAA@XZ 000000018000d730 f i LIBCMT:throw_bad_alloc.obj
 0001:0000c750       ??_Elogic_error@std@@UEAAPEAXI@Z 000000018000d750 f i libcpmt:xthrow.obj
 0001:0000c750       ??_Eout_of_range@std@@UEAAPEAXI@Z 000000018000d750 f i libcpmt:xthrow.obj
 0001:0000c750       ??_Gbad_cast@std@@UEAAPEAXI@Z 000000018000d750 f i libcpmt:cout.obj
 0001:0000c750       ??_Glogic_error@std@@UEAAPEAXI@Z 000000018000d750 f i libcpmt:xthrow.obj
 0001:0000c750       ??_Eexception@std@@UEAAPEAXI@Z 000000018000d750 f i libcpmt:cout.obj
 0001:0000c750       ??_Ebad_alloc@std@@UEAAPEAXI@Z 000000018000d750 f i libcpmt:xthrow.obj
 0001:0000c750       ??_Elength_error@std@@UEAAPEAXI@Z 000000018000d750 f i libcpmt:xthrow.obj
 0001:0000c750       ??_Ebad_array_new_length@std@@UEAAPEAXI@Z 000000018000d750 f i LIBCMT:throw_bad_alloc.obj
 0001:0000c750       ??_Ebad_cast@std@@UEAAPEAXI@Z 000000018000d750 f i libcpmt:cout.obj
 0001:0000c750       ??_Gout_of_range@std@@UEAAPEAXI@Z 000000018000d750 f i libcpmt:xthrow.obj
 0001:0000c750       ??_Gbad_array_new_length@std@@UEAAPEAXI@Z 000000018000d750 f i LIBCMT:throw_bad_alloc.obj
 0001:0000c750       ??_Gbad_alloc@std@@UEAAPEAXI@Z 000000018000d750 f i libcpmt:xthrow.obj
 0001:0000c750       ??_Glength_error@std@@UEAAPEAXI@Z 000000018000d750 f i libcpmt:xthrow.obj
 0001:0000c750       ??_Ebad_exception@std@@UEAAPEAXI@Z 000000018000d750 f i libvcruntime:frame.obj
 0001:0000c750       ??_Gbad_exception@std@@UEAAPEAXI@Z 000000018000d750 f i libvcruntime:frame.obj
 0001:0000c750       ??_Gexception@std@@UEAAPEAXI@Z 000000018000d750 f i libcpmt:cout.obj
 0001:0000c794       ?_Xbad_alloc@std@@YAXXZ    000000018000d794 f   libcpmt:xthrow.obj
 0001:0000c794       ?__scrt_throw_std_bad_alloc@@YAXXZ 000000018000d794 f   LIBCMT:throw_bad_alloc.obj
 0001:0000c7b4       ?__scrt_throw_std_bad_array_new_length@@YAXXZ 000000018000d7b4 f   LIBCMT:throw_bad_alloc.obj
 0001:0000c7d4       __isa_available_init       000000018000d7d4 f   LIBCMT:_cpu_disp_.obj
 0001:0000c99c       __scrt_is_ucrt_dll_in_use  000000018000d99c f   LIBCMT:ucrt_detection.obj
 0001:0000c9a8       __security_init_cookie     000000018000d9a8 f   LIBCMT:gs_support.obj
 0001:0000ca54       ?do_encoding@codecvt_base@std@@MEBAHXZ 000000018000da54 f   libcpmt:cout.obj
 0001:0000ca54       DllMain                    000000018000da54 f   LIBCMT:dll_dllmain_stub.obj
 0001:0000ca54       _get_startup_argv_mode     000000018000da54 f   LIBCMT:argv_mode.obj
 0001:0000ca54       ?do_max_length@codecvt_base@std@@MEBAHXZ 000000018000da54 f   libcpmt:cout.obj
 0001:0000ca5c       ?__scrt_initialize_type_info@@YAXXZ 000000018000da5c f   LIBCMT:tncleanup.obj
 0001:0000ca6c       ?__scrt_uninitialize_type_info@@YAXXZ 000000018000da6c f   LIBCMT:tncleanup.obj
 0001:0000ca78       __local_stdio_scanf_options 000000018000da78 f i LIBCMT:default_local_stdio_options.obj
 0001:0000ca80       __scrt_initialize_default_local_stdio_options 000000018000da80 f   LIBCMT:default_local_stdio_options.obj
 0001:0000ca9c       __scrt_get_dyn_tls_init_callback 000000018000da9c f   LIBCMT:dyn_tls_init.obj
 0001:0000caa4       _RTC_Initialize            000000018000daa4 f   LIBCMT:_initsect_.obj
 0001:0000caf0       _RTC_Terminate             000000018000daf0 f   LIBCMT:_initsect_.obj
 0001:0000cb50       memmove                    000000018000db50 f   libvcruntime:memcpy.obj
 0001:0000cb50       memcpy                     000000018000db50 f   libvcruntime:memcpy.obj
 0001:0000cf88       _purecall                  000000018000df88 f   libvcruntime:purevirt.obj
 0001:0000cfc4       __DestructExceptionObject  000000018000dfc4 f   libvcruntime:frame.obj
 0001:0000d04c       ??0bad_exception@std@@QEAA@AEBV01@@Z 000000018000e04c f i libvcruntime:frame.obj
 0001:0000d08c       ??0bad_exception@std@@QEAA@XZ 000000018000e08c f i libvcruntime:frame.obj
 0001:0000d0ac       ??1bad_exception@std@@UEAA@XZ 000000018000e0ac f i libvcruntime:frame.obj
 0001:0000d0ac       ??1out_of_range@std@@UEAA@XZ 000000018000e0ac f i libcpmt:xthrow.obj
 0001:0000d0ac       ??1length_error@std@@UEAA@XZ 000000018000e0ac f i libcpmt:xthrow.obj
 0001:0000d0ac       ??1bad_array_new_length@std@@UEAA@XZ 000000018000e0ac f i LIBCMT:throw_bad_alloc.obj
 0001:0000d0ac       ??1bad_cast@std@@UEAA@XZ   000000018000e0ac f i libcpmt:cout.obj
 0001:0000d0ac       ??1bad_alloc@std@@UEAA@XZ  000000018000e0ac f i libcpmt:xthrow.obj
 0001:0000da1c       ?_CallMemberFunction0@@YAXPEAXP6AX0@Z@Z 000000018000ea1c f i libvcruntime:frame.obj
 0001:0000da20       ?_CallMemberFunction1@@YAXPEAXP6AX0@Z0@Z 000000018000ea20 f i libvcruntime:frame.obj
 0001:0000da2c       ?_CallMemberFunction2@@YAXPEAXP6AX0@Z0H@Z 000000018000ea2c f i libvcruntime:frame.obj
 0001:0000da3c       __AdjustPointer            000000018000ea3c f   libvcruntime:frame.obj
 0001:0000da60       __BuildCatchObject         000000018000ea60 f   libvcruntime:frame.obj
 0001:0000db24       __BuildCatchObjectHelper   000000018000eb24 f   libvcruntime:frame.obj
 0001:0000dd04       __CxxCallCatchBlock        000000018000ed04 f   libvcruntime:frame.obj
 0001:0000def0       __FrameUnwindFilter        000000018000eef0 f   libvcruntime:frame.obj
 0001:0000df3c       __FrameUnwindToState       000000018000ef3c f   libvcruntime:frame.obj
 0001:0000e0d0       __InternalCxxFrameHandler  000000018000f0d0 f   libvcruntime:frame.obj
 0001:0000e328       __TypeMatch                000000018000f328 f   libvcruntime:frame.obj
 0001:0000e468       __std_terminate            000000018000f468 f   libvcruntime:frame.obj
 0001:0000e474       __std_exception_copy       000000018000f474 f   libvcruntime:std_exception.obj
 0001:0000e504       __std_exception_destroy    000000018000f504 f   libvcruntime:std_exception.obj
 0001:0000e52c       _CxxThrowException         000000018000f52c f   libvcruntime:throw.obj
 0001:0000e604       ?_ExecutionInCatch@@YAHPEAU_xDISPATCHER_CONTEXT@@PEBU_s_FuncInfo@@@Z 000000018000f604 f   libvcruntime:trnsctrl.obj
 0001:0000e678       ?_GetEstablisherFrame@@YAPEA_KPEA_KPEAU_xDISPATCHER_CONTEXT@@PEBU_s_FuncInfo@@0@Z 000000018000f678 f   libvcruntime:trnsctrl.obj
 0001:0000e744       ?_GetRangeOfTrysToCheck@@YAPEBU_s_TryBlockMapEntry@@PEA_KPEBU_s_FuncInfo@@HHPEAI2PEAU_xDISPATCHER_CONTEXT@@@Z 000000018000f744 f   libvcruntime:trnsctrl.obj
 0001:0000e870       ?__FrameUnwindToEmptyState@@YAXPEA_KPEAU_xDISPATCHER_CONTEXT@@PEBU_s_FuncInfo@@@Z 000000018000f870 f   libvcruntime:trnsctrl.obj
 0001:0000e904       ?__SehTransFilter@@YAHPEAU_EXCEPTION_POINTERS@@PEAUEHExceptionRecord@@PEA_KPEAU_CONTEXT@@PEAU_xDISPATCHER_CONTEXT@@PEBU_s_FuncInfo@@PEAH@Z 000000018000f904 f   libvcruntime:trnsctrl.obj
 0001:0000e99c       _CallSETranslator          000000018000f99c f   libvcruntime:trnsctrl.obj
 0001:0000e9f4       _CreateFrameInfo           000000018000f9f4 f   libvcruntime:trnsctrl.obj
 0001:0000ea30       _FindAndUnlinkFrame        000000018000fa30 f   libvcruntime:trnsctrl.obj
 0001:0000ea88       _GetImageBase              000000018000fa88 f   libvcruntime:trnsctrl.obj
 0001:0000ea9c       _GetThrowImageBase         000000018000fa9c f   libvcruntime:trnsctrl.obj
 0001:0000eab0       _IsExceptionObjectToBeDestroyed 000000018000fab0 f   libvcruntime:trnsctrl.obj
 0001:0000eae0       _SetImageBase              000000018000fae0 f   libvcruntime:trnsctrl.obj
 0001:0000eaf8       _SetThrowImageBase         000000018000faf8 f   libvcruntime:trnsctrl.obj
 0001:0000eb10       _UnwindNestedFrames        000000018000fb10 f   libvcruntime:trnsctrl.obj
 0001:0000ec34       __CxxFrameHandler3         000000018000fc34 f   libvcruntime:trnsctrl.obj
 0001:0000ecd0       memset                     000000018000fcd0 f   libvcruntime:memset.obj
 0001:0000ee80       memcmp                     000000018000fe80 f   libvcruntime:memcmp.obj
 0001:0000f110       __vcrt_FlsAlloc            0000000180010110 f   libvcruntime:winapi_downlevel.obj
 0001:0000f164       __vcrt_FlsFree             0000000180010164 f   libvcruntime:winapi_downlevel.obj
 0001:0000f1b8       __vcrt_FlsGetValue         00000001800101b8 f   libvcruntime:winapi_downlevel.obj
 0001:0000f20c       __vcrt_FlsSetValue         000000018001020c f   libvcruntime:winapi_downlevel.obj
 0001:0000f274       __vcrt_InitializeCriticalSectionEx 0000000180010274 f   libvcruntime:winapi_downlevel.obj
 0001:0000f2ec       __vcrt_initialize_winapi_thunks 00000001800102ec f   libvcruntime:winapi_downlevel.obj
 0001:0000f338       __vcrt_uninitialize_winapi_thunks 0000000180010338 f   libvcruntime:winapi_downlevel.obj
 0001:0000f378       __vcrt_initialize          0000000180010378 f   libvcruntime:initialization.obj
 0001:0000f3ac       __vcrt_thread_attach       00000001800103ac f   libvcruntime:initialization.obj
 0001:0000f3c0       __vcrt_thread_detach       00000001800103c0 f   libvcruntime:initialization.obj
 0001:0000f3d4       __vcrt_uninitialize        00000001800103d4 f   libvcruntime:initialization.obj
 0001:0000f3f4       __vcrt_uninitialize_critical 00000001800103f4 f   libvcruntime:initialization.obj
 0001:0000f404       __C_specific_handler       0000000180010404 f   libvcruntime:_chandler_.obj
 0001:0000f600       __std_type_info_compare    0000000180010600 f   libvcruntime:std_type_info.obj
 0001:0000f628       __std_type_info_destroy_list 0000000180010628 f   libvcruntime:std_type_info.obj
 0001:0000f654       __vcrt_initialize_pure_virtual_call_handler 0000000180010654 f   libvcruntime:purevirt_data.obj
 0001:0000f678       __vcrt_freefls             0000000180010678 f   libvcruntime:per_thread_data.obj
 0001:0000f698       __vcrt_freeptd             0000000180010698 f   libvcruntime:per_thread_data.obj
 0001:0000f6e8       __vcrt_getptd              00000001800106e8 f   libvcruntime:per_thread_data.obj
 0001:0000f704       __vcrt_getptd_noexit       0000000180010704 f   libvcruntime:per_thread_data.obj
 0001:0000f7bc       __vcrt_initialize_ptd      00000001800107bc f   libvcruntime:per_thread_data.obj
 0001:0000f7fc       __vcrt_uninitialize_ptd    00000001800107fc f   libvcruntime:per_thread_data.obj
 0001:0000f820       ?__GetCurrentState@@YAHPEA_KPEAU_xDISPATCHER_CONTEXT@@PEBU_s_FuncInfo@@@Z 0000000180010820 f   libvcruntime:ehstate.obj
 0001:0000f848       ?__GetUnwindTryBlock@@YAHPEA_KPEAU_xDISPATCHER_CONTEXT@@PEBU_s_FuncInfo@@@Z 0000000180010848 f   libvcruntime:ehstate.obj
 0001:0000f874       ?__SetState@@YAXPEA_KPEAU_xDISPATCHER_CONTEXT@@PEBU_s_FuncInfo@@H@Z 0000000180010874 f   libvcruntime:ehstate.obj
 0001:0000f880       ?__SetUnwindTryBlock@@YAXPEA_KPEAU_xDISPATCHER_CONTEXT@@PEBU_s_FuncInfo@@H@Z 0000000180010880 f   libvcruntime:ehstate.obj
 0001:0000f8bc       ?__StateFromControlPc@@YAHPEBU_s_FuncInfo@@PEAU_xDISPATCHER_CONTEXT@@@Z 00000001800108bc f   libvcruntime:ehstate.obj
 0001:0000f8c4       ?__StateFromIp@@YAHPEBU_s_FuncInfo@@PEAU_xDISPATCHER_CONTEXT@@_J@Z 00000001800108c4 f   libvcruntime:ehstate.obj
 0001:0000f940       _CallSettingFrame          0000000180010940 f   libvcruntime:handlers.obj
 0001:0000f990       _local_unwind              0000000180010990 f   libvcruntime:_jmpuwind_.obj
 0001:0000f9c0       _NLG_Notify                00000001800109c0 f   libvcruntime:_jmpuwind_.obj
 0001:0000f9e0       __NLG_Dispatch2            00000001800109e0 f   libvcruntime:_jmpuwind_.obj
 0001:0000f9f0       __NLG_Return2              00000001800109f0 f   libvcruntime:_jmpuwind_.obj
 0001:0000f9f4       __vcrt_initialize_locks    00000001800109f4 f   libvcruntime:locks.obj
 0001:0000fa3c       __vcrt_uninitialize_locks  0000000180010a3c f   libvcruntime:locks.obj
 0001:0000fa74       abort                      0000000180010a74 f   libucrt:abort.obj
 0001:0000facc       calloc                     0000000180010acc f   libucrt:calloc.obj
 0001:0000fad4       __acrt_call_reportfault    0000000180010ad4 f   libucrt:invalid_parameter.obj
 0001:0000fc30       __acrt_initialize_invalid_parameter_handler 0000000180010c30 f   libucrt:invalid_parameter.obj
 0001:0000fc38       _invalid_parameter         0000000180010c38 f   libucrt:invalid_parameter.obj
 0001:0000fce0       _invalid_parameter_noinfo  0000000180010ce0 f   libucrt:invalid_parameter.obj
 0001:0000fd00       _invalid_parameter_noinfo_noreturn 0000000180010d00 f   libucrt:invalid_parameter.obj
 0001:0000fd30       _invoke_watson             0000000180010d30 f   libucrt:invalid_parameter.obj
 0001:0000fd78       strcspn                    0000000180010d78 f   libucrt:strcspn.obj
 0001:0000fe18       ??$?RV<lambda_7b91131dde12e1c3dfc74ff76b3f2eac>@@AEAV<lambda_dd75445284c072d0bd3768540cc698fa>@@V<lambda_16bc4ecb55b4718497c16bceaea2ceaf>@@@?$__crt_seh_guarded_call@H@@QEAAH$$QEAV<lambda_7b91131dde12e1c3dfc74ff76b3f2eac>@@AEAV<lambda_dd75445284c072d0bd3768540cc698fa>@@$$QEAV<lambda_16bc4ecb55b4718497c16bceaea2ceaf>@@@Z 0000000180010e18 f i libucrt:output.obj
 0001:00010000       ??$ensure_buffer_is_big_enough@D@formatting_buffer@__crt_stdio_output@@QEAA_N_K@Z 0000000180011000 f i libucrt:output.obj
 0001:000100ac       ??$is_wide_character_specifier@D@__crt_stdio_output@@YA_N_KDW4length_modifier@0@@Z 00000001800110ac f i libucrt:output.obj
 0001:000100dc       ??$is_wide_character_specifier@_W@__crt_stdio_output@@YA_N_K_WW4length_modifier@0@@Z 00000001800110dc f i libucrt:output.obj
 0001:00010120       ??$type_case_integer_parse_into_buffer@I@?$output_processor@DV?$string_output_adapter@D@__crt_stdio_output@@V?$format_validation_base@DV?$string_output_adapter@D@__crt_stdio_output@@@2@@__crt_stdio_output@@AEAAXII_N@Z 0000000180011120 f i libucrt:output.obj
 0001:00010120       ??$type_case_integer_parse_into_buffer@I@?$output_processor@_WV?$string_output_adapter@_W@__crt_stdio_output@@V?$standard_base@_WV?$string_output_adapter@_W@__crt_stdio_output@@@2@@__crt_stdio_output@@AEAAXII_N@Z 0000000180011120 f i libucrt:output.obj
 0001:00010120       ??$type_case_integer_parse_into_buffer@I@?$output_processor@_WV?$stream_output_adapter@_W@__crt_stdio_output@@V?$standard_base@_WV?$stream_output_adapter@_W@__crt_stdio_output@@@2@@__crt_stdio_output@@AEAAXII_N@Z 0000000180011120 f i libucrt:output.obj
 0001:000101bc       ??$type_case_integer_parse_into_buffer@_K@?$output_processor@DV?$string_output_adapter@D@__crt_stdio_output@@V?$format_validation_base@DV?$string_output_adapter@D@__crt_stdio_output@@@2@@__crt_stdio_output@@AEAAX_KI_N@Z 00000001800111bc f i libucrt:output.obj
 0001:000101bc       ??$type_case_integer_parse_into_buffer@_K@?$output_processor@_WV?$string_output_adapter@_W@__crt_stdio_output@@V?$standard_base@_WV?$string_output_adapter@_W@__crt_stdio_output@@@2@@__crt_stdio_output@@AEAAX_KI_N@Z 00000001800111bc f i libucrt:output.obj
 0001:000101bc       ??$type_case_integer_parse_into_buffer@_K@?$output_processor@_WV?$stream_output_adapter@_W@__crt_stdio_output@@V?$standard_base@_WV?$stream_output_adapter@_W@__crt_stdio_output@@@2@@__crt_stdio_output@@AEAAX_KI_N@Z 00000001800111bc f i libucrt:output.obj
 0001:00010258       ??$write_multiple_characters@V?$stream_output_adapter@_W@__crt_stdio_output@@D@__crt_stdio_output@@YAXAEBV?$stream_output_adapter@_W@0@DHQEAH@Z 0000000180011258 f i libucrt:output.obj
 0001:000102e8       ??$write_multiple_characters@V?$string_output_adapter@D@__crt_stdio_output@@D@__crt_stdio_output@@YAXAEBV?$string_output_adapter@D@0@DHQEAH@Z 00000001800112e8 f i libucrt:output.obj
 0001:00010344       ??$write_multiple_characters@V?$string_output_adapter@_W@__crt_stdio_output@@D@__crt_stdio_output@@YAXAEBV?$string_output_adapter@_W@0@DHQEAH@Z 0000000180011344 f i libucrt:output.obj
 0001:000103b4       ??0?$output_processor@DV?$string_output_adapter@D@__crt_stdio_output@@V?$format_validation_base@DV?$string_output_adapter@D@__crt_stdio_output@@@2@@__crt_stdio_output@@QEAA@AEBV?$string_output_adapter@D@1@_KQEBDQEAU__crt_locale_pointers@@QEAD@Z 00000001800113b4 f i libucrt:output.obj
 0001:00010430       ??0?$output_processor@_WV?$string_output_adapter@_W@__crt_stdio_output@@V?$standard_base@_WV?$string_output_adapter@_W@__crt_stdio_output@@@2@@__crt_stdio_output@@QEAA@AEBV?$string_output_adapter@_W@1@_KQEB_WQEAU__crt_locale_pointers@@QEAD@Z 0000000180011430 f i libucrt:output.obj
 0001:00010430       ??0?$output_processor@_WV?$stream_output_adapter@_W@__crt_stdio_output@@V?$standard_base@_WV?$stream_output_adapter@_W@__crt_stdio_output@@@2@@__crt_stdio_output@@QEAA@AEBV?$stream_output_adapter@_W@1@_KQEB_WQEAU__crt_locale_pointers@@QEAD@Z 0000000180011430 f i libucrt:output.obj
 0001:000104b0       ??0_LocaleUpdate@@QEAA@QEAU__crt_locale_pointers@@@Z 00000001800114b0 f i libucrt:output.obj
 0001:00010630       ?force_decimal_point@__crt_stdio_output@@YAXPEADQEAU__crt_locale_pointers@@@Z 0000000180011630 f i libucrt:output.obj
 0001:000106a0       ?parse_int_from_format_string@?$output_processor@DV?$string_output_adapter@D@__crt_stdio_output@@V?$format_validation_base@DV?$string_output_adapter@D@__crt_stdio_output@@@2@@__crt_stdio_output@@AEAA_NQEAH@Z 00000001800116a0 f i libucrt:output.obj
 0001:00010724       ?parse_int_from_format_string@?$output_processor@_WV?$string_output_adapter@_W@__crt_stdio_output@@V?$standard_base@_WV?$string_output_adapter@_W@__crt_stdio_output@@@2@@__crt_stdio_output@@AEAA_NQEAH@Z 0000000180011724 f i libucrt:output.obj
 0001:00010724       ?parse_int_from_format_string@?$output_processor@_WV?$stream_output_adapter@_W@__crt_stdio_output@@V?$standard_base@_WV?$stream_output_adapter@_W@__crt_stdio_output@@@2@@__crt_stdio_output@@AEAA_NQEAH@Z 0000000180011724 f i libucrt:output.obj
 0001:000107a4       ?process@?$output_processor@DV?$string_output_adapter@D@__crt_stdio_output@@V?$format_validation_base@DV?$string_output_adapter@D@__crt_stdio_output@@@2@@__crt_stdio_output@@QEAAHXZ 00000001800117a4 f i libucrt:output.obj
 0001:000109b8       ?process@?$output_processor@_WV?$stream_output_adapter@_W@__crt_stdio_output@@V?$standard_base@_WV?$stream_output_adapter@_W@__crt_stdio_output@@@2@@__crt_stdio_output@@QEAAHXZ 00000001800119b8 f i libucrt:output.obj
 0001:00010c30       ?process@?$output_processor@_WV?$string_output_adapter@_W@__crt_stdio_output@@V?$standard_base@_WV?$string_output_adapter@_W@__crt_stdio_output@@@2@@__crt_stdio_output@@QEAAHXZ 0000000180011c30 f i libucrt:output.obj
 0001:00010eac       ?state_case_normal@?$output_processor@DV?$string_output_adapter@D@__crt_stdio_output@@V?$format_validation_base@DV?$string_output_adapter@D@__crt_stdio_output@@@2@@__crt_stdio_output@@AEAA_NXZ 0000000180011eac f i libucrt:output.obj
 0001:00010f20       ?state_case_normal_tchar@?$output_processor@DV?$string_output_adapter@D@__crt_stdio_output@@V?$format_validation_base@DV?$string_output_adapter@D@__crt_stdio_output@@@2@@__crt_stdio_output@@AEAA_ND@Z 0000000180011f20 f i libucrt:output.obj
 0001:00010fb8       ?state_case_size@?$output_processor@DV?$string_output_adapter@D@__crt_stdio_output@@V?$format_validation_base@DV?$string_output_adapter@D@__crt_stdio_output@@@2@@__crt_stdio_output@@AEAA_NXZ 0000000180011fb8 f i libucrt:output.obj
 0001:00011134       ?state_case_size@?$output_processor@_WV?$stream_output_adapter@_W@__crt_stdio_output@@V?$standard_base@_WV?$stream_output_adapter@_W@__crt_stdio_output@@@2@@__crt_stdio_output@@AEAA_NXZ 0000000180012134 f i libucrt:output.obj
 0001:000112d8       ?state_case_size@?$output_processor@_WV?$string_output_adapter@_W@__crt_stdio_output@@V?$standard_base@_WV?$string_output_adapter@_W@__crt_stdio_output@@@2@@__crt_stdio_output@@AEAA_NXZ 00000001800122d8 f i libucrt:output.obj
 0001:0001147c       ?state_case_type@?$output_processor@DV?$string_output_adapter@D@__crt_stdio_output@@V?$format_validation_base@DV?$string_output_adapter@D@__crt_stdio_output@@@2@@__crt_stdio_output@@AEAA_NXZ 000000018001247c f i libucrt:output.obj
 0001:000116f8       ?state_case_type@?$output_processor@_WV?$stream_output_adapter@_W@__crt_stdio_output@@V?$standard_base@_WV?$stream_output_adapter@_W@__crt_stdio_output@@@2@@__crt_stdio_output@@AEAA_NXZ 00000001800126f8 f i libucrt:output.obj
 0001:000119c4       ?state_case_type@?$output_processor@_WV?$string_output_adapter@_W@__crt_stdio_output@@V?$standard_base@_WV?$string_output_adapter@_W@__crt_stdio_output@@@2@@__crt_stdio_output@@AEAA_NXZ 00000001800129c4 f i libucrt:output.obj
 0001:00011c90       ?type_case_Z@?$output_processor@DV?$string_output_adapter@D@__crt_stdio_output@@V?$format_validation_base@DV?$string_output_adapter@D@__crt_stdio_output@@@2@@__crt_stdio_output@@AEAA_NXZ 0000000180012c90 f i libucrt:output.obj
 0001:00011d10       ?type_case_Z@?$output_processor@_WV?$string_output_adapter@_W@__crt_stdio_output@@V?$standard_base@_WV?$string_output_adapter@_W@__crt_stdio_output@@@2@@__crt_stdio_output@@AEAA_NXZ 0000000180012d10 f i libucrt:output.obj
 0001:00011d10       ?type_case_Z@?$output_processor@_WV?$stream_output_adapter@_W@__crt_stdio_output@@V?$standard_base@_WV?$stream_output_adapter@_W@__crt_stdio_output@@@2@@__crt_stdio_output@@AEAA_NXZ 0000000180012d10 f i libucrt:output.obj
 0001:00011d90       ?type_case_a@?$output_processor@DV?$string_output_adapter@D@__crt_stdio_output@@V?$format_validation_base@DV?$string_output_adapter@D@__crt_stdio_output@@@2@@__crt_stdio_output@@AEAA_NXZ 0000000180012d90 f i libucrt:output.obj
 0001:00011fac       ?type_case_a@?$output_processor@_WV?$string_output_adapter@_W@__crt_stdio_output@@V?$standard_base@_WV?$string_output_adapter@_W@__crt_stdio_output@@@2@@__crt_stdio_output@@AEAA_NXZ 0000000180012fac f i libucrt:output.obj
 0001:00011fac       ?type_case_a@?$output_processor@_WV?$stream_output_adapter@_W@__crt_stdio_output@@V?$standard_base@_WV?$stream_output_adapter@_W@__crt_stdio_output@@@2@@__crt_stdio_output@@AEAA_NXZ 0000000180012fac f i libucrt:output.obj
 0001:000121f0       ?type_case_c_tchar@?$output_processor@DV?$string_output_adapter@D@__crt_stdio_output@@V?$format_validation_base@DV?$string_output_adapter@D@__crt_stdio_output@@@2@@__crt_stdio_output@@AEAA_ND@Z 00000001800131f0 f i libucrt:output.obj
 0001:000122a4       ?type_case_c_tchar@?$output_processor@_WV?$stream_output_adapter@_W@__crt_stdio_output@@V?$standard_base@_WV?$stream_output_adapter@_W@__crt_stdio_output@@@2@@__crt_stdio_output@@AEAA_N_W@Z 00000001800132a4 f i libucrt:output.obj
 0001:000122a4       ?type_case_c_tchar@?$output_processor@_WV?$string_output_adapter@_W@__crt_stdio_output@@V?$standard_base@_WV?$string_output_adapter@_W@__crt_stdio_output@@@2@@__crt_stdio_output@@AEAA_N_W@Z 00000001800132a4 f i libucrt:output.obj
 0001:0001234c       ?type_case_integer@?$output_processor@_WV?$stream_output_adapter@_W@__crt_stdio_output@@V?$standard_base@_WV?$stream_output_adapter@_W@__crt_stdio_output@@@2@@__crt_stdio_output@@AEAA_NI_N@Z 000000018001334c f i libucrt:output.obj
 0001:0001234c       ?type_case_integer@?$output_processor@DV?$string_output_adapter@D@__crt_stdio_output@@V?$format_validation_base@DV?$string_output_adapter@D@__crt_stdio_output@@@2@@__crt_stdio_output@@AEAA_NI_N@Z 000000018001334c f i libucrt:output.obj
 0001:0001234c       ?type_case_integer@?$output_processor@_WV?$string_output_adapter@_W@__crt_stdio_output@@V?$standard_base@_WV?$string_output_adapter@_W@__crt_stdio_output@@@2@@__crt_stdio_output@@AEAA_NI_N@Z 000000018001334c f i libucrt:output.obj
 0001:000124ec       ?type_case_n@?$output_processor@_WV?$string_output_adapter@_W@__crt_stdio_output@@V?$standard_base@_WV?$string_output_adapter@_W@__crt_stdio_output@@@2@@__crt_stdio_output@@AEAA_NXZ 00000001800134ec f i libucrt:output.obj
 0001:000124ec       ?type_case_n@?$output_processor@_WV?$stream_output_adapter@_W@__crt_stdio_output@@V?$standard_base@_WV?$stream_output_adapter@_W@__crt_stdio_output@@@2@@__crt_stdio_output@@AEAA_NXZ 00000001800134ec f i libucrt:output.obj
 0001:000124ec       ?type_case_n@?$output_processor@DV?$string_output_adapter@D@__crt_stdio_output@@V?$format_validation_base@DV?$string_output_adapter@D@__crt_stdio_output@@@2@@__crt_stdio_output@@AEAA_NXZ 00000001800134ec f i libucrt:output.obj
 0001:000125c8       ?type_case_s@?$output_processor@DV?$string_output_adapter@D@__crt_stdio_output@@V?$format_validation_base@DV?$string_output_adapter@D@__crt_stdio_output@@@2@@__crt_stdio_output@@AEAA_NXZ 00000001800135c8 f i libucrt:output.obj
 0001:00012658       ?type_case_s@?$output_processor@_WV?$stream_output_adapter@_W@__crt_stdio_output@@V?$standard_base@_WV?$stream_output_adapter@_W@__crt_stdio_output@@@2@@__crt_stdio_output@@AEAA_NXZ 0000000180013658 f i libucrt:output.obj
 0001:00012658       ?type_case_s@?$output_processor@_WV?$string_output_adapter@_W@__crt_stdio_output@@V?$standard_base@_WV?$string_output_adapter@_W@__crt_stdio_output@@@2@@__crt_stdio_output@@AEAA_NXZ 0000000180013658 f i libucrt:output.obj
 0001:00012720       ?write_stored_string_tchar@?$output_processor@DV?$string_output_adapter@D@__crt_stdio_output@@V?$format_validation_base@DV?$string_output_adapter@D@__crt_stdio_output@@@2@@__crt_stdio_output@@AEAA_ND@Z 0000000180013720 f i libucrt:output.obj
 0001:000127f8       ?write_stored_string_tchar@?$output_processor@_WV?$stream_output_adapter@_W@__crt_stdio_output@@V?$standard_base@_WV?$stream_output_adapter@_W@__crt_stdio_output@@@2@@__crt_stdio_output@@AEAA_N_W@Z 00000001800137f8 f i libucrt:output.obj
 0001:000128e4       ?write_stored_string_tchar@?$output_processor@_WV?$string_output_adapter@_W@__crt_stdio_output@@V?$standard_base@_WV?$string_output_adapter@_W@__crt_stdio_output@@@2@@__crt_stdio_output@@AEAA_N_W@Z 00000001800138e4 f i libucrt:output.obj
 0001:000129d4       ?write_string@?$stream_output_adapter@_W@__crt_stdio_output@@QEBAXQEB_WHQEAH1@Z 00000001800139d4 f i libucrt:output.obj
 0001:00012ae0       ?write_string@?$string_output_adapter@D@__crt_stdio_output@@QEBAXQEBDHQEAH1@Z 0000000180013ae0 f i libucrt:output.obj
 0001:00012b9c       ?write_string@?$string_output_adapter@_W@__crt_stdio_output@@QEBAXQEB_WHQEAH1@Z 0000000180013b9c f i libucrt:output.obj
 0001:00012c5c       __stdio_common_vfwprintf   0000000180013c5c f   libucrt:output.obj
 0001:00012ce8       __stdio_common_vsprintf_s  0000000180013ce8 f   libucrt:output.obj
 0001:00012d4c       __stdio_common_vswprintf   0000000180013d4c f   libucrt:output.obj
 0001:00012f84       localeconv                 0000000180013f84 f   libucrt:localeconv.obj
 0001:00013050       _time64                    0000000180014050 f   libucrt:time.obj
 0001:00013090       free                       0000000180014090 f   libucrt:free.obj
 0001:00013098       frexp                      0000000180014098 f   libucrt:frexp.obj
 0001:00013190       round                      0000000180014190 f   libucrt:round.obj
 0001:00013be0       ??$ftprintf@PEAU_iobuf@@PEB_WAEBQEB_WAEBQEB_WAEBI@?$__crt_char_traits@_W@@SAH$$QEAPEAU_iobuf@@$$QEAPEB_WAEBQEB_W2AEBI@Z 0000000180014be0 f i libucrt:assert.obj
 0001:00013c08       _wassert                   0000000180014c08 f   libucrt:assert.obj
 0001:00013c8c       fwprintf                   0000000180014c8c f i libucrt:assert.obj
 0001:00013cd0       swprintf                   0000000180014cd0 f i libucrt:assert.obj
 0001:00013d24       __ascii_stricmp            0000000180014d24 f   libucrt:stricmp.obj
 0001:00013d60       _stricmp                   0000000180014d60 f   libucrt:stricmp.obj
 0001:00013da8       _stricmp_l                 0000000180014da8 f   libucrt:stricmp.obj
[...]
 0004:00002394       $pdata$__dcrt_lowio_initialize_console_output 0000000180048394     libucrt:initcon.obj
 0004:000023a0       $pdata$__dcrt_terminate_console_output 00000001800483a0     libucrt:initcon.obj
 0004:000023ac       $pdata$__acrt_LCMapStringW 00000001800483ac     libucrt:lcmapstringw.obj
 0004:000023b8       $pdata$_log10_special      00000001800483b8     libucrt:log_special.obj
 0004:000023c4       $pdata$_log_special_common 00000001800483c4     libucrt:log_special.obj
 0004:000023d0       $pdata$?DloadAcquireSectionWriteAccess@@YAXXZ 00000001800483d0     DelayImp:delayhlp.obj
 0004:000023dc       $pdata$?DloadGetSRWLockFunctionPointers@@YAEXZ 00000001800483dc     DelayImp:delayhlp.obj
 0004:000023e8       $pdata$?DloadMakePermanentImageCommit@@YAXPEAX_K@Z 00000001800483e8     DelayImp:delayhlp.obj
 0004:000023f4       $pdata$?DloadObtainSection@@YAPEAXPEAK0@Z 00000001800483f4     DelayImp:delayhlp.obj
 0004:00002400       $pdata$?DloadProtectSection@@YAXKPEAK@Z 0000000180048400     DelayImp:delayhlp.obj
 0004:0000240c       $pdata$?DloadReleaseSectionWriteAccess@@YAXXZ 000000018004840c     DelayImp:delayhlp.obj
 0004:00002418       $pdata$__delayLoadHelper2  0000000180048418     DelayImp:delayhlp.obj
 0004:00002424       $pdata$_IsNonwritableInCurrentImage 0000000180048424     LIBCMT:pesect.obj
 0004:00002430       $pdata$strrchr             0000000180048430     libvcruntime:strrchr.obj
 0004:0000243c       $pdata$wcschr              000000018004843c     libvcruntime:wcschr.obj
 0004:00002454       $pdata$?dtor$0@?0???0?$basic_ostream@DU?$char_traits@D@std@@@std@@QEAA@PEAV?$basic_streambuf@DU?$char_traits@D@std@@@1@_N@Z@4HA 0000000180048454     libcpmt:cout.obj
 0004:00002460       $pdata$?dtor$0@?0??_Getcat@?$codecvt@DDU_Mbstatet@@@std@@SA_KPEAPEBVfacet@locale@2@PEBV42@@Z@4HA 0000000180048460     libcpmt:cout.obj
 0004:0000246c       $pdata$__scrt_is_nonwritable_in_current_image$filt$0 000000018004846c     LIBCMT:utility.obj
 0004:00002478       $pdata$?fin$0@?0??dllmain_crt_process_attach@@YAHQEAUHINSTANCE__@@QEAX@Z@4HA 0000000180048478     LIBCMT:dll_dllmain.obj
 0004:00002484       $pdata$?fin$0@?0??dllmain_crt_process_detach@@YAH_N@Z@4HA 0000000180048484     LIBCMT:dll_dllmain.obj
 0004:00002490       $pdata$?filt$0@?0??dllmain_dispatch@@YAHQEAUHINSTANCE__@@KQEAX@Z@4HA 0000000180048490     LIBCMT:dll_dllmain.obj
 0004:0000249c       $pdata$__CxxCallCatchBlock$filt$0 000000018004849c     libvcruntime:frame.obj
 0004:000024a8       $pdata$__CxxCallCatchBlock$fin$1 00000001800484a8     libvcruntime:frame.obj
 0004:000024b4       $pdata$__DestructExceptionObject$filt$0 00000001800484b4     libvcruntime:frame.obj
 0004:000024c0       $pdata$__FrameUnwindToState$filt$0 00000001800484c0     libvcruntime:frame.obj
 0004:000024cc       $pdata$__FrameUnwindToState$fin$1 00000001800484cc     libvcruntime:frame.obj
 0004:000024d8       $pdata$_CallSETranslator$filt$0 00000001800484d8     libvcruntime:trnsctrl.obj
 0004:000024e4       $pdata$common_flush_all$fin$0 00000001800484e4     libucrt:fflush.obj
 0004:000024f0       $pdata$common_flush_all$fin$1 00000001800484f0     libucrt:fflush.obj
 0004:000024fc       $pdata$fclose$fin$0        00000001800484fc     libucrt:fclose.obj
 0004:000024fc       $pdata$fflush$fin$0        00000001800484fc     libucrt:fflush.obj
 0004:00002508       $pdata$fgetc$fin$0         0000000180048508     libucrt:fgetc.obj
 0004:00002514       $pdata$fputc$fin$0         0000000180048514     libucrt:fputc.obj
 0004:00002520       $pdata$?fin$0@?0???$?RV<lambda_7b91131dde12e1c3dfc74ff76b3f2eac>@@AEAV<lambda_dd75445284c072d0bd3768540cc698fa>@@V<lambda_16bc4ecb55b4718497c16bceaea2ceaf>@@@?$__crt_seh_guarded_call@H@@QEAAH$$QEAV<lambda_7b91131dde12e1c3dfc74ff76b3f2eac>@@AEAV<lambda_dd75445284c072d0bd3768540cc698fa>@@$$QEAV<lambda_16bc4ecb55b4718497c16bceaea2ceaf>@@@Z@4HA 0000000180048520     libucrt:output.obj
 0004:00002520       $pdata$?fin$0@?0???$?RV<lambda_5d4c3fee44080f75d5d9762853974fe0>@@AEAV<lambda_532e024f4337e6fc7ad266c2bef9f4ed>@@V<lambda_c87bdc10097eb2402edb8ba9bdf0697b>@@@?$__crt_seh_guarded_call@_K@@QEAA_K$$QEAV<lambda_5d4c3fee44080f75d5d9762853974fe0>@@AEAV<lambda_532e024f4337e6fc7ad266c2bef9f4ed>@@$$QEAV<lambda_c87bdc10097eb2402edb8ba9bdf0697b>@@@Z@4HA 0000000180048520     libucrt:fwrite.obj
 0004:00002520       $pdata$?fin$0@?0???$?RV<lambda_7a5ef57ff966f610505f1d28a3d40618>@@AEAV<lambda_b721fa326cdb32351d23dfa67958c160>@@V<lambda_5e0fb27672408a07956fe59e48ccb2aa>@@@?$__crt_seh_guarded_call@H@@QEAAH$$QEAV<lambda_7a5ef57ff966f610505f1d28a3d40618>@@AEAV<lambda_b721fa326cdb32351d23dfa67958c160>@@$$QEAV<lambda_5e0fb27672408a07956fe59e48ccb2aa>@@@Z@4HA 0000000180048520     libucrt:setvbuf.obj
 0004:0000252c       $pdata$ungetc$fin$0        000000018004852c     libucrt:ungetc.obj
 0004:00002538       $pdata$setlocale$fin$0     0000000180048538     libucrt:setlocale.obj
 0004:00002544       $pdata$_query_new_handler$fin$0 0000000180048544     libucrt:new_handler.obj
 0004:00002550       $pdata$?filt$0@?0??common_exit@@YAXHW4_crt_exit_cleanup_mode@@W4_crt_exit_return_mode@@@Z@4HA 0000000180048550     libucrt:exit.obj
 0004:0000255c       $pdata$?fin$1@?0??common_exit@@YAXHW4_crt_exit_cleanup_mode@@W4_crt_exit_return_mode@@@Z@4HA 000000018004855c     libucrt:exit.obj
 0004:00002568       $pdata$?fin$0@?0???$?RV<lambda_e24bbb7b643b32fcea6fa61b31d4c984>@@AEAV<lambda_275893d493268fdec8709772e3fcec0e>@@V<lambda_9d71df4d7cf3f480f8d633942495c3b0>@@@?$__crt_seh_guarded_call@H@@QEAAH$$QEAV<lambda_e24bbb7b643b32fcea6fa61b31d4c984>@@AEAV<lambda_275893d493268fdec8709772e3fcec0e>@@$$QEAV<lambda_9d71df4d7cf3f480f8d633942495c3b0>@@@Z@4HA 0000000180048568     libucrt:onexit.obj
 0004:00002574       $pdata$raise$fin$0         0000000180048574     libucrt:signal.obj
 0004:00002580       $pdata$?fin$0@?0???$?RV<lambda_b8c45f8f788dd370798f47cfe8ac3a86>@@AEAV<lambda_4e60a939b0d047cfe11ddc22648dfba9>@@V<lambda_332c3edc96d0294ec56c57d38c1cdfd5>@@@?$__crt_seh_guarded_call@H@@QEAAH$$QEAV<lambda_b8c45f8f788dd370798f47cfe8ac3a86>@@AEAV<lambda_4e60a939b0d047cfe11ddc22648dfba9>@@$$QEAV<lambda_332c3edc96d0294ec56c57d38c1cdfd5>@@@Z@4HA 0000000180048580     libucrt:onexit.obj
 0004:00002580       $pdata$?fin$0@?0???$?RV<lambda_46352004c1216016012b18bd6f87e700>@@AEAV<lambda_3bd07e1a1191394380780325891bf33f>@@V<lambda_334532d3f185bcaa59b5be82d7d22bff>@@@?$__crt_seh_guarded_call@X@@QEAAX$$QEAV<lambda_46352004c1216016012b18bd6f87e700>@@AEAV<lambda_3bd07e1a1191394380780325891bf33f>@@$$QEAV<lambda_334532d3f185bcaa59b5be82d7d22bff>@@@Z@4HA 0000000180048580     libucrt:per_thread_data.obj
 0004:00002580       $pdata$?fin$0@?0???$?RV<lambda_72d1df2b273a38828b1ce30cbf4cdab5>@@AEAV<lambda_876a65b173b8412d3a47c70a915b0cf4>@@V<lambda_41932305e351933ebe8f8be3ed8bb5dc>@@@?$__crt_seh_guarded_call@X@@QEAAX$$QEAV<lambda_72d1df2b273a38828b1ce30cbf4cdab5>@@AEAV<lambda_876a65b173b8412d3a47c70a915b0cf4>@@$$QEAV<lambda_41932305e351933ebe8f8be3ed8bb5dc>@@@Z@4HA 0000000180048580     libucrt:per_thread_data.obj
 0004:00002580       $pdata$?fin$0@?0???$?RV<lambda_630b2aca97f6d20d5b5ea6529ea6b6af>@@AEAV<lambda_af91936f1d075d609f72d9d8cba980af>@@V<lambda_e82fa975f615b5c7c7b0e4d178fdae67>@@@?$__crt_seh_guarded_call@H@@QEAAH$$QEAV<lambda_630b2aca97f6d20d5b5ea6529ea6b6af>@@AEAV<lambda_af91936f1d075d609f72d9d8cba980af>@@$$QEAV<lambda_e82fa975f615b5c7c7b0e4d178fdae67>@@@Z@4HA 0000000180048580     libucrt:winapi_thunks.obj
 0004:00002580       $pdata$?fin$0@?0???$?RV<lambda_c36588078e9f5dfd39652860aa6b3aaf>@@AEAV<lambda_ec61778202f4f5fc7e7711acc23c3bca>@@V<lambda_dc9d2797ccde5d239b4a0efae8ebd7db>@@@?$__crt_seh_guarded_call@P6AXH@Z@@QEAAP6AXH@Z$$QEAV<lambda_c36588078e9f5dfd39652860aa6b3aaf>@@AEAV<lambda_ec61778202f4f5fc7e7711acc23c3bca>@@$$QEAV<lambda_dc9d2797ccde5d239b4a0efae8ebd7db>@@@Z@4HA 0000000180048580     libucrt:signal.obj
 0004:00002580       $pdata$?fin$0@?0???$?RV<lambda_fb3a7dec4e47f37f22dae91bb15c9095>@@AEAV<lambda_698284760c8add0bfb0756c19673e34b>@@V<lambda_dfb8eca1e75fef3034a8fb18dd509707>@@@?$__crt_seh_guarded_call@X@@QEAAX$$QEAV<lambda_fb3a7dec4e47f37f22dae91bb15c9095>@@AEAV<lambda_698284760c8add0bfb0756c19673e34b>@@$$QEAV<lambda_dfb8eca1e75fef3034a8fb18dd509707>@@@Z@4HA 0000000180048580     libucrt:per_thread_data.obj
 0004:00002580       $pdata$?fin$0@?0???$?RV<lambda_d67e8342c384adda8f857579ab50b2ae>@@AEAV<lambda_30712929f77e709619002f448b6a9510>@@V<lambda_4525336fd7e478d965fb7ca7a337cad8>@@@?$__crt_seh_guarded_call@X@@QEAAX$$QEAV<lambda_d67e8342c384adda8f857579ab50b2ae>@@AEAV<lambda_30712929f77e709619002f448b6a9510>@@$$QEAV<lambda_4525336fd7e478d965fb7ca7a337cad8>@@@Z@4HA 0000000180048580     libucrt:wsetlocale.obj
 0004:00002580       $pdata$?fin$0@?0???$?RV<lambda_5e887d1dcbef67a5eb4283622ba103bf>@@AEAV<lambda_4466841279450cc726390878d4a41900>@@V<lambda_341c25c0346d94847f1f3c463c57e077>@@@?$__crt_seh_guarded_call@X@@QEAAX$$QEAV<lambda_5e887d1dcbef67a5eb4283622ba103bf>@@AEAV<lambda_4466841279450cc726390878d4a41900>@@$$QEAV<lambda_341c25c0346d94847f1f3c463c57e077>@@@Z@4HA 0000000180048580     libucrt:per_thread_data.obj
 0004:00002580       $pdata$?fin$0@?0???$?RV<lambda_99476a1ad63dd22509b5d3e65b0ffc95>@@AEAV<lambda_ad1ced32f4ac17aa236e5ef05d6b3b7c>@@V<lambda_f7424dd8d45958661754dc4f2697e9c3>@@@?$__crt_seh_guarded_call@X@@QEAAX$$QEAV<lambda_99476a1ad63dd22509b5d3e65b0ffc95>@@AEAV<lambda_ad1ced32f4ac17aa236e5ef05d6b3b7c>@@$$QEAV<lambda_f7424dd8d45958661754dc4f2697e9c3>@@@Z@4HA 0000000180048580     libucrt:mbctype.obj
 0004:0000258c       $pdata$?fin$0@?0???$?RV<lambda_5df02c53a8f32f81fd64e5bbb78039f1>@@AEAV<lambda_2af78c5f5901b1372d98f9ab3177dfa6>@@AEAV<lambda_f51fe5fd7c79a33db34fc9310f277369>@@@?$__crt_seh_guarded_call@X@@QEAAX$$QEAV<lambda_5df02c53a8f32f81fd64e5bbb78039f1>@@AEAV<lambda_2af78c5f5901b1372d98f9ab3177dfa6>@@AEAV<lambda_f51fe5fd7c79a33db34fc9310f277369>@@@Z@4HA 000000018004858c     libucrt:wsetlocale.obj
 0004:00002598       $pdata$__acrt_update_thread_locale_data$fin$0 0000000180048598     libucrt:locale_refcounting.obj
 0004:00002598       $pdata$__acrt_uninitialize_locale$fin$0 0000000180048598     libucrt:wsetlocale.obj
 0004:000025a4       $pdata$__acrt_initialize_lowio$fin$0 00000001800485a4     libucrt:ioinit.obj
 0004:000025a4       $pdata$__acrt_lowio_ensure_fh_exists$fin$0 00000001800485a4     libucrt:osfinfo.obj
 0004:000025b0       $pdata$_ctrlfp$filt$0      00000001800485b0     libucrt:fpctrl.obj
 0004:000025b0       $pdata$common_control87$filt$0 00000001800485b0     libucrt:ieee.obj
 0004:000025bc       $pdata$_fcloseall$fin$0    00000001800485bc     libucrt:closeall.obj
 0004:000025c8       $pdata$?fin$0@?0???$?RV<lambda_bfedae4ebbf01fab1bb6dcc6a9e276e0>@@AEAV<lambda_2fe9b910cf3cbf4a0ab98a02ba45b3ec>@@V<lambda_237c231691f317818eb88cc1d5d642d6>@@@?$__crt_seh_guarded_call@H@@QEAAH$$QEAV<lambda_bfedae4ebbf01fab1bb6dcc6a9e276e0>@@AEAV<lambda_2fe9b910cf3cbf4a0ab98a02ba45b3ec>@@$$QEAV<lambda_237c231691f317818eb88cc1d5d642d6>@@@Z@4HA 00000001800485c8     libucrt:close.obj
 0004:000025c8       $pdata$?fin$0@?0???$?RV<lambda_b521505b218e5242e90febf6bfebc422>@@AEAV<lambda_6978c1fb23f02e42e1d9e99668cc68aa>@@V<lambda_314360699dd331753a4119843814e9a7>@@@?$__crt_seh_guarded_call@H@@QEAAH$$QEAV<lambda_b521505b218e5242e90febf6bfebc422>@@AEAV<lambda_6978c1fb23f02e42e1d9e99668cc68aa>@@$$QEAV<lambda_314360699dd331753a4119843814e9a7>@@@Z@4HA 00000001800485c8     libucrt:commit.obj
 0004:000025d4       $pdata$?fin$0@?0??common_fseek@@YAHV__crt_stdio_stream@@_JH@Z@4HA 00000001800485d4     libucrt:fseek.obj
 0004:000025d4       $pdata$?fin$0@?0???$common_ftell@_J@@YA_JV__crt_stdio_stream@@@Z@4HA 00000001800485d4     libucrt:ftell.obj
 0004:000025e0       $pdata$_write$fin$0        00000001800485e0     libucrt:write.obj
 0004:000025e0       $pdata$_read$fin$0         00000001800485e0     libucrt:read.obj
 0004:000025e0       $pdata$?fin$0@?0???$common_lseek@_J@@YA_JH_JH@Z@4HA 00000001800485e0     libucrt:lseek.obj
 0004:000025ec       $pdata$__acrt_update_thread_multibyte_data$fin$0 00000001800485ec     libucrt:mbctype.obj
 0004:000025f8       $pdata$_IsNonwritableInCurrentImage$filt$0 00000001800485f8     LIBCMT:pesect.obj
 0004:00002604       $pdata$??__F?candidate_service@Grid_Object@demo@@0VGridCandidateService@@A@@YAXXZ 0000000180048604     matching_service.obj
 0004:00002610       $pdata$??__Fcout@std@@YAXXZ 0000000180048610     libcpmt:cout.obj
 0004:0000261c       $pdata$??__F_Fac_tidy_reg@std@@YAXXZ 000000018004861c     libcpmt:locale0.obj
 0004:00002628       $pdata$??__Fclassic_locale@std@@YAXXZ 0000000180048628     libcpmt:locale0.obj
 0004:00002634       $pdata$??__Finit_atexit@@YAXXZ 0000000180048634     libcpmt:iosptrs.obj
 0005:00000000       __guard_fids__             0000000180049000     libucrt:initialization.obj
 0005:00000060       __guard_fids___acrt_initialize_ptd 0000000180049060     libucrt:per_thread_data.obj
 0005:00000064       __guard_fids__             0000000180049064     libucrt:wsetlocale.obj
 0005:0000007c       __guard_fids_??$?RV<lambda_630b2aca97f6d20d5b5ea6529ea6b6af>@@AEAV<lambda_af91936f1d075d609f72d9d8cba980af>@@V<lambda_e82fa975f615b5c7c7b0e4d178fdae67>@@@?$__crt_seh_guarded_call@H@@QEAAH$$QEAV<lambda_630b2aca97f6d20d5b5ea6529ea6b6af>@@AEAV<lambda_af91936f1d075d609f72d9d8cba980af>@@$$QEAV<lambda_e82fa975f615b5c7c7b0e4d178fdae67>@@@Z 000000018004907c     libucrt:winapi_thunks.obj
 0005:00000080       __guard_fids___acrt_show_wide_message_box 0000000180049080     libucrt:crtmbox.obj
 0005:00000084       __guard_fids__             0000000180049084     libucrt:stdio_initializer.obj
 0005:00000088       __guard_fids__             0000000180049088     libucrt:stdio_initializer.obj
 0005:0000008c       __guard_fids_??$expand_argument_wildcards@D@@YAHQEAD0AEAV?$argument_list@D@?A0xca0879c4@@@Z 000000018004908c     libucrt:argv_wildcards.obj
 0005:00000090       __guard_fids__             0000000180049090     libucrt:locale_initializer.obj
 0005:00000094       __guard_fids_GetLocaleNameFromLangCountry 0000000180049094     libucrt:get_qualified_locale.obj
 0005:00000098       __guard_fids_GetLocaleNameFromLanguage 0000000180049098     libucrt:get_qualified_locale.obj
 0005:0000009c       __guard_fids___acrt_get_qualified_locale_downlevel 000000018004909c     libucrt:getqloc_downlevel.obj
 0005:000000a0       __guard_fids_GetLcidFromLangCountry 00000001800490a0     libucrt:getqloc_downlevel.obj
 0005:000000a4       __guard_fids_GetLcidFromLanguage 00000001800490a4     libucrt:getqloc_downlevel.obj
 0005:000000a8       __guard_fids__             00000001800490a8     libucrt:fma3_initializer.obj
 0005:000000ac       __guard_fids__             00000001800490ac     libucrt:timeset_initializer.obj
 0005:000000b0       __guard_fids__             00000001800490b0     libucrt:multibyte_initializer.obj
 0005:000000b4       __guard_fids__             00000001800490b4     libucrt:console_output_initializer.obj
 0005:000000b8       __guard_fids_??__Einitlocks@std@@YAXXZ 00000001800490b8     libcpmt:xlock.obj
 0005:000000bc       __guard_fids__             00000001800490bc     libcpmt:xlock.obj
 0005:000000c0       __guard_fids_??__Einitlocks@@YAXXZ 00000001800490c0     libcpmt:cout.obj
 0005:000000c4       __guard_fids_??__Efout@std@@YAXXZ 00000001800490c4     libcpmt:cout.obj
 0005:000000c8       __guard_fids_??__Ecout@std@@YAXXZ 00000001800490c8     libcpmt:cout.obj
 0005:000000cc       __guard_fids__             00000001800490cc     libcpmt:cout.obj
 0005:000000d4       __guard_fids__             00000001800490d4     libcpmt:cout.obj
 0005:000000dc       __guard_fids__             00000001800490dc     libcpmt:cout.obj
 0005:000000e4       __guard_fids__             00000001800490e4     libcpmt:cout.obj
 0005:000000f0       __guard_fids__             00000001800490f0     libcpmt:cout.obj
 0005:0000011c       __guard_fids__             000000018004911c     libcpmt:cout.obj
 0005:00000134       __guard_fids__             0000000180049134     libcpmt:cout.obj
 0005:0000013c       __guard_fids__             000000018004913c     libcpmt:cout.obj
 0005:00000154       __guard_fids__             0000000180049154     libcpmt:cout.obj
 0005:0000015c       __guard_fids__             000000018004915c     libcpmt:cout.obj
 0005:00000160       __guard_fids__             0000000180049160     libcpmt:cout.obj
 0005:0000019c       __guard_fids__             000000018004919c     libcpmt:cout.obj
 0005:000001d8       __guard_fids__             00000001800491d8     libcpmt:cout.obj
 0005:000001dc       __guard_fids__             00000001800491dc     libcpmt:cout.obj
 0005:000001e0       __guard_fids__             00000001800491e0     libcpmt:cout.obj
 0005:00000208       __guard_fids__             0000000180049208     libcpmt:cout.obj
 0005:0000020c       __guard_fids__             000000018004920c     libcpmt:cout.obj
 0005:00000210       __guard_fids__             0000000180049210     libcpmt:cout.obj
 0005:00000214       __guard_fids__             0000000180049214     libcpmt:cout.obj
 0005:00000218       __guard_fids_??__E_Fac_tidy_reg@std@@YAXXZ 0000000180049218     libcpmt:locale0.obj
 0005:0000021c       __guard_fids_?_Setgloballocale@locale@std@@CAXPEAX@Z 000000018004921c     libcpmt:locale0.obj
 0005:00000220       __guard_fids_??__Eclassic_locale@std@@YAXXZ 0000000180049220     libcpmt:locale0.obj
 0005:00000224       __guard_fids__             0000000180049224     libcpmt:locale0.obj
 0005:00000230       __guard_fids__             0000000180049230     libcpmt:locale0.obj
 0005:00000234       __guard_fids__             0000000180049234     libcpmt:locale0.obj
 0005:00000238       __guard_fids__             0000000180049238     libcpmt:xthrow.obj
 0005:00000240       __guard_fids__             0000000180049240     libcpmt:xthrow.obj
 0005:00000248       __guard_fids__             0000000180049248     libcpmt:xthrow.obj
 0005:00000250       __guard_fids__             0000000180049250     libcpmt:xthrow.obj
 0005:00000258       __guard_fids_??__Einitlocks@std@@YAXXZ 0000000180049258     libcpmt:iosptrs.obj
 0005:0000025c       __guard_fids_??__Einit_atexit@@YAXXZ 000000018004925c     libcpmt:iosptrs.obj
 0005:00000260       __guard_fids__             0000000180049260     libcpmt:iosptrs.obj
 0005:00000264       __guard_fids__             0000000180049264     libcpmt:iosptrs.obj
 0005:00000268       __guard_fids__             0000000180049268     libcpmt:locale.obj
 0005:00000294       __guard_fids__             0000000180049294     libcpmt:locale.obj
 0005:000002b4       __guard_fids__             00000001800492b4     libcpmt:winapisupp.obj
 0005:000002b8       __guard_fids__             00000001800492b8     LIBCMT:thread_safe_statics.obj
 0005:000002bc       __guard_fids_?__scrt_initialize_thread_safe_statics@@YAHXZ 00000001800492bc     LIBCMT:thread_safe_statics.obj
 0005:000002c0       __guard_fids_?dllmain_crt_process_attach@@YAHQEAUHINSTANCE__@@QEAX@Z 00000001800492c0     LIBCMT:dll_dllmain.obj
 0005:000002c8       __guard_fids_?dllmain_dispatch@@YAHQEAUHINSTANCE__@@KQEAX@Z 00000001800492c8     LIBCMT:dll_dllmain.obj
 0005:000002cc       __guard_fids__             00000001800492cc     LIBCMT:std_type_info_static.obj
 0005:000002d0       __guard_fids__             00000001800492d0     LIBCMT:throw_bad_alloc.obj
 0005:000002d8       __guard_fids__             00000001800492d8     LIBCMT:guard_support.obj
 0005:000002dc       __guard_fids__             00000001800492dc     libvcruntime:frame.obj
 0005:000002e0       __guard_fids__             00000001800492e0     libvcruntime:frame.obj
 0005:000002e8       __guard_fids__UnwindNestedFrames 00000001800492e8     libvcruntime:trnsctrl.obj
 0005:000002ec       __guard_fids___vcrt_initialize_ptd 00000001800492ec     libvcruntime:per_thread_data.obj
 0007:00000060       $R000000                   000000018004b060     * linker generated manifest res *

 Exports

  ordinal    name

        1    _register_matching_service_addon_
