 matching_service_addon

 Timestamp is 5b041127 (Tue May 22 21:46:31 2018)

 Preferred load address is 0000000180000000

 Start         Length     Name                   Class
 0001:00000000 00000040H .text$di                CODE
 0001:00000040 00018840H .text$mn                CODE
 0001:00018880 000000e0H .text$mn$00             CODE
 0001:00018960 00000240H .text$x                 CODE
 0001:00018ba0 0000004cH .text$yd                CODE
 0002:00000000 00000258H .idata$5                DATA
 0002:00000258 00000020H .00cfg                  DATA
 0002:00000278 00000008H .CRT$XCA                DATA
 0002:00000280 00000018H .CRT$XCU                DATA
 0002:00000298 00000008H .CRT$XCZ                DATA
 0002:000002a0 00000008H .CRT$XIA                DATA
 0002:000002a8 00000018H .CRT$XIC                DATA
 0002:000002c0 00000008H .CRT$XIZ                DATA
 0002:000002c8 00000008H .CRT$XPA                DATA
 0002:000002d0 00000010H .CRT$XPX                DATA
 0002:000002e0 00000008H .CRT$XPXA               DATA
 0002:000002e8 00000008H .CRT$XPZ                DATA
 0002:000002f0 00000008H .CRT$XTA                DATA
 0002:000002f8 00000008H .CRT$XTZ                DATA
 0002:00000300 00000000H .gfids$y                DATA
 0002:00000300 00008618H .rdata                  DATA
 0002:00008918 00000384H .rdata$r                DATA
 0002:00008c9c 000003d4H .rdata$zzzdbg           DATA
 0002:00009070 00000008H .rtc$IAA                DATA
 0002:00009078 00000008H .rtc$IZZ                DATA
 0002:00009080 00000008H .rtc$TAA                DATA
 0002:00009088 00000008H .rtc$TZZ                DATA
 0002:00009090 000016c8H .xdata                  DATA
 0002:0000a758 000001e4H .xdata$x                DATA
 0002:0000a93c 00000020H .didat$2                DATA
 0002:0000a95c 00000024H .didat$3                DATA
 0002:0000a980 00000110H .didat$4                DATA
 0002:0000aa90 00000870H .didat$6                DATA
 0002:0000b300 00000110H .didat$7                DATA
 0002:0000b410 00000070H .edata                  DATA
 0002:0000b480 00000014H .idata$2                DATA
 0002:0000b494 00000014H .idata$3                DATA
 0002:0000b4a8 00000258H .idata$4                DATA
 0002:0000b700 0000057aH .idata$6                DATA
 0003:00000000 00000960H .data                   DATA
 0003:00000960 00000118H .data$r                 DATA
 0003:00000a78 00000118H .didat$5                DATA
 0003:00000b90 00001288H .bss                    DATA
 0004:00000000 00001860H .pdata                  DATA
 0005:00000000 00000060H .rsrc$01                DATA
 0005:00000060 00000180H .rsrc$02                DATA

  Address         Publics by Value              Rva+Base               Lib:Object

 0000:00000000       __guard_iat_count          0000000000000000     <absolute>
 0000:00000000       __dynamic_value_reloc_table 0000000000000000     <absolute>
 0000:00000000       __hybrid_code_map          0000000000000000     <absolute>
 0000:00000000       __hybrid_code_map_count    0000000000000000     <absolute>
 0000:00000000       __guard_iat_table          0000000000000000     <absolute>
 0000:00000000       __hybrid_auxiliary_iat     0000000000000000     <absolute>
 0000:00000000       __guard_longjmp_table      0000000000000000     <absolute>
 0000:00000000       __guard_longjmp_count      0000000000000000     <absolute>
 0000:00000000       __guard_fids_count         0000000000000000     <absolute>
 0000:00000000       __enclave_config           0000000000000000     <absolute>
 0000:00000000       ___safe_se_handler_table   0000000000000000     <absolute>
 0000:00000000       ___safe_se_handler_count   0000000000000000     <absolute>
 0000:00000000       __guard_fids_table         0000000000000000     <absolute>
 0000:00000100       __guard_flags              0000000000000100     <absolute>
 0000:00000000       __ImageBase                0000000180000000     <linker-defined>
 0001:00000040       ?InitAll@demo@@YAXV?$Local@VObject@v8@@@v8@@@Z 0000000180001040 f   matching_addon.obj
 0001:00000060       ?Ref@ObjectWrap@node@@MEAAXXZ 0000000180001060 f i matching_service.obj
 0001:000000a0       ?Unref@ObjectWrap@node@@MEAAXXZ 00000001800010a0 f i matching_service.obj
 0001:00000150       ?WeakCallback@ObjectWrap@node@@CAXAEBV?$WeakCallbackInfo@VObjectWrap@node@@@v8@@@Z 0000000180001150 f i matching_service.obj
 0001:000001b0       ??_EGrid_Object@demo@@EEAAPEAXI@Z 00000001800011b0 f i * CIL library *:* CIL module *
 0001:000001b0       ??_EObjectWrap@node@@UEAAPEAXI@Z 00000001800011b0 f i * CIL library *:* CIL module *
 0001:000001b0       ??_GGrid_Object@demo@@EEAAPEAXI@Z 00000001800011b0 f i matching_service.obj
 0001:000001b0       ??_GObjectWrap@node@@UEAAPEAXI@Z 00000001800011b0 f i matching_service.obj
 0001:00000240       ??0Coordinate@@QEAA@NNU?$pair@_JV?$basic_string@DU?$char_traits@D@std@@V?$allocator@D@2@@std@@@std@@@Z 0000000180001240 f i matching_service.obj
 0001:000002e0       ?insert_user@UserGrid@@QEAA?AV?$_List_iterator@V?$_List_val@U?$_List_simple_types@U?$pair@$$CBUGridCoord@@V?$basic_string@DU?$char_traits@D@std@@V?$allocator@D@2@@std@@@std@@@std@@@std@@@std@@AEBUGridCoord@@AEBV?$basic_string@DU?$char_traits@D@std@@V?$allocator@D@2@@3@@Z 00000001800012e0 f i matching_service.obj
 0001:00000390       ?delete_user@UserGrid@@QEAAXAEBUGridCoord@@AEBV?$basic_string@DU?$char_traits@D@std@@V?$allocator@D@2@@std@@@Z 0000000180001390 f i matching_service.obj
 0001:00000540       ?update_user@UserGrid@@QEAA?AV?$_List_iterator@V?$_List_val@U?$_List_simple_types@U?$pair@$$CBUGridCoord@@V?$basic_string@DU?$char_traits@D@std@@V?$allocator@D@2@@std@@@std@@@std@@@std@@@std@@AEBUCoordinate@@@Z 0000000180001540 f i matching_service.obj
 0001:000006e0       ?get_users_in_cell@UserGrid@@QEAA?AV?$vector@V?$basic_string@DU?$char_traits@D@std@@V?$allocator@D@2@@std@@V?$allocator@V?$basic_string@DU?$char_traits@D@std@@V?$allocator@D@2@@std@@@2@@std@@AEBUGridCoord@@@Z 00000001800016e0 f i matching_service.obj
 0001:000009d0       ??1?$_Hash@V?$_Umap_traits@UGridCoord@@V?$basic_string@DU?$char_traits@D@std@@V?$allocator@D@2@@std@@V?$_Uhash_compare@UGridCoord@@V?$hash@UGridCoord@@@std@@U?$equal_to@UGridCoord@@@3@@3@V?$allocator@U?$pair@$$CBUGridCoord@@V?$basic_string@DU?$char_traits@D@std@@V?$allocator@D@2@@std@@@std@@@3@$00@std@@@std@@QEAA@XZ 00000001800019d0 f i matching_service.obj
 0001:00000b50       ?update_user@GridCandidateService@@QEAAXAEBUCoordinate@@@Z 0000000180001b50 f i matching_service.obj
 0001:00000e10       ?search_grid@GridCandidateService@@QEAA?AV?$vector@V?$basic_string@DU?$char_traits@D@std@@V?$allocator@D@2@@std@@V?$allocator@V?$basic_string@DU?$char_traits@D@std@@V?$allocator@D@2@@std@@@2@@std@@AEBUGridCoord@@HH@Z 0000000180001e10 f i matching_service.obj
 0001:000017c0       ?do_clean@GridCandidateService@@QEAAXXZ 00000001800027c0 f i matching_service.obj
 0001:000019d0       ??0GridCandidateService@@QEAA@XZ 00000001800029d0 f i matching_service.obj
 0001:00002460       ?Init@Grid_Object@demo@@SAXV?$Local@VObject@v8@@@v8@@@Z 0000000180003460 f   matching_service.obj
 0001:000026f0       ?New@Grid_Object@demo@@CAXAEBV?$FunctionCallbackInfo@VValue@v8@@@v8@@@Z 00000001800036f0 f   matching_service.obj
 0001:000028e0       ?update_user@Grid_Object@demo@@CAXAEBV?$FunctionCallbackInfo@VValue@v8@@@v8@@@Z 00000001800038e0 f   matching_service.obj
 0001:00002cb0       ?find_radius@Grid_Object@demo@@CAXAEBV?$FunctionCallbackInfo@VValue@v8@@@v8@@@Z 0000000180003cb0 f   matching_service.obj
 0001:00003050       ??$emplace_back@AEBV?$_List_iterator@V?$_List_val@U?$_List_simple_types@U?$pair@$$CBUGridCoord@@V?$basic_string@DU?$char_traits@D@std@@V?$allocator@D@2@@std@@@std@@@std@@@std@@@std@@@?$vector@V?$_List_iterator@V?$_List_val@U?$_List_simple_types@U?$pair@$$CBUGridCoord@@V?$basic_string@DU?$char_traits@D@std@@V?$allocator@D@2@@std@@@std@@@std@@@std@@@std@@V?$allocator@V?$_List_iterator@V?$_List_val@U?$_List_simple_types@U?$pair@$$CBUGridCoord@@V?$basic_string@DU?$char_traits@D@std@@V?$allocator@D@2@@std@@@std@@@std@@@std@@@std@@@2@@std@@QEAAXAEBV?$_List_iterator@V?$_List_val@U?$_List_simple_types@U?$pair@$$CBUGridCoord@@V?$basic_string@DU?$char_traits@D@std@@V?$allocator@D@2@@std@@@std@@@std@@@std@@@1@@Z 0000000180004050 f i matching_service.obj
 0001:00003220       ?equal_range@?$_Hash@V?$_Umap_traits@UGridCoord@@V?$basic_string@DU?$char_traits@D@std@@V?$allocator@D@2@@std@@V?$_Uhash_compare@UGridCoord@@V?$hash@UGridCoord@@@std@@U?$equal_to@UGridCoord@@@3@@3@V?$allocator@U?$pair@$$CBUGridCoord@@V?$basic_string@DU?$char_traits@D@std@@V?$allocator@D@2@@std@@@std@@@3@$00@std@@@std@@QEAA?AU?$pair@V?$_List_iterator@V?$_List_val@U?$_List_simple_types@U?$pair@$$CBUGridCoord@@V?$basic_string@DU?$char_traits@D@std@@V?$allocator@D@2@@std@@@std@@@std@@@std@@@std@@V12@@2@AEBUGridCoord@@@Z 0000000180004220 f i matching_service.obj
 0001:00003360       ??1?$basic_string@DU?$char_traits@D@std@@V?$allocator@D@2@@std@@QEAA@XZ 0000000180004360 f i matching_service.obj
 0001:000033d0       ??0?$basic_string@DU?$char_traits@D@std@@V?$allocator@D@2@@std@@QEAA@AEBV01@@Z 00000001800043d0 f i matching_service.obj
 0001:000034a0       ?_Xlength@?$vector@V?$_List_unchecked_iterator@V?$_List_val@U?$_List_simple_types@U?$pair@$$CBUGridCoord@@V?$basic_string@DU?$char_traits@D@std@@V?$allocator@D@2@@std@@@std@@@std@@@std@@@std@@V?$allocator@V?$_List_unchecked_iterator@V?$_List_val@U?$_List_simple_types@U?$pair@$$CBUGridCoord@@V?$basic_string@DU?$char_traits@D@std@@V?$allocator@D@2@@std@@@std@@@std@@@std@@@std@@@2@@std@@CAXXZ 00000001800044a0 f i matching_service.obj
 0001:000034a0       ?_Xlength@?$vector@V?$_List_iterator@V?$_List_val@U?$_List_simple_types@U?$pair@$$CBUGridCoord@@V?$basic_string@DU?$char_traits@D@std@@V?$allocator@D@2@@std@@@std@@@std@@@std@@@std@@V?$allocator@V?$_List_iterator@V?$_List_val@U?$_List_simple_types@U?$pair@$$CBUGridCoord@@V?$basic_string@DU?$char_traits@D@std@@V?$allocator@D@2@@std@@@std@@@std@@@std@@@std@@@2@@std@@CAXXZ 00000001800044a0 f i matching_service.obj
 0001:000034a0       ?_Xlength@?$vector@V?$basic_string@DU?$char_traits@D@std@@V?$allocator@D@2@@std@@V?$allocator@V?$basic_string@DU?$char_traits@D@std@@V?$allocator@D@2@@std@@@2@@std@@CAXXZ 00000001800044a0 f i matching_service.obj
 0001:000034c0       ?_Tidy@?$vector@V?$basic_string@DU?$char_traits@D@std@@V?$allocator@D@2@@std@@V?$allocator@V?$basic_string@DU?$char_traits@D@std@@V?$allocator@D@2@@std@@@2@@std@@AEAAXXZ 00000001800044c0 f i matching_service.obj
 0001:00003550       ?_Change_array@?$vector@V?$basic_string@DU?$char_traits@D@std@@V?$allocator@D@2@@std@@V?$allocator@V?$basic_string@DU?$char_traits@D@std@@V?$allocator@D@2@@std@@@2@@std@@AEAAXQEAV?$basic_string@DU?$char_traits@D@std@@V?$allocator@D@2@@2@_K1@Z 0000000180004550 f i matching_service.obj
 0001:00003610       ?_Umove_if_noexcept@?$vector@V?$basic_string@DU?$char_traits@D@std@@V?$allocator@D@2@@std@@V?$allocator@V?$basic_string@DU?$char_traits@D@std@@V?$allocator@D@2@@std@@@2@@std@@AEAAXPEAV?$basic_string@DU?$char_traits@D@std@@V?$allocator@D@2@@2@00@Z 0000000180004610 f i matching_service.obj
 0001:00003660       ?lower_bound@?$_Tree@V?$_Tmap_traits@U?$pair@_JV?$basic_string@DU?$char_traits@D@std@@V?$allocator@D@2@@std@@@std@@V?$_List_iterator@V?$_List_val@U?$_List_simple_types@U?$pair@$$CBUGridCoord@@V?$basic_string@DU?$char_traits@D@std@@V?$allocator@D@2@@std@@@std@@@std@@@std@@@2@U?$less@U?$pair@_JV?$basic_string@DU?$char_traits@D@std@@V?$allocator@D@2@@std@@@std@@@2@V?$allocator@U?$pair@$$CBU?$pair@_JV?$basic_string@DU?$char_traits@D@std@@V?$allocator@D@2@@std@@@std@@V?$_List_iterator@V?$_List_val@U?$_List_simple_types@U?$pair@$$CBUGridCoord@@V?$basic_string@DU?$char_traits@D@std@@V?$allocator@D@2@@std@@@std@@@std@@@std@@@2@@std@@@2@$0A@@std@@@std@@QEAA?AV?$_Tree_iterator@V?$_Tree_val@U?$_Tree_simple_types@U?$pair@$$CBU?$pair@_JV?$basic_string@DU?$char_traits@D@std@@V?$allocator@D@2@@std@@@std@@V?$_List_iterator@V?$_List_val@U?$_List_simple_types@U?$pair@$$CBUGridCoord@@V?$basic_string@DU?$char_traits@D@std@@V?$allocator@D@2@@std@@@std@@@std@@@std@@@2@@std@@@std@@@std@@@2@AEBU?$pair@_JV?$basic_string@DU?$char_traits@D@std@@V?$allocator@D@2@@std@@@2@@Z 0000000180004660 f i matching_service.obj
 0001:00003740       ?_Reinsert@?$_Hash@V?$_Umap_traits@UGridCoord@@V?$basic_string@DU?$char_traits@D@std@@V?$allocator@D@2@@std@@V?$_Uhash_compare@UGridCoord@@V?$hash@UGridCoord@@@std@@U?$equal_to@UGridCoord@@@3@@3@V?$allocator@U?$pair@$$CBUGridCoord@@V?$basic_string@DU?$char_traits@D@std@@V?$allocator@D@2@@std@@@std@@@3@$00@std@@@std@@IEAAXXZ 0000000180004740 f i matching_service.obj
 0001:000038f0       ?assign@?$basic_string@DU?$char_traits@D@std@@V?$allocator@D@2@@std@@QEAAAEAV12@QEBD_K@Z 00000001800048f0 f i matching_service.obj
 0001:00003a50       ?_Destroy@?$vector@V?$basic_string@DU?$char_traits@D@std@@V?$allocator@D@2@@std@@V?$allocator@V?$basic_string@DU?$char_traits@D@std@@V?$allocator@D@2@@std@@@2@@std@@AEAAXPEAV?$basic_string@DU?$char_traits@D@std@@V?$allocator@D@2@@2@0@Z 0000000180004a50 f i matching_service.obj
 0001:00003af0       ?erase@?$_Tree@V?$_Tmap_traits@U?$pair@_JV?$basic_string@DU?$char_traits@D@std@@V?$allocator@D@2@@std@@@std@@V?$_List_iterator@V?$_List_val@U?$_List_simple_types@U?$pair@$$CBUGridCoord@@V?$basic_string@DU?$char_traits@D@std@@V?$allocator@D@2@@std@@@std@@@std@@@std@@@2@U?$less@U?$pair@_JV?$basic_string@DU?$char_traits@D@std@@V?$allocator@D@2@@std@@@std@@@2@V?$allocator@U?$pair@$$CBU?$pair@_JV?$basic_string@DU?$char_traits@D@std@@V?$allocator@D@2@@std@@@std@@V?$_List_iterator@V?$_List_val@U?$_List_simple_types@U?$pair@$$CBUGridCoord@@V?$basic_string@DU?$char_traits@D@std@@V?$allocator@D@2@@std@@@std@@@std@@@std@@@2@@std@@@2@$0A@@std@@@std@@QEAA?AV?$_Tree_iterator@V?$_Tree_val@U?$_Tree_simple_types@U?$pair@$$CBU?$pair@_JV?$basic_string@DU?$char_traits@D@std@@V?$allocator@D@2@@std@@@std@@V?$_List_iterator@V?$_List_val@U?$_List_simple_types@U?$pair@$$CBUGridCoord@@V?$basic_string@DU?$char_traits@D@std@@V?$allocator@D@2@@std@@@std@@@std@@@std@@@2@@std@@@std@@@std@@@2@V?$_Tree_const_iterator@V?$_Tree_val@U?$_Tree_simple_types@U?$pair@$$CBU?$pair@_JV?$basic_string@DU?$char_traits@D@std@@V?$allocator@D@2@@std@@@std@@V?$_List_iterator@V?$_List_val@U?$_List_simple_types@U?$pair@$$CBUGridCoord@@V?$basic_string@DU?$char_traits@D@std@@V?$allocator@D@2@@std@@@std@@@std@@@std@@@2@@std@@@std@@@std@@@2@0@Z 0000000180004af0 f i matching_service.obj
 0001:00003cb0       ?reserve@?$vector@V?$_List_unchecked_iterator@V?$_List_val@U?$_List_simple_types@U?$pair@$$CBUGridCoord@@V?$basic_string@DU?$char_traits@D@std@@V?$allocator@D@2@@std@@@std@@@std@@@std@@@std@@V?$allocator@V?$_List_unchecked_iterator@V?$_List_val@U?$_List_simple_types@U?$pair@$$CBUGridCoord@@V?$basic_string@DU?$char_traits@D@std@@V?$allocator@D@2@@std@@@std@@@std@@@std@@@std@@@2@@std@@QEAAX_K@Z 0000000180004cb0 f i matching_service.obj
 0001:00003e40       ?assign@?$vector@V?$_List_unchecked_iterator@V?$_List_val@U?$_List_simple_types@U?$pair@$$CBUGridCoord@@V?$basic_string@DU?$char_traits@D@std@@V?$allocator@D@2@@std@@@std@@@std@@@std@@@std@@V?$allocator@V?$_List_unchecked_iterator@V?$_List_val@U?$_List_simple_types@U?$pair@$$CBUGridCoord@@V?$basic_string@DU?$char_traits@D@std@@V?$allocator@D@2@@std@@@std@@@std@@@std@@@std@@@2@@std@@QEAAX_KAEBV?$_List_unchecked_iterator@V?$_List_val@U?$_List_simple_types@U?$pair@$$CBUGridCoord@@V?$basic_string@DU?$char_traits@D@std@@V?$allocator@D@2@@std@@@std@@@std@@@std@@@2@@Z 0000000180004e40 f i matching_service.obj
 0001:00004020       ?erase@?$_Tree@V?$_Tmap_traits@U?$pair@_JV?$basic_string@DU?$char_traits@D@std@@V?$allocator@D@2@@std@@@std@@V?$_List_iterator@V?$_List_val@U?$_List_simple_types@U?$pair@$$CBUGridCoord@@V?$basic_string@DU?$char_traits@D@std@@V?$allocator@D@2@@std@@@std@@@std@@@std@@@2@U?$less@U?$pair@_JV?$basic_string@DU?$char_traits@D@std@@V?$allocator@D@2@@std@@@std@@@2@V?$allocator@U?$pair@$$CBU?$pair@_JV?$basic_string@DU?$char_traits@D@std@@V?$allocator@D@2@@std@@@std@@V?$_List_iterator@V?$_List_val@U?$_List_simple_types@U?$pair@$$CBUGridCoord@@V?$basic_string@DU?$char_traits@D@std@@V?$allocator@D@2@@std@@@std@@@std@@@std@@@2@@std@@@2@$0A@@std@@@std@@QEAA?AV?$_Tree_iterator@V?$_Tree_val@U?$_Tree_simple_types@U?$pair@$$CBU?$pair@_JV?$basic_string@DU?$char_traits@D@std@@V?$allocator@D@2@@std@@@std@@V?$_List_iterator@V?$_List_val@U?$_List_simple_types@U?$pair@$$CBUGridCoord@@V?$basic_string@DU?$char_traits@D@std@@V?$allocator@D@2@@std@@@std@@@std@@@std@@@2@@std@@@std@@@std@@@2@V?$_Tree_const_iterator@V?$_Tree_val@U?$_Tree_simple_types@U?$pair@$$CBU?$pair@_JV?$basic_string@DU?$char_traits@D@std@@V?$allocator@D@2@@std@@@std@@V?$_List_iterator@V?$_List_val@U?$_List_simple_types@U?$pair@$$CBUGridCoord@@V?$basic_string@DU?$char_traits@D@std@@V?$allocator@D@2@@std@@@std@@@std@@@std@@@2@@std@@@std@@@std@@@2@@Z 0000000180005020 f i matching_service.obj
 0001:00004130       ?_Freenode@?$_List_buy@U?$pair@$$CBUGridCoord@@V?$basic_string@DU?$char_traits@D@std@@V?$allocator@D@2@@std@@@std@@V?$allocator@U?$pair@$$CBUGridCoord@@V?$basic_string@DU?$char_traits@D@std@@V?$allocator@D@2@@std@@@std@@@2@@std@@QEAAXPEAU?$_List_node@U?$pair@$$CBUGridCoord@@V?$basic_string@DU?$char_traits@D@std@@V?$allocator@D@2@@std@@@std@@PEAX@2@@Z 0000000180005130 f i matching_service.obj
 0001:000041b0       ?_Erase@?$_Tree@V?$_Tmap_traits@U?$pair@_JV?$basic_string@DU?$char_traits@D@std@@V?$allocator@D@2@@std@@@std@@V?$_List_iterator@V?$_List_val@U?$_List_simple_types@U?$pair@$$CBUGridCoord@@V?$basic_string@DU?$char_traits@D@std@@V?$allocator@D@2@@std@@@std@@@std@@@std@@@2@U?$less@U?$pair@_JV?$basic_string@DU?$char_traits@D@std@@V?$allocator@D@2@@std@@@std@@@2@V?$allocator@U?$pair@$$CBU?$pair@_JV?$basic_string@DU?$char_traits@D@std@@V?$allocator@D@2@@std@@@std@@V?$_List_iterator@V?$_List_val@U?$_List_simple_types@U?$pair@$$CBUGridCoord@@V?$basic_string@DU?$char_traits@D@std@@V?$allocator@D@2@@std@@@std@@@std@@@std@@@2@@std@@@2@$0A@@std@@@std@@IEAAXPEAU?$_Tree_node@U?$pair@$$CBU?$pair@_JV?$basic_string@DU?$char_traits@D@std@@V?$allocator@D@2@@std@@@std@@V?$_List_iterator@V?$_List_val@U?$_List_simple_types@U?$pair@$$CBUGridCoord@@V?$basic_string@DU?$char_traits@D@std@@V?$allocator@D@2@@std@@@std@@@std@@@std@@@2@@std@@PEAX@2@@Z 00000001800051b0 f i matching_service.obj
 0001:00004280       ?_Extract@?$_Tree@V?$_Tmap_traits@U?$pair@_JV?$basic_string@DU?$char_traits@D@std@@V?$allocator@D@2@@std@@@std@@V?$_List_iterator@V?$_List_val@U?$_List_simple_types@U?$pair@$$CBUGridCoord@@V?$basic_string@DU?$char_traits@D@std@@V?$allocator@D@2@@std@@@std@@@std@@@std@@@2@U?$less@U?$pair@_JV?$basic_string@DU?$char_traits@D@std@@V?$allocator@D@2@@std@@@std@@@2@V?$allocator@U?$pair@$$CBU?$pair@_JV?$basic_string@DU?$char_traits@D@std@@V?$allocator@D@2@@std@@@std@@V?$_List_iterator@V?$_List_val@U?$_List_simple_types@U?$pair@$$CBUGridCoord@@V?$basic_string@DU?$char_traits@D@std@@V?$allocator@D@2@@std@@@std@@@std@@@std@@@2@@std@@@2@$0A@@std@@@std@@QEAAPEAU?$_Tree_node@U?$pair@$$CBU?$pair@_JV?$basic_string@DU?$char_traits@D@std@@V?$allocator@D@2@@std@@@std@@V?$_List_iterator@V?$_List_val@U?$_List_simple_types@U?$pair@$$CBUGridCoord@@V?$basic_string@DU?$char_traits@D@std@@V?$allocator@D@2@@std@@@std@@@std@@@std@@@2@@std@@PEAX@2@V?$_Tree_const_iterator@V?$_Tree_val@U?$_Tree_simple_types@U?$pair@$$CBU?$pair@_JV?$basic_string@DU?$char_traits@D@std@@V?$allocator@D@2@@std@@@std@@V?$_List_iterator@V?$_List_val@U?$_List_simple_types@U?$pair@$$CBUGridCoord@@V?$basic_string@DU?$char_traits@D@std@@V?$allocator@D@2@@std@@@std@@@std@@@std@@@2@@std@@@std@@@std@@@2@@Z 0000000180005280 f i matching_service.obj
 0001:00004730       ??$erase@V?$_List_iterator@V?$_List_val@U?$_List_simple_types@U?$pair@$$CBUGridCoord@@V?$basic_string@DU?$char_traits@D@std@@V?$allocator@D@2@@std@@@std@@@std@@@std@@@std@@X@?$_Hash@V?$_Umap_traits@UGridCoord@@V?$basic_string@DU?$char_traits@D@std@@V?$allocator@D@2@@std@@V?$_Uhash_compare@UGridCoord@@V?$hash@UGridCoord@@@std@@U?$equal_to@UGridCoord@@@3@@3@V?$allocator@U?$pair@$$CBUGridCoord@@V?$basic_string@DU?$char_traits@D@std@@V?$allocator@D@2@@std@@@std@@@3@$00@std@@@std@@QEAA?AV?$_List_iterator@V?$_List_val@U?$_List_simple_types@U?$pair@$$CBUGridCoord@@V?$basic_string@DU?$char_traits@D@std@@V?$allocator@D@2@@std@@@std@@@std@@@std@@@1@V21@@Z 0000000180005730 f i matching_service.obj
 0001:000049c0       ??$_Fill_unchecked@PEAV?$_List_unchecked_iterator@V?$_List_val@U?$_List_simple_types@U?$pair@$$CBUGridCoord@@V?$basic_string@DU?$char_traits@D@std@@V?$allocator@D@2@@std@@@std@@@std@@@std@@@std@@V12@@std@@YAXPEAV?$_List_unchecked_iterator@V?$_List_val@U?$_List_simple_types@U?$pair@$$CBUGridCoord@@V?$basic_string@DU?$char_traits@D@std@@V?$allocator@D@2@@std@@@std@@@std@@@std@@@0@0AEBV10@@Z 00000001800059c0 f i matching_service.obj
 0001:00004a60       ?_Fail@?$_Default_allocate_traits@$00@std@@SAXXZ 0000000180005a60 f i matching_service.obj
 0001:00004a70       ?_Check_size@?$_Hash@V?$_Umap_traits@UGridCoord@@V?$basic_string@DU?$char_traits@D@std@@V?$allocator@D@2@@std@@V?$_Uhash_compare@UGridCoord@@V?$hash@UGridCoord@@@std@@U?$equal_to@UGridCoord@@@3@@3@V?$allocator@U?$pair@$$CBUGridCoord@@V?$basic_string@DU?$char_traits@D@std@@V?$allocator@D@2@@std@@@std@@@3@$00@std@@@std@@IEAAXXZ 0000000180005a70 f i matching_service.obj
 0001:00004b40       ?_Xlen@?$basic_string@DU?$char_traits@D@std@@V?$allocator@D@2@@std@@SAXXZ 0000000180005b40 f i matching_service.obj
 0001:00004b60       ??$_Insert@U?$pair@$$CBUGridCoord@@V?$basic_string@DU?$char_traits@D@std@@V?$allocator@D@2@@std@@@std@@U_Not_a_node_tag@2@@?$_Hash@V?$_Umap_traits@UGridCoord@@V?$basic_string@DU?$char_traits@D@std@@V?$allocator@D@2@@std@@V?$_Uhash_compare@UGridCoord@@V?$hash@UGridCoord@@@std@@U?$equal_to@UGridCoord@@@3@@3@V?$allocator@U?$pair@$$CBUGridCoord@@V?$basic_string@DU?$char_traits@D@std@@V?$allocator@D@2@@std@@@std@@@3@$00@std@@@std@@IEAA?AU?$pair@V?$_List_iterator@V?$_List_val@U?$_List_simple_types@U?$pair@$$CBUGridCoord@@V?$basic_string@DU?$char_traits@D@std@@V?$allocator@D@2@@std@@@std@@@std@@@std@@@std@@_N@1@$$QEAU?$pair@$$CBUGridCoord@@V?$basic_string@DU?$char_traits@D@std@@V?$allocator@D@2@@std@@@1@U_Not_a_node_tag@1@@Z 0000000180005b60 f i matching_service.obj
 0001:00004db0       ??$_Insert_range@PEAV?$basic_string@DU?$char_traits@D@std@@V?$allocator@D@2@@std@@@?$vector@V?$basic_string@DU?$char_traits@D@std@@V?$allocator@D@2@@std@@V?$allocator@V?$basic_string@DU?$char_traits@D@std@@V?$allocator@D@2@@std@@@2@@std@@AEAAXV?$_Vector_const_iterator@V?$_Vector_val@U?$_Simple_types@V?$basic_string@DU?$char_traits@D@std@@V?$allocator@D@2@@std@@@std@@@std@@@1@PEAV?$basic_string@DU?$char_traits@D@std@@V?$allocator@D@2@@1@1Uforward_iterator_tag@1@@Z 0000000180005db0 f i matching_service.obj
 0001:00005400       ?_Umove@?$vector@V?$basic_string@DU?$char_traits@D@std@@V?$allocator@D@2@@std@@V?$allocator@V?$basic_string@DU?$char_traits@D@std@@V?$allocator@D@2@@std@@@2@@std@@AEAAPEAV?$basic_string@DU?$char_traits@D@std@@V?$allocator@D@2@@2@PEAV32@00@Z 0000000180006400 f i matching_service.obj
 0001:00005450       ??$_Ucopy@PEAV?$basic_string@DU?$char_traits@D@std@@V?$allocator@D@2@@std@@@?$vector@V?$basic_string@DU?$char_traits@D@std@@V?$allocator@D@2@@std@@V?$allocator@V?$basic_string@DU?$char_traits@D@std@@V?$allocator@D@2@@std@@@2@@std@@AEAAPEAV?$basic_string@DU?$char_traits@D@std@@V?$allocator@D@2@@1@PEAV21@00@Z 0000000180006450 f i matching_service.obj
 0001:000054a0       ??$_Insert_hint@AEAU?$pair@$$CBU?$pair@_JV?$basic_string@DU?$char_traits@D@std@@V?$allocator@D@2@@std@@@std@@V?$_List_iterator@V?$_List_val@U?$_List_simple_types@U?$pair@$$CBUGridCoord@@V?$basic_string@DU?$char_traits@D@std@@V?$allocator@D@2@@std@@@std@@@std@@@std@@@2@@std@@PEAU?$_Tree_node@U?$pair@$$CBU?$pair@_JV?$basic_string@DU?$char_traits@D@std@@V?$allocator@D@2@@std@@@std@@V?$_List_iterator@V?$_List_val@U?$_List_simple_types@U?$pair@$$CBUGridCoord@@V?$basic_string@DU?$char_traits@D@std@@V?$allocator@D@2@@std@@@std@@@std@@@std@@@2@@std@@PEAX@2@@?$_Tree@V?$_Tmap_traits@U?$pair@_JV?$basic_string@DU?$char_traits@D@std@@V?$allocator@D@2@@std@@@std@@V?$_List_iterator@V?$_List_val@U?$_List_simple_types@U?$pair@$$CBUGridCoord@@V?$basic_string@DU?$char_traits@D@std@@V?$allocator@D@2@@std@@@std@@@std@@@std@@@2@U?$less@U?$pair@_JV?$basic_string@DU?$char_traits@D@std@@V?$allocator@D@2@@std@@@std@@@2@V?$allocator@U?$pair@$$CBU?$pair@_JV?$basic_string@DU?$char_traits@D@std@@V?$allocator@D@2@@std@@@std@@V?$_List_iterator@V?$_List_val@U?$_List_simple_types@U?$pair@$$CBUGridCoord@@V?$basic_string@DU?$char_traits@D@std@@V?$allocator@D@2@@std@@@std@@@std@@@std@@@2@@std@@@2@$0A@@std@@@std@@IEAA?AV?$_Tree_iterator@V?$_Tree_val@U?$_Tree_simple_types@U?$pair@$$CBU?$pair@_JV?$basic_string@DU?$char_traits@D@std@@V?$allocator@D@2@@std@@@std@@V?$_List_iterator@V?$_List_val@U?$_List_simple_types@U?$pair@$$CBUGridCoord@@V?$basic_string@DU?$char_traits@D@std@@V?$allocator@D@2@@std@@@std@@@std@@@std@@@2@@std@@@std@@@std@@@1@V?$_Tree_const_iterator@V?$_Tree_val@U?$_Tree_simple_types@U?$pair@$$CBU?$pair@_JV?$basic_string@DU?$char_traits@D@std@@V?$allocator@D@2@@std@@@std@@V?$_List_iterator@V?$_List_val@U?$_List_simple_types@U?$pair@$$CBUGridCoord@@V?$basic_string@DU?$char_traits@D@std@@V?$allocator@D@2@@std@@@std@@@std@@@std@@@2@@std@@@std@@@std@@@1@AEAU?$pair@$$CBU?$pair@_JV?$basic_string@DU?$char_traits@D@std@@V?$allocator@D@2@@std@@@std@@V?$_List_iterator@V?$_List_val@U?$_List_simple_types@U?$pair@$$CBUGridCoord@@V?$basic_string@DU?$char_traits@D@std@@V?$allocator@D@2@@std@@@std@@@std@@@std@@@2@@1@PEAU?$_Tree_node@U?$pair@$$CBU?$pair@_JV?$basic_string@DU?$char_traits@D@std@@V?$allocator@D@2@@std@@@std@@V?$_List_iterator@V?$_List_val@U?$_List_simple_types@U?$pair@$$CBUGridCoord@@V?$basic_string@DU?$char_traits@D@std@@V?$allocator@D@2@@std@@@std@@@std@@@std@@@2@@std@@PEAX@1@@Z 00000001800064a0 f i matching_service.obj
 0001:000058d0       ?_Destroy_if_node@?$_Tree@V?$_Tmap_traits@U?$pair@_JV?$basic_string@DU?$char_traits@D@std@@V?$allocator@D@2@@std@@@std@@V?$_List_iterator@V?$_List_val@U?$_List_simple_types@U?$pair@$$CBUGridCoord@@V?$basic_string@DU?$char_traits@D@std@@V?$allocator@D@2@@std@@@std@@@std@@@std@@@2@U?$less@U?$pair@_JV?$basic_string@DU?$char_traits@D@std@@V?$allocator@D@2@@std@@@std@@@2@V?$allocator@U?$pair@$$CBU?$pair@_JV?$basic_string@DU?$char_traits@D@std@@V?$allocator@D@2@@std@@@std@@V?$_List_iterator@V?$_List_val@U?$_List_simple_types@U?$pair@$$CBUGridCoord@@V?$basic_string@DU?$char_traits@D@std@@V?$allocator@D@2@@std@@@std@@@std@@@std@@@2@@std@@@2@$0A@@std@@@std@@IEAAXPEAU?$_Tree_node@U?$pair@$$CBU?$pair@_JV?$basic_string@DU?$char_traits@D@std@@V?$allocator@D@2@@std@@@std@@V?$_List_iterator@V?$_List_val@U?$_List_simple_types@U?$pair@$$CBUGridCoord@@V?$basic_string@DU?$char_traits@D@std@@V?$allocator@D@2@@std@@@std@@@std@@@std@@@2@@std@@PEAX@2@@Z 00000001800068d0 f i matching_service.obj
 0001:00005950       ??$_Insert_at@AEAU?$pair@$$CBU?$pair@_JV?$basic_string@DU?$char_traits@D@std@@V?$allocator@D@2@@std@@@std@@V?$_List_iterator@V?$_List_val@U?$_List_simple_types@U?$pair@$$CBUGridCoord@@V?$basic_string@DU?$char_traits@D@std@@V?$allocator@D@2@@std@@@std@@@std@@@std@@@2@@std@@PEAU?$_Tree_node@U?$pair@$$CBU?$pair@_JV?$basic_string@DU?$char_traits@D@std@@V?$allocator@D@2@@std@@@std@@V?$_List_iterator@V?$_List_val@U?$_List_simple_types@U?$pair@$$CBUGridCoord@@V?$basic_string@DU?$char_traits@D@std@@V?$allocator@D@2@@std@@@std@@@std@@@std@@@2@@std@@PEAX@2@@?$_Tree@V?$_Tmap_traits@U?$pair@_JV?$basic_string@DU?$char_traits@D@std@@V?$allocator@D@2@@std@@@std@@V?$_List_iterator@V?$_List_val@U?$_List_simple_types@U?$pair@$$CBUGridCoord@@V?$basic_string@DU?$char_traits@D@std@@V?$allocator@D@2@@std@@@std@@@std@@@std@@@2@U?$less@U?$pair@_JV?$basic_string@DU?$char_traits@D@std@@V?$allocator@D@2@@std@@@std@@@2@V?$allocator@U?$pair@$$CBU?$pair@_JV?$basic_string@DU?$char_traits@D@std@@V?$allocator@D@2@@std@@@std@@V?$_List_iterator@V?$_List_val@U?$_List_simple_types@U?$pair@$$CBUGridCoord@@V?$basic_string@DU?$char_traits@D@std@@V?$allocator@D@2@@std@@@std@@@std@@@std@@@2@@std@@@2@$0A@@std@@@std@@IEAA?AV?$_Tree_iterator@V?$_Tree_val@U?$_Tree_simple_types@U?$pair@$$CBU?$pair@_JV?$basic_string@DU?$char_traits@D@std@@V?$allocator@D@2@@std@@@std@@V?$_List_iterator@V?$_List_val@U?$_List_simple_types@U?$pair@$$CBUGridCoord@@V?$basic_string@DU?$char_traits@D@std@@V?$allocator@D@2@@std@@@std@@@std@@@std@@@2@@std@@@std@@@std@@@1@_NPEAU?$_Tree_node@U?$pair@$$CBU?$pair@_JV?$basic_string@DU?$char_traits@D@std@@V?$allocator@D@2@@std@@@std@@V?$_List_iterator@V?$_List_val@U?$_List_simple_types@U?$pair@$$CBUGridCoord@@V?$basic_string@DU?$char_traits@D@std@@V?$allocator@D@2@@std@@@std@@@std@@@std@@@2@@std@@PEAX@1@AEAU?$pair@$$CBU?$pair@_JV?$basic_string@DU?$char_traits@D@std@@V?$allocator@D@2@@std@@@std@@V?$_List_iterator@V?$_List_val@U?$_List_simple_types@U?$pair@$$CBUGridCoord@@V?$basic_string@DU?$char_traits@D@std@@V?$allocator@D@2@@std@@@std@@@std@@@std@@@2@@1@1@Z 0000000180006950 f i matching_service.obj
 0001:00005c10       ??$_Insert_nohint@AEAU?$pair@$$CBU?$pair@_JV?$basic_string@DU?$char_traits@D@std@@V?$allocator@D@2@@std@@@std@@V?$_List_iterator@V?$_List_val@U?$_List_simple_types@U?$pair@$$CBUGridCoord@@V?$basic_string@DU?$char_traits@D@std@@V?$allocator@D@2@@std@@@std@@@std@@@std@@@2@@std@@PEAU?$_Tree_node@U?$pair@$$CBU?$pair@_JV?$basic_string@DU?$char_traits@D@std@@V?$allocator@D@2@@std@@@std@@V?$_List_iterator@V?$_List_val@U?$_List_simple_types@U?$pair@$$CBUGridCoord@@V?$basic_string@DU?$char_traits@D@std@@V?$allocator@D@2@@std@@@std@@@std@@@std@@@2@@std@@PEAX@2@@?$_Tree@V?$_Tmap_traits@U?$pair@_JV?$basic_string@DU?$char_traits@D@std@@V?$allocator@D@2@@std@@@std@@V?$_List_iterator@V?$_List_val@U?$_List_simple_types@U?$pair@$$CBUGridCoord@@V?$basic_string@DU?$char_traits@D@std@@V?$allocator@D@2@@std@@@std@@@std@@@std@@@2@U?$less@U?$pair@_JV?$basic_string@DU?$char_traits@D@std@@V?$allocator@D@2@@std@@@std@@@2@V?$allocator@U?$pair@$$CBU?$pair@_JV?$basic_string@DU?$char_traits@D@std@@V?$allocator@D@2@@std@@@std@@V?$_List_iterator@V?$_List_val@U?$_List_simple_types@U?$pair@$$CBUGridCoord@@V?$basic_string@DU?$char_traits@D@std@@V?$allocator@D@2@@std@@@std@@@std@@@std@@@2@@std@@@2@$0A@@std@@@std@@IEAA?AU?$pair@V?$_Tree_iterator@V?$_Tree_val@U?$_Tree_simple_types@U?$pair@$$CBU?$pair@_JV?$basic_string@DU?$char_traits@D@std@@V?$allocator@D@2@@std@@@std@@V?$_List_iterator@V?$_List_val@U?$_List_simple_types@U?$pair@$$CBUGridCoord@@V?$basic_string@DU?$char_traits@D@std@@V?$allocator@D@2@@std@@@std@@@std@@@std@@@2@@std@@@std@@@std@@@std@@_N@1@_NAEAU?$pair@$$CBU?$pair@_JV?$basic_string@DU?$char_traits@D@std@@V?$allocator@D@2@@std@@@std@@V?$_List_iterator@V?$_List_val@U?$_List_simple_types@U?$pair@$$CBUGridCoord@@V?$basic_string@DU?$char_traits@D@std@@V?$allocator@D@2@@std@@@std@@@std@@@std@@@2@@1@PEAU?$_Tree_node@U?$pair@$$CBU?$pair@_JV?$basic_string@DU?$char_traits@D@std@@V?$allocator@D@2@@std@@@std@@V?$_List_iterator@V?$_List_val@U?$_List_simple_types@U?$pair@$$CBUGridCoord@@V?$basic_string@DU?$char_traits@D@std@@V?$allocator@D@2@@std@@@std@@@std@@@std@@@2@@std@@PEAX@1@@Z 0000000180006c10 f i matching_service.obj
 0001:00005e4c       __imp_load_node_module_register 0000000180006e4c f   node:node.exe
 0001:00005e58       __tailMerge_node_exe       0000000180006e58     node:node.exe
 0001:00005ed1       __imp_load_?New@Signature@v8@@SA?AV?$Local@VSignature@v8@@@2@PEAVIsolate@2@V?$Local@VFunctionTemplate@v8@@@2@@Z 0000000180006ed1 f   node:node.exe
 0001:00005edd       __imp_load_?GetCurrentContext@Isolate@v8@@QEAA?AV?$Local@VContext@v8@@@2@XZ 0000000180006edd f   node:node.exe
 0001:00005ee9       __imp_load_?GetCurrent@Isolate@v8@@SAPEAV12@XZ 0000000180006ee9 f   node:node.exe
 0001:00005ef5       __imp_load_?CreateHandle@HandleScope@v8@@KAPEAPEAVObject@internal@2@PEAVIsolate@42@PEAV342@@Z 0000000180006ef5 f   node:node.exe
 0001:00005f01       __imp_load_??1HandleScope@v8@@QEAA@XZ 0000000180006f01 f   node:node.exe
 0001:00005f0d       __imp_load_??0HandleScope@v8@@QEAA@PEAVIsolate@1@@Z 0000000180006f0d f   node:node.exe
 0001:00005f19       __imp_load_?Set@Template@v8@@QEAAXV?$Local@VName@v8@@@2@V?$Local@VData@v8@@@2@W4PropertyAttribute@2@@Z 0000000180006f19 f   node:node.exe
 0001:00005f25       __imp_load_?New@Array@v8@@SA?AV?$Local@VArray@v8@@@2@PEAVIsolate@2@H@Z 0000000180006f25 f   node:node.exe
 0001:00005f31       __imp_load_?Length@Array@v8@@QEBAIXZ 0000000180006f31 f   node:node.exe
 0001:00005f3d       __imp_load_?SetClassName@FunctionTemplate@v8@@QEAAXV?$Local@VString@v8@@@2@@Z 0000000180006f3d f   node:node.exe
 0001:00005f49       __imp_load_?PrototypeTemplate@FunctionTemplate@v8@@QEAA?AV?$Local@VObjectTemplate@v8@@@2@XZ 0000000180006f49 f   node:node.exe
 0001:00005f55       __imp_load_?InstanceTemplate@FunctionTemplate@v8@@QEAA?AV?$Local@VObjectTemplate@v8@@@2@XZ 0000000180006f55 f   node:node.exe
 0001:00005f61       __imp_load_?GetFunction@FunctionTemplate@v8@@QEAA?AV?$Local@VFunction@v8@@@2@XZ 0000000180006f61 f   node:node.exe
 0001:00005f6d       __imp_load_?New@FunctionTemplate@v8@@SA?AV?$Local@VFunctionTemplate@v8@@@2@PEAVIsolate@2@P6AXAEBV?$FunctionCallbackInfo@VValue@v8@@@2@@ZV?$Local@VValue@v8@@@2@V?$Local@VSignature@v8@@@2@HW4ConstructorBehavior@2@@Z 0000000180006f6d f   node:node.exe
 0001:00005f79       __imp_load_?ToLocalEmpty@V8@v8@@CAXXZ 0000000180006f79 f   node:node.exe
 0001:00005f85       __imp_load_?ClearWeak@V8@v8@@CAPEAXPEAPEAVObject@internal@2@@Z 0000000180006f85 f   node:node.exe
 0001:00005f91       __imp_load_?MakeWeak@V8@v8@@CAXPEAPEAVObject@internal@2@PEAXP6AXAEBV?$WeakCallbackInfo@X@2@@ZW4WeakCallbackType@2@@Z 0000000180006f91 f   node:node.exe
 0001:00005f9d       __imp_load_?DisposeGlobal@V8@v8@@CAXPEAPEAVObject@internal@2@@Z 0000000180006f9d f   node:node.exe
 0001:00005fa9       __imp_load_?GlobalizeReference@V8@v8@@CAPEAPEAVObject@internal@2@PEAVIsolate@42@PEAPEAV342@@Z 0000000180006fa9 f   node:node.exe
 0001:00005fb5       __imp_load_?NumberValue@Value@v8@@QEBANXZ 0000000180006fb5 f   node:node.exe
 0001:00005fc1       __imp_load_?IsNumber@Value@v8@@QEBA_NXZ 0000000180006fc1 f   node:node.exe
 0001:00005fcd       __imp_load_??1Utf8Value@String@v8@@QEAA@XZ 0000000180006fcd f   node:node.exe
 0001:00005fd9       __imp_load_??0Utf8Value@String@v8@@QEAA@V?$Local@VValue@v8@@@2@@Z 0000000180006fd9 f   node:node.exe
 0001:00005fe5       __imp_load_?NewFromUtf8@String@v8@@SA?AV?$Local@VString@v8@@@2@PEAVIsolate@2@PEBDW4NewStringType@12@H@Z 0000000180006fe5 f   node:node.exe
 0001:00005ff1       __imp_load_?GetIsolate@Object@v8@@QEAAPEAVIsolate@2@XZ 0000000180006ff1 f   node:node.exe
 0001:00005ffd       __imp_load_?SetAlignedPointerInInternalField@Object@v8@@QEAAXHPEAX@Z 0000000180006ffd f   node:node.exe
 0001:00006009       __imp_load_?InternalFieldCount@Object@v8@@QEAAHXZ 0000000180007009 f   node:node.exe
 0001:00006015       __imp_load_?Set@Object@v8@@QEAA_NV?$Local@VValue@v8@@@2@0@Z 0000000180007015 f   node:node.exe
 0001:00006021       __imp_load_?Set@Object@v8@@QEAA_NIV?$Local@VValue@v8@@@2@@Z 0000000180007021 f   node:node.exe
 0001:0000602d       __imp_load_?NewInstance@Function@v8@@QEBA?AV?$MaybeLocal@VObject@v8@@@2@V?$Local@VContext@v8@@@2@HQEAV?$Local@VValue@v8@@@2@@Z 000000018000702d f   node:node.exe
 0001:00006039       __imp_load_?SetInternalFieldCount@ObjectTemplate@v8@@QEAAXH@Z 0000000180007039 f   node:node.exe
 0001:00006045       __imp_load_?ToString@Value@v8@@QEBA?AV?$Local@VString@v8@@@2@XZ 0000000180007045 f   node:node.exe
 0001:00006054       ??0bad_alloc@std@@QEAA@AEBV01@@Z 0000000180007054 f i libcpmt:xthrow.obj
 0001:00006094       ??0bad_alloc@std@@QEAA@XZ  0000000180007094 f i libcpmt:xthrow.obj
 0001:000060b4       ??0exception@std@@QEAA@AEBV01@@Z 00000001800070b4 f i libcpmt:xthrow.obj
 0001:000060ec       ??0length_error@std@@QEAA@AEBV01@@Z 00000001800070ec f i libcpmt:xthrow.obj
 0001:0000612c       ??0length_error@std@@QEAA@PEBD@Z 000000018000712c f i libcpmt:xthrow.obj
 0001:00006178       ??0logic_error@std@@QEAA@AEBV01@@Z 0000000180007178 f i libcpmt:xthrow.obj
 0001:000061b8       ??0out_of_range@std@@QEAA@AEBV01@@Z 00000001800071b8 f i libcpmt:xthrow.obj
 0001:000061f8       ??0out_of_range@std@@QEAA@PEBD@Z 00000001800071f8 f i libcpmt:xthrow.obj
 0001:00006244       ??1length_error@std@@UEAA@XZ 0000000180007244 f i libcpmt:xthrow.obj
 0001:00006244       ??1bad_alloc@std@@UEAA@XZ  0000000180007244 f i libcpmt:xthrow.obj
 0001:00006244       ??1out_of_range@std@@UEAA@XZ 0000000180007244 f i libcpmt:xthrow.obj
 0001:00006244       ??1bad_array_new_length@std@@UEAA@XZ 0000000180007244 f i LIBCMT:throw_bad_alloc.obj
 0001:00006258       ??_Gbad_alloc@std@@UEAAPEAXI@Z 0000000180007258 f i libcpmt:xthrow.obj
 0001:00006258       ??_Gout_of_range@std@@UEAAPEAXI@Z 0000000180007258 f i libcpmt:xthrow.obj
 0001:00006258       ??_Elength_error@std@@UEAAPEAXI@Z 0000000180007258 f i libcpmt:xthrow.obj
 0001:00006258       ??_Eout_of_range@std@@UEAAPEAXI@Z 0000000180007258 f i libcpmt:xthrow.obj
 0001:00006258       ??_Gbad_array_new_length@std@@UEAAPEAXI@Z 0000000180007258 f i LIBCMT:throw_bad_alloc.obj
 0001:00006258       ??_Gexception@std@@UEAAPEAXI@Z 0000000180007258 f i libcpmt:xthrow.obj
 0001:00006258       ??_Elogic_error@std@@UEAAPEAXI@Z 0000000180007258 f i libcpmt:xthrow.obj
 0001:00006258       ??_Ebad_array_new_length@std@@UEAAPEAXI@Z 0000000180007258 f i LIBCMT:throw_bad_alloc.obj
 0001:00006258       ??_Glogic_error@std@@UEAAPEAXI@Z 0000000180007258 f i libcpmt:xthrow.obj
 0001:00006258       ??_Ebad_alloc@std@@UEAAPEAXI@Z 0000000180007258 f i libcpmt:xthrow.obj
 0001:00006258       ??_Glength_error@std@@UEAAPEAXI@Z 0000000180007258 f i libcpmt:xthrow.obj
 0001:00006258       ??_Eexception@std@@UEAAPEAXI@Z 0000000180007258 f i libcpmt:xthrow.obj
 0001:0000629c       ?__scrt_throw_std_bad_alloc@@YAXXZ 000000018000729c f   LIBCMT:throw_bad_alloc.obj
 0001:0000629c       ?_Xbad_alloc@std@@YAXXZ    000000018000729c f   libcpmt:xthrow.obj
 0001:000062bc       ?_Xlength_error@std@@YAXPEBD@Z 00000001800072bc f   libcpmt:xthrow.obj
 0001:000062e0       ?_Xout_of_range@std@@YAXPEBD@Z 00000001800072e0 f   libcpmt:xthrow.obj
 0001:00006304       ?what@exception@std@@UEBAPEBDXZ 0000000180007304 f i libcpmt:xthrow.obj
 0001:00006330       __security_check_cookie    0000000180007330 f   LIBCMT:_amdsecgs_.obj
 0001:00006354       ??2@YAPEAX_K@Z             0000000180007354 f   LIBCMT:new_scalar.obj
 0001:00006390       __scrt_acquire_startup_lock 0000000180007390 f   LIBCMT:utility.obj
 0001:000063cc       __scrt_dllmain_after_initialize_c 00000001800073cc f   LIBCMT:utility.obj
 0001:00006400       __scrt_dllmain_before_initialize_c 0000000180007400 f   LIBCMT:utility.obj
 0001:00006418       __scrt_dllmain_crt_thread_attach 0000000180007418 f   LIBCMT:utility.obj
 0001:00006440       __scrt_dllmain_crt_thread_detach 0000000180007440 f   LIBCMT:utility.obj
 0001:00006458       __scrt_dllmain_exception_filter 0000000180007458 f   LIBCMT:utility.obj
 0001:000064bc       __scrt_dllmain_uninitialize_c 00000001800074bc f   LIBCMT:utility.obj
 0001:000064ec       __scrt_dllmain_uninitialize_critical 00000001800074ec f   LIBCMT:utility.obj
 0001:00006500       __scrt_initialize_crt      0000000180007500 f   LIBCMT:utility.obj
 0001:0000654c       __scrt_initialize_onexit_tables 000000018000754c f   LIBCMT:utility.obj
 0001:0000662c       __scrt_is_nonwritable_in_current_image 000000018000762c f   LIBCMT:utility.obj
 0001:000066c8       __scrt_release_startup_lock 00000001800076c8 f   LIBCMT:utility.obj
 0001:000066ec       __scrt_uninitialize_crt    00000001800076ec f   LIBCMT:utility.obj
 0001:00006718       _onexit                    0000000180007718 f   LIBCMT:utility.obj
 0001:00006768       atexit                     0000000180007768 f   LIBCMT:utility.obj
 0001:00006780       ??3@YAXPEAX_K@Z            0000000180007780 f   LIBCMT:delete_scalar_size.obj
 0001:00006acc       _DllMainCRTStartup         0000000180007acc f   LIBCMT:dll_dllmain.obj
 0001:00006b0c       ??_Gtype_info@@UEAAPEAXI@Z 0000000180007b0c f i LIBCMT:std_type_info_static.obj
 0001:00006b0c       ??_Etype_info@@UEAAPEAXI@Z 0000000180007b0c f i LIBCMT:std_type_info_static.obj
 0001:00006b38       __raise_securityfailure    0000000180007b38 f   LIBCMT:gs_report.obj
 0001:00006b6c       __report_gsfailure         0000000180007b6c f   LIBCMT:gs_report.obj
 0001:00006c40       __report_rangecheckfailure 0000000180007c40 f   LIBCMT:gs_report.obj
 0001:00006c54       __report_securityfailure   0000000180007c54 f   LIBCMT:gs_report.obj
 0001:00006dd4       ??0bad_array_new_length@std@@QEAA@AEBV01@@Z 0000000180007dd4 f i LIBCMT:throw_bad_alloc.obj
 0001:00006e14       ??0bad_array_new_length@std@@QEAA@XZ 0000000180007e14 f i LIBCMT:throw_bad_alloc.obj
 0001:00006e34       ?__scrt_throw_std_bad_array_new_length@@YAXXZ 0000000180007e34 f   LIBCMT:throw_bad_alloc.obj
 0001:00006e54       __isa_available_init       0000000180007e54 f   LIBCMT:_cpu_disp_.obj
 0001:00007010       __scrt_is_ucrt_dll_in_use  0000000180008010 f   LIBCMT:ucrt_detection.obj
 0001:0000701c       __crt_debugger_hook        000000018000801c f   LIBCMT:utility_desktop.obj
 0001:00007024       __scrt_fastfail            0000000180008024 f   LIBCMT:utility_desktop.obj
 0001:00007170       _guard_check_icall         0000000180008170 f i LIBCMT:checkcfg.obj
 0001:00007178       ??3@YAXPEAX@Z              0000000180008178 f   LIBCMT:delete_scalar.obj
 0001:00007180       __security_init_cookie     0000000180008180 f   LIBCMT:gs_support.obj
 0001:00007230       _get_startup_argv_mode     0000000180008230 f   LIBCMT:argv_mode.obj
 0001:00007230       DllMain                    0000000180008230 f   LIBCMT:dll_dllmain_stub.obj
 0001:00007238       ?__scrt_initialize_type_info@@YAXXZ 0000000180008238 f   LIBCMT:tncleanup.obj
 0001:00007248       ?__scrt_uninitialize_type_info@@YAXXZ 0000000180008248 f   LIBCMT:tncleanup.obj
 0001:00007254       __local_stdio_printf_options 0000000180008254 f i LIBCMT:default_local_stdio_options.obj
 0001:0000725c       __local_stdio_scanf_options 000000018000825c f i LIBCMT:default_local_stdio_options.obj
 0001:00007264       __scrt_initialize_default_local_stdio_options 0000000180008264 f   LIBCMT:default_local_stdio_options.obj
 0001:00007280       __scrt_get_dyn_tls_init_callback 0000000180008280 f   LIBCMT:dyn_tls_init.obj
 0001:00007288       _RTC_Initialize            0000000180008288 f   LIBCMT:_initsect_.obj
 0001:000072d4       _RTC_Terminate             00000001800082d4 f   LIBCMT:_initsect_.obj
 0001:00007320       _guard_check_icall_nop     0000000180008320 f i LIBCMT:guard_support.obj
 0001:00007340       memmove                    0000000180008340 f   libvcruntime:memcpy.obj
 0001:00007340       memcpy                     0000000180008340 f   libvcruntime:memcpy.obj
 0001:00007788       __std_exception_copy       0000000180008788 f   libvcruntime:std_exception.obj
 0001:00007818       __std_exception_destroy    0000000180008818 f   libvcruntime:std_exception.obj
 0001:00007840       _CxxThrowException         0000000180008840 f   libvcruntime:throw.obj
 0001:00007918       __vcrt_initialize          0000000180008918 f   libvcruntime:initialization.obj
 0001:0000794c       __vcrt_thread_attach       000000018000894c f   libvcruntime:initialization.obj
 0001:00007960       __vcrt_thread_detach       0000000180008960 f   libvcruntime:initialization.obj
 0001:00007974       __vcrt_uninitialize        0000000180008974 f   libvcruntime:initialization.obj
 0001:00007994       __vcrt_uninitialize_critical 0000000180008994 f   libvcruntime:initialization.obj
 0001:000079a4       __C_specific_handler       00000001800089a4 f   libvcruntime:_riscchandler_.obj
 0001:00007bc0       memset                     0000000180008bc0 f   libvcruntime:memset.obj
 0001:00007d70       __std_type_info_destroy_list 0000000180008d70 f   libvcruntime:std_type_info.obj
 0001:00007d9c       __vcrt_freefls             0000000180008d9c f   libvcruntime:per_thread_data.obj
 0001:00007dbc       __vcrt_freeptd             0000000180008dbc f   libvcruntime:per_thread_data.obj
 0001:00007e0c       __vcrt_getptd_noexit       0000000180008e0c f   libvcruntime:per_thread_data.obj
 0001:00007ec4       __vcrt_initialize_ptd      0000000180008ec4 f   libvcruntime:per_thread_data.obj
 0001:00007f18       __vcrt_uninitialize_ptd    0000000180008f18 f   libvcruntime:per_thread_data.obj
 0001:00007f3c       __vcrt_initialize_locks    0000000180008f3c f   libvcruntime:locks.obj
 0001:00007f84       __vcrt_uninitialize_locks  0000000180008f84 f   libvcruntime:locks.obj
 0001:00008194       __vcrt_FlsAlloc            0000000180009194 f   libvcruntime:winapi_downlevel.obj
 0001:000081e8       __vcrt_FlsFree             00000001800091e8 f   libvcruntime:winapi_downlevel.obj
 0001:0000823c       __vcrt_FlsGetValue         000000018000923c f   libvcruntime:winapi_downlevel.obj
 0001:00008290       __vcrt_FlsSetValue         0000000180009290 f   libvcruntime:winapi_downlevel.obj
 0001:000082f8       __vcrt_InitializeCriticalSectionEx 00000001800092f8 f   libvcruntime:winapi_downlevel.obj
 0001:00008370       __vcrt_initialize_winapi_thunks 0000000180009370 f   libvcruntime:winapi_downlevel.obj
 0001:000083b4       __vcrt_uninitialize_winapi_thunks 00000001800093b4 f   libvcruntime:winapi_downlevel.obj
 0001:000083f4       __vcrt_initialize_pure_virtual_call_handler 00000001800093f4 f   libvcruntime:purevirt_data.obj
 0001:00008430       _local_unwind              0000000180009430 f   libvcruntime:_jmpuwind_.obj
 0001:00008460       _NLG_Notify                0000000180009460 f   libvcruntime:_jmpuwind_.obj
 0001:00008480       __NLG_Dispatch2            0000000180009480 f   libvcruntime:_jmpuwind_.obj
 0001:00008490       __NLG_Return2              0000000180009490 f   libvcruntime:_jmpuwind_.obj
 0001:00008494       __except_validate_context_record 0000000180009494 f   libvcruntime:jbcxrval.obj
 0001:00008564       _time64                    0000000180009564 f   libucrt:time.obj
 0001:000085a4       round                      00000001800095a4 f   libucrt:round.obj
 0001:00008fe0       ??$ftprintf@PEAU_iobuf@@PEB_WAEBQEB_WAEBQEB_WAEBI@?$__crt_char_traits@_W@@SAH$$QEAPEAU_iobuf@@$$QEAPEB_WAEBQEB_W2AEBI@Z 0000000180009fe0 f i libucrt:assert.obj
 0001:00009008       _wassert                   000000018000a008 f   libucrt:assert.obj
 0001:0000908c       fwprintf                   000000018000a08c f i libucrt:assert.obj
 0001:000090d0       swprintf                   000000018000a0d0 f i libucrt:assert.obj
 0001:00009124       __acrt_call_reportfault    000000018000a124 f   libucrt:invalid_parameter.obj
 0001:00009280       __acrt_initialize_invalid_parameter_handler 000000018000a280 f   libucrt:invalid_parameter.obj
 0001:00009288       _invalid_parameter         000000018000a288 f   libucrt:invalid_parameter.obj
 0001:00009338       _invalid_parameter_noinfo  000000018000a338 f   libucrt:invalid_parameter.obj
 0001:00009358       _invalid_parameter_noinfo_noreturn 000000018000a358 f   libucrt:invalid_parameter.obj
 0001:00009388       _invoke_watson             000000018000a388 f   libucrt:invalid_parameter.obj
 0001:000093d0       ??0_LocaleUpdate@@QEAA@QEAU__crt_locale_pointers@@@Z 000000018000a3d0 f i libucrt:stricmp.obj
 0001:00009460       __ascii_stricmp            000000018000a460 f   libucrt:stricmp.obj
 0001:000094a0       _stricmp                   000000018000a4a0 f   libucrt:stricmp.obj
 0001:000094e8       _stricmp_l                 000000018000a4e8 f   libucrt:stricmp.obj
 0001:0000959c       __acrt_initialize_new_handler 000000018000a59c f   libucrt:new_handler.obj
 0001:000095a4       _callnewh                  000000018000a5a4 f   libucrt:new_handler.obj
 0001:000095d4       _query_new_handler         000000018000a5d4 f   libucrt:new_handler.obj
 0001:00009608       malloc                     000000018000a608 f   libucrt:malloc.obj
 0001:00009610       _seh_filter_dll            000000018000a610 f   libucrt:exception_filter.obj
 0001:00009624       _seh_filter_exe            000000018000a624 f   libucrt:exception_filter.obj
 0001:00009a30       __acrt_initialize_thread_local_exit_callback 000000018000aa30 f   libucrt:exit.obj
 0001:00009a38       _cexit                     000000018000aa38 f   libucrt:exit.obj
 0001:00009a48       _exit                      000000018000aa48 f   libucrt:exit.obj
 0001:00009a54       _is_c_termination_complete 000000018000aa54 f   libucrt:exit.obj
 0001:00009c18       __acrt_allocate_buffer_for_argv 000000018000ac18 f   libucrt:argv_parsing.obj
 0001:00009c78       _configure_narrow_argv     000000018000ac78 f   libucrt:argv_parsing.obj
 0001:00009ff4       __dcrt_uninitialize_environments_nolock 000000018000aff4 f   libucrt:environment_initialization.obj
 0001:0000a02c       _initialize_narrow_environment 000000018000b02c f   libucrt:environment_initialization.obj
 0001:0000a3bc       _crt_atexit                000000018000b3bc f   libucrt:onexit.obj
 0001:0000a3cc       _execute_onexit_table      000000018000b3cc f   libucrt:onexit.obj
 0001:0000a408       _initialize_onexit_table   000000018000b408 f   libucrt:onexit.obj
 0001:0000a448       _register_onexit_function  000000018000b448 f   libucrt:onexit.obj
 0001:0000a4c8       __acrt_uninitialize_command_line 000000018000b4c8 f   libucrt:argv_data.obj
 0001:0000a5d4       __acrt_initialize          000000018000b5d4 f   libucrt:initialization.obj
 0001:0000a5e8       __acrt_thread_attach       000000018000b5e8 f   libucrt:initialization.obj
 0001:0000a5fc       __acrt_thread_detach       000000018000b5fc f   libucrt:initialization.obj
 0001:0000a60c       __acrt_uninitialize        000000018000b60c f   libucrt:initialization.obj
 0001:0000a644       __acrt_uninitialize_critical 000000018000b644 f   libucrt:initialization.obj
 0001:0000a654       _initterm                  000000018000b654 f   libucrt:initterm.obj
 0001:0000a6b8       _initterm_e                000000018000b6b8 f   libucrt:initterm.obj
 0001:0000a6f8       terminate                  000000018000b6f8 f   libucrt:terminate.obj
 0001:0000a718       free                       000000018000b718 f   libucrt:free.obj
 0001:0000a72c       strcpy_s                   000000018000b72c f   libucrt:strcpy_s.obj
 0001:0000a78c       _free_base                 000000018000b78c f   libucrt:free_base.obj
 0001:0000a7cc       _malloc_base               000000018000b7cc f   libucrt:malloc_base.obj
 0001:0000a82c       abort                      000000018000b82c f   libucrt:abort.obj
 0001:0000a884       _calloc_base               000000018000b884 f   libucrt:calloc_base.obj
 0001:0000a8fc       wcsncmp                    000000018000b8fc f   libucrt:wcsncmp.obj
 0001:0000ab3c       ??$ensure_buffer_is_big_enough@D@formatting_buffer@__crt_stdio_output@@QEAA_N_K@Z 000000018000bb3c f i libucrt:output.obj
 0001:0000abe4       ??$ensure_buffer_is_big_enough@_W@formatting_buffer@__crt_stdio_output@@QEAA_N_K@Z 000000018000bbe4 f i libucrt:output.obj
 0001:0000ac90       ??$is_wide_character_specifier@_W@__crt_stdio_output@@YA_N_K_WW4length_modifier@0@@Z 000000018000bc90 f i libucrt:output.obj
 0001:0000acd0       ??$type_case_integer_parse_into_buffer@I@?$output_processor@_WV?$stream_output_adapter@_W@__crt_stdio_output@@V?$standard_base@_WV?$stream_output_adapter@_W@__crt_stdio_output@@@2@@__crt_stdio_output@@AEAAXII_N@Z 000000018000bcd0 f i libucrt:output.obj
 0001:0000acd0       ??$type_case_integer_parse_into_buffer@I@?$output_processor@_WV?$string_output_adapter@_W@__crt_stdio_output@@V?$standard_base@_WV?$string_output_adapter@_W@__crt_stdio_output@@@2@@__crt_stdio_output@@AEAAXII_N@Z 000000018000bcd0 f i libucrt:output.obj
 0001:0000ad6c       ??$type_case_integer_parse_into_buffer@_K@?$output_processor@_WV?$stream_output_adapter@_W@__crt_stdio_output@@V?$standard_base@_WV?$stream_output_adapter@_W@__crt_stdio_output@@@2@@__crt_stdio_output@@AEAAX_KI_N@Z 000000018000bd6c f i libucrt:output.obj
 0001:0000ad6c       ??$type_case_integer_parse_into_buffer@_K@?$output_processor@_WV?$string_output_adapter@_W@__crt_stdio_output@@V?$standard_base@_WV?$string_output_adapter@_W@__crt_stdio_output@@@2@@__crt_stdio_output@@AEAAX_KI_N@Z 000000018000bd6c f i libucrt:output.obj
 0001:0000ae0c       ??$write_multiple_characters@V?$stream_output_adapter@_W@__crt_stdio_output@@D@__crt_stdio_output@@YAXAEBV?$stream_output_adapter@_W@0@DHQEAH@Z 000000018000be0c f i libucrt:output.obj
 0001:0000ae98       ??$write_multiple_characters@V?$string_output_adapter@_W@__crt_stdio_output@@D@__crt_stdio_output@@YAXAEBV?$string_output_adapter@_W@0@DHQEAH@Z 000000018000be98 f i libucrt:output.obj
 0001:0000b03c       ?force_decimal_point@__crt_stdio_output@@YAXPEADQEAU__crt_locale_pointers@@@Z 000000018000c03c f i libucrt:output.obj
 0001:0000b0ac       ?parse_int_from_format_string@?$output_processor@_WV?$stream_output_adapter@_W@__crt_stdio_output@@V?$standard_base@_WV?$stream_output_adapter@_W@__crt_stdio_output@@@2@@__crt_stdio_output@@AEAA_NQEAH@Z 000000018000c0ac f i libucrt:output.obj
 0001:0000b0ac       ?parse_int_from_format_string@?$output_processor@_WV?$string_output_adapter@_W@__crt_stdio_output@@V?$standard_base@_WV?$string_output_adapter@_W@__crt_stdio_output@@@2@@__crt_stdio_output@@AEAA_NQEAH@Z 000000018000c0ac f i libucrt:output.obj
 0001:0000b150       ?process@?$output_processor@_WV?$stream_output_adapter@_W@__crt_stdio_output@@V?$standard_base@_WV?$stream_output_adapter@_W@__crt_stdio_output@@@2@@__crt_stdio_output@@QEAAHXZ 000000018000c150 f i libucrt:output.obj
 0001:0000b3c0       ?process@?$output_processor@_WV?$string_output_adapter@_W@__crt_stdio_output@@V?$standard_base@_WV?$string_output_adapter@_W@__crt_stdio_output@@@2@@__crt_stdio_output@@QEAAHXZ 000000018000c3c0 f i libucrt:output.obj
 0001:0000b628       ?state_case_size@?$output_processor@_WV?$stream_output_adapter@_W@__crt_stdio_output@@V?$standard_base@_WV?$stream_output_adapter@_W@__crt_stdio_output@@@2@@__crt_stdio_output@@AEAA_NXZ 000000018000c628 f i libucrt:output.obj
 0001:0000b7cc       ?state_case_size@?$output_processor@_WV?$string_output_adapter@_W@__crt_stdio_output@@V?$standard_base@_WV?$string_output_adapter@_W@__crt_stdio_output@@@2@@__crt_stdio_output@@AEAA_NXZ 000000018000c7cc f i libucrt:output.obj
 0001:0000b970       ?state_case_type@?$output_processor@_WV?$stream_output_adapter@_W@__crt_stdio_output@@V?$standard_base@_WV?$stream_output_adapter@_W@__crt_stdio_output@@@2@@__crt_stdio_output@@AEAA_NXZ 000000018000c970 f i libucrt:output.obj
 0001:0000bc5c       ?state_case_type@?$output_processor@_WV?$string_output_adapter@_W@__crt_stdio_output@@V?$standard_base@_WV?$string_output_adapter@_W@__crt_stdio_output@@@2@@__crt_stdio_output@@AEAA_NXZ 000000018000cc5c f i libucrt:output.obj
 0001:0000bf38       ?type_case_Z@?$output_processor@_WV?$string_output_adapter@_W@__crt_stdio_output@@V?$standard_base@_WV?$string_output_adapter@_W@__crt_stdio_output@@@2@@__crt_stdio_output@@AEAA_NXZ 000000018000cf38 f i libucrt:output.obj
 0001:0000bf38       ?type_case_Z@?$output_processor@_WV?$stream_output_adapter@_W@__crt_stdio_output@@V?$standard_base@_WV?$stream_output_adapter@_W@__crt_stdio_output@@@2@@__crt_stdio_output@@AEAA_NXZ 000000018000cf38 f i libucrt:output.obj
 0001:0000bfb8       ?type_case_a@?$output_processor@_WV?$stream_output_adapter@_W@__crt_stdio_output@@V?$standard_base@_WV?$stream_output_adapter@_W@__crt_stdio_output@@@2@@__crt_stdio_output@@AEAA_NXZ 000000018000cfb8 f i libucrt:output.obj
 0001:0000bfb8       ?type_case_a@?$output_processor@_WV?$string_output_adapter@_W@__crt_stdio_output@@V?$standard_base@_WV?$string_output_adapter@_W@__crt_stdio_output@@@2@@__crt_stdio_output@@AEAA_NXZ 000000018000cfb8 f i libucrt:output.obj
 0001:0000c1f8       ?type_case_c_tchar@?$output_processor@_WV?$string_output_adapter@_W@__crt_stdio_output@@V?$standard_base@_WV?$string_output_adapter@_W@__crt_stdio_output@@@2@@__crt_stdio_output@@AEAA_N_W@Z 000000018000d1f8 f i libucrt:output.obj
 0001:0000c1f8       ?type_case_c_tchar@?$output_processor@_WV?$stream_output_adapter@_W@__crt_stdio_output@@V?$standard_base@_WV?$stream_output_adapter@_W@__crt_stdio_output@@@2@@__crt_stdio_output@@AEAA_N_W@Z 000000018000d1f8 f i libucrt:output.obj
 0001:0000c2a0       ?type_case_integer@?$output_processor@_WV?$stream_output_adapter@_W@__crt_stdio_output@@V?$standard_base@_WV?$stream_output_adapter@_W@__crt_stdio_output@@@2@@__crt_stdio_output@@AEAA_NI_N@Z 000000018000d2a0 f i libucrt:output.obj
 0001:0000c2a0       ?type_case_integer@?$output_processor@_WV?$string_output_adapter@_W@__crt_stdio_output@@V?$standard_base@_WV?$string_output_adapter@_W@__crt_stdio_output@@@2@@__crt_stdio_output@@AEAA_NI_N@Z 000000018000d2a0 f i libucrt:output.obj
 0001:0000c46c       ?type_case_n@?$output_processor@_WV?$string_output_adapter@_W@__crt_stdio_output@@V?$standard_base@_WV?$string_output_adapter@_W@__crt_stdio_output@@@2@@__crt_stdio_output@@AEAA_NXZ 000000018000d46c f i libucrt:output.obj
 0001:0000c46c       ?type_case_n@?$output_processor@_WV?$stream_output_adapter@_W@__crt_stdio_output@@V?$standard_base@_WV?$stream_output_adapter@_W@__crt_stdio_output@@@2@@__crt_stdio_output@@AEAA_NXZ 000000018000d46c f i libucrt:output.obj
 0001:0000c548       ?type_case_s@?$output_processor@_WV?$stream_output_adapter@_W@__crt_stdio_output@@V?$standard_base@_WV?$stream_output_adapter@_W@__crt_stdio_output@@@2@@__crt_stdio_output@@AEAA_NXZ 000000018000d548 f i libucrt:output.obj
 0001:0000c548       ?type_case_s@?$output_processor@_WV?$string_output_adapter@_W@__crt_stdio_output@@V?$standard_base@_WV?$string_output_adapter@_W@__crt_stdio_output@@@2@@__crt_stdio_output@@AEAA_NXZ 000000018000d548 f i libucrt:output.obj
 0001:0000c610       ?write_stored_string_tchar@?$output_processor@_WV?$stream_output_adapter@_W@__crt_stdio_output@@V?$standard_base@_WV?$stream_output_adapter@_W@__crt_stdio_output@@@2@@__crt_stdio_output@@AEAA_N_W@Z 000000018000d610 f i libucrt:output.obj
 0001:0000c718       ?write_stored_string_tchar@?$output_processor@_WV?$string_output_adapter@_W@__crt_stdio_output@@V?$standard_base@_WV?$string_output_adapter@_W@__crt_stdio_output@@@2@@__crt_stdio_output@@AEAA_N_W@Z 000000018000d718 f i libucrt:output.obj
 0001:0000c808       ?write_string@?$string_output_adapter@_W@__crt_stdio_output@@QEBAXQEB_WHQEAHAEAV__crt_deferred_errno_cache@@@Z 000000018000d808 f i libucrt:output.obj
 0001:0000c8b0       ?write_string_impl@?$output_adapter_common@_WV?$stream_output_adapter@_W@__crt_stdio_output@@@__crt_stdio_output@@IEBAXQEB_WHQEAHAEAV__crt_deferred_errno_cache@@@Z 000000018000d8b0 f i libucrt:output.obj
 0001:0000c9b4       __stdio_common_vfwprintf   000000018000d9b4 f   libucrt:output.obj
 0001:0000ca40       __stdio_common_vswprintf   000000018000da40 f   libucrt:output.obj
 0001:0000ca48       ??$parse_integer@KV?$c_string_character_source@_W@__crt_strtox@@@__crt_strtox@@YAKQEAU__crt_locale_pointers@@V?$c_string_character_source@_W@0@H_N@Z 000000018000da48 f i libucrt:atox.obj
 0001:0000d10c       __acrt_errno_from_os_error 000000018000e10c f   libucrt:errno.obj
 0001:0000d154       __acrt_errno_map_os_error  000000018000e154 f   libucrt:errno.obj
 0001:0000d1a4       __doserrno                 000000018000e1a4 f   libucrt:errno.obj
 0001:0000d1c4       _errno                     000000018000e1c4 f   libucrt:errno.obj
 0001:0000d3bc       __acrt_AppPolicyGetProcessTerminationMethodInternal 000000018000e3bc f   libucrt:winapi_thunks.obj
 0001:0000d40c       __acrt_AppPolicyGetShowDeveloperDiagnosticInternal 000000018000e40c f   libucrt:winapi_thunks.obj
 0001:0000d45c       __acrt_AppPolicyGetWindowingModelInternal 000000018000e45c f   libucrt:winapi_thunks.obj
 0001:0000d4ac       __acrt_FlsAlloc            000000018000e4ac f   libucrt:winapi_thunks.obj
 0001:0000d4f4       __acrt_FlsFree             000000018000e4f4 f   libucrt:winapi_thunks.obj
 0001:0000d53c       __acrt_FlsGetValue         000000018000e53c f   libucrt:winapi_thunks.obj
 0001:0000d584       __acrt_FlsSetValue         000000018000e584 f   libucrt:winapi_thunks.obj
 0001:0000d5d8       __acrt_GetSystemTimePreciseAsFileTime 000000018000e5d8 f   libucrt:winapi_thunks.obj
 0001:0000d620       __acrt_InitializeCriticalSectionEx 000000018000e620 f   libucrt:winapi_thunks.obj
 0001:0000d684       __acrt_LCMapStringEx       000000018000e684 f   libucrt:winapi_thunks.obj
 0001:0000d760       __acrt_LocaleNameToLCID    000000018000e760 f   libucrt:winapi_thunks.obj
 0001:0000d7b0       __acrt_MessageBoxW         000000018000e7b0 f   libucrt:winapi_thunks.obj
 0001:0000d824       __acrt_OutputDebugStringW  000000018000e824 f   libucrt:winapi_thunks.obj
 0001:0000d82c       __acrt_can_show_message_box 000000018000e82c f   libucrt:winapi_thunks.obj
 0001:0000d89c       __acrt_get_parent_window   000000018000e89c f   libucrt:winapi_thunks.obj
 0001:0000d918       __acrt_initialize_winapi_thunks 000000018000e918 f   libucrt:winapi_thunks.obj
 0001:0000d960       __acrt_is_interactive      000000018000e960 f   libucrt:winapi_thunks.obj
 0001:0000da28       __acrt_uninitialize_winapi_thunks 000000018000ea28 f   libucrt:winapi_thunks.obj
 0001:0000da6c       _d_int                     000000018000ea6c f   libucrt:_test.obj
 0001:0000db84       _query_app_type            000000018000eb84 f   libucrt:report_runtime_error.obj
 0001:0000dca0       _itow_s                    000000018000eca0 f   libucrt:xtoa.obj
 0001:0000dcc0       _set_error_mode            000000018000ecc0 f   libucrt:set_error_mode.obj
 0001:0000dd00       wcscat_s                   000000018000ed00 f   libucrt:wcscat_s.obj
 0001:0000dd80       wcscpy_s                   000000018000ed80 f   libucrt:wcscpy_s.obj
 0001:0000dde8       wcsncat_s                  000000018000ede8 f   libucrt:wcsncat_s.obj
 0001:0000dee8       __acrt_show_wide_message_box 000000018000eee8 f   libucrt:crtmbox.obj
 0001:0000df8c       __acrt_initialize_stdio    000000018000ef8c f   libucrt:_file.obj
 0001:0000e0ac       __acrt_iob_func            000000018000f0ac f   libucrt:_file.obj
 0001:0000e0c0       __acrt_uninitialize_stdio  000000018000f0c0 f   libucrt:_file.obj
 0001:0000e11c       _lock_file                 000000018000f11c f   libucrt:_file.obj
 0001:0000e128       _unlock_file               000000018000f128 f   libucrt:_file.obj
 0001:0000e358       __acrt_stdio_flush_nolock  000000018000f358 f   libucrt:fflush.obj
 0001:0000e3d4       _fflush_nolock             000000018000f3d4 f   libucrt:fflush.obj
 0001:0000e420       _flushall                  000000018000f420 f   libucrt:fflush.obj
 0001:0000e428       fflush                     000000018000f428 f   libucrt:fflush.obj
 0001:0000e5c0       setvbuf                    000000018000f5c0 f   libucrt:setvbuf.obj
 0001:0000e6a4       __acrt_get_sigabrt_handler 000000018000f6a4 f   libucrt:signal.obj
 0001:0000e6d4       __acrt_initialize_signal_handlers 000000018000f6d4 f   libucrt:signal.obj
 0001:0000e6f4       raise                      000000018000f6f4 f   libucrt:signal.obj
 0001:0000ece0       __acrt_freeptd             000000018000fce0 f   libucrt:per_thread_data.obj
 0001:0000ed24       __acrt_getptd              000000018000fd24 f   libucrt:per_thread_data.obj
 0001:0000edf0       __acrt_getptd_head         000000018000fdf0 f   libucrt:per_thread_data.obj
 0001:0000ee98       __acrt_getptd_noexit       000000018000fe98 f   libucrt:per_thread_data.obj
 0001:0000ef68       __acrt_initialize_ptd      000000018000ff68 f   libucrt:per_thread_data.obj
 0001:0000efa4       __acrt_uninitialize_ptd    000000018000ffa4 f   libucrt:per_thread_data.obj
 0001:0000f00c       _tolower_l                 000000018001000c f   libucrt:tolower_toupper.obj
 0001:0000f14c       tolower                    000000018001014c f   libucrt:tolower_toupper.obj
 0001:0000f178       __acrt_update_locale_info  0000000180010178 f   libucrt:locale_update.obj
 0001:0000f1ac       __acrt_update_multibyte_info 00000001800101ac f   libucrt:locale_update.obj
 0001:0000f250       __acrt_set_locale_changed  0000000180010250 f   libucrt:wsetlocale.obj
 0001:0000f25c       __acrt_uninitialize_locale 000000018001025c f   libucrt:wsetlocale.obj
 0001:0000f28c       __acrt_initialize_locks    000000018001028c f   libucrt:locks.obj
 0001:0000f2d4       __acrt_lock                00000001800102d4 f   libucrt:locks.obj
 0001:0000f2f0       __acrt_uninitialize_locks  00000001800102f0 f   libucrt:locks.obj
 0001:0000f328       __acrt_unlock              0000000180010328 f   libucrt:locks.obj
 0001:0000f344       __acrt_get_developer_information_policy 0000000180010344 f   libucrt:win_policies.obj
 0001:0000f398       __acrt_get_process_end_policy 0000000180010398 f   libucrt:win_policies.obj
 0001:0000f3d4       __acrt_get_windowing_model_policy 00000001800103d4 f   libucrt:win_policies.obj
 0001:0000f9a4       __acrt_expand_narrow_argv_wildcards 00000001800109a4 f   libucrt:argv_wildcards.obj
 0001:000100ec       __acrt_initialize_multibyte 00000001800110ec f   libucrt:mbctype.obj
 0001:0001014c       __acrt_update_thread_multibyte_data 000000018001114c f   libucrt:mbctype.obj
 0001:00010168       _setmbcp_nolock            0000000180011168 f   libucrt:mbctype.obj
 0001:000104a0       _ismbblead                 00000001800114a0 f   libucrt:ismbbyte.obj
 0001:000104b4       __acrt_initialize_command_line 00000001800114b4 f   libucrt:argv_data.obj
 0001:000104dc       __dcrt_get_narrow_environment_from_os 00000001800114dc f   libucrt:get_environment_from_os.obj
 0001:000105e0       _recalloc                  00000001800115e0 f   libucrt:recalloc.obj
 0001:000105e8       _recalloc_base             00000001800115e8 f   libucrt:recalloc.obj
 0001:00010680       __acrt_initialize_heap     0000000180011680 f   libucrt:heap_handle.obj
 0001:0001069c       __acrt_uninitialize_heap   000000018001169c f   libucrt:heap_handle.obj
 0001:00010890       __acrt_initialize_lowio    0000000180011890 f   libucrt:ioinit.obj
 0001:000108cc       __acrt_uninitialize_lowio  00000001800118cc f   libucrt:ioinit.obj
 0001:0001090c       __acrt_execute_initializers 000000018001190c f   libucrt:shared_initialization.obj
 0001:0001098c       __acrt_execute_uninitializers 000000018001198c f   libucrt:shared_initialization.obj
 0001:000109c8       __acrt_has_user_matherr    00000001800119c8 f   libucrt:matherr.obj
 0001:000109e8       __acrt_initialize_user_matherr 00000001800119e8 f   libucrt:matherr.obj
 0001:000109f0       __acrt_invoke_user_matherr 00000001800119f0 f   libucrt:matherr.obj
 0001:00010a20       __acrt_stdio_begin_temporary_buffering_nolock 0000000180011a20 f   libucrt:_sftbuf.obj
 0001:00010af0       __acrt_stdio_end_temporary_buffering_nolock 0000000180011af0 f   libucrt:_sftbuf.obj
 0001:00010b2c       _query_new_mode            0000000180011b2c f   libucrt:new_mode.obj
 0001:00010b34       isdigit                    0000000180011b34 f i libucrt:_ctype.obj
 0001:00010ba8       wcstol                     0000000180011ba8 f   libucrt:strtox.obj
 0001:00010bd4       _mbtowc_l                  0000000180011bd4 f   libucrt:mbtowc.obj
 0001:00010d1c       mbtowc                     0000000180011d1c f   libucrt:mbtowc.obj
 0001:00010d24       _wctomb_s_l                0000000180011d24 f   libucrt:wctomb.obj
 0001:00010ea8       wctomb_s                   0000000180011ea8 f   libucrt:wctomb.obj
 0001:00010ebc       wcsnlen                    0000000180011ebc f   libucrt:strnlen.obj
 0001:00011a40       __acrt_fp_format           0000000180012a40 f   libucrt:cvt.obj
 0001:00011cc8       _fputwc_nolock             0000000180012cc8 f   libucrt:fputwc.obj
 0001:00011e40       _fileno                    0000000180012e40 f   libucrt:fileno.obj
 0001:00011e68       _fputc_nolock              0000000180012e68 f   libucrt:fputc.obj
 0001:00011e80       _get_printf_count_output   0000000180012e80 f   libucrt:printf_count_output.obj
 0001:00011e98       __pctype_func              0000000180012e98 f   libucrt:ctype.obj
 0001:00011ec8       iswctype                   0000000180012ec8 f   libucrt:iswctype.obj
 0001:00011f38       _isctype_l                 0000000180012f38 f   libucrt:isctype.obj
 0001:00012114       __acrt_DownlevelLocaleNameToLCID 0000000180013114 f   libucrt:lcidtoname_downlevel.obj
 0001:00012148       __acrt_fenv_get_control    0000000180013148 f   libucrt:_fenvutils.obj
 0001:00012248       __acrt_fenv_get_status     0000000180013248 f   libucrt:_fenvutils.obj
 0001:000122a0       __acrt_fenv_set_control    00000001800132a0 f   libucrt:_fenvutils.obj
 0001:000123e8       __acrt_fenv_set_status     00000001800133e8 f   libucrt:_fenvutils.obj
 0001:0001246c       _fcloseall                 000000018001346c f   libucrt:closeall.obj
 0001:00012520       __acrt_stdio_free_buffer_nolock 0000000180013520 f   libucrt:_freebuf.obj
 0001:000125ec       _commit                    00000001800135ec f   libucrt:commit.obj
 0001:00012c38       _write                     0000000180013c38 f   libucrt:write.obj
 0001:00012d24       _write_nolock              0000000180013d24 f   libucrt:write.obj
 0001:00013068       __acrt_add_locale_ref      0000000180014068 f   libucrt:locale_refcounting.obj
 0001:000130f4       __acrt_free_locale         00000001800140f4 f   libucrt:locale_refcounting.obj
 0001:0001326c       __acrt_locale_add_lc_time_reference 000000018001426c f   libucrt:locale_refcounting.obj
 0001:00013294       __acrt_locale_free_lc_time_if_unreferenced 0000000180014294 f   libucrt:locale_refcounting.obj
 0001:000132cc       __acrt_locale_release_lc_time_reference 00000001800142cc f   libucrt:locale_refcounting.obj
 0001:000132f4       __acrt_release_locale_ref  00000001800142f4 f   libucrt:locale_refcounting.obj
 0001:0001339c       __acrt_update_thread_locale_data 000000018001439c f   libucrt:locale_refcounting.obj
 0001:0001340c       _updatetlocinfoEx_nolock   000000018001440c f   libucrt:locale_refcounting.obj
 0001:00013474       _isleadbyte_l              0000000180014474 f i libucrt:_wctype.obj
 0001:000137cc       __acrt_LCMapStringA        00000001800147cc f   libucrt:lcmapstringa.obj
 0001:00013864       __acrt_locale_free_monetary 0000000180014864 f   libucrt:initmon.obj
 0001:00013970       __acrt_locale_free_numeric 0000000180014970 f   libucrt:initnum.obj
 0001:00013a30       __acrt_locale_free_time    0000000180014a30 f   libucrt:inittime.obj
 0001:00013b38       __acrt_GetStringTypeA      0000000180014b38 f   libucrt:getstringtypea.obj
 0001:00013cd0       qsort                      0000000180014cd0 f   libucrt:qsort.obj
 0001:00014080       strncpy_s                  0000000180015080 f   libucrt:strncpy_s.obj
 0001:00014200       strpbrk                    0000000180015200 f   libucrt:strpbrk.obj
 0001:000145e0       _mbsdec                    00000001800155e0 f   libucrt:mbsdec.obj
 0001:000145e8       _mbsdec_l                  00000001800155e8 f   libucrt:mbsdec.obj
 0001:00014690       _msize                     0000000180015690 f   libucrt:msize.obj
 0001:00014698       _msize_base                0000000180015698 f   libucrt:msize.obj
 0001:000146d4       _realloc_base              00000001800156d4 f   libucrt:realloc_base.obj
 0001:00014750       __acrt_lowio_create_handle_array 0000000180015750 f   libucrt:osfinfo.obj
 0001:000147e8       __acrt_lowio_destroy_handle_array 00000001800157e8 f   libucrt:osfinfo.obj
 0001:00014838       __acrt_lowio_ensure_fh_exists 0000000180015838 f   libucrt:osfinfo.obj
 0001:000148e0       __acrt_lowio_lock_fh       00000001800158e0 f   libucrt:osfinfo.obj
 0001:00014904       __acrt_lowio_unlock_fh     0000000180015904 f   libucrt:osfinfo.obj
 0001:00014928       _free_osfhnd               0000000180015928 f   libucrt:osfinfo.obj
 0001:000149e4       _get_osfhandle             00000001800159e4 f   libucrt:osfinfo.obj
 0001:00014a5c       _isatty                    0000000180015a5c f   libucrt:isatty.obj
 0001:00014abc       __acrt_MultiByteToWideChar 0000000180015abc f   libucrt:multibytetowidechar.obj
 0001:00014ac4       __acrt_WideCharToMultiByte 0000000180015ac4 f   libucrt:widechartomultibyte.obj
 0001:00014acc       __acrt_fp_strflt_to_string 0000000180015acc f   libucrt:_fptostr.obj
 0001:00014b90       ?divide@__crt_strtox@@YA_KAEAUbig_integer@1@AEBU21@@Z 0000000180015b90 f i libucrt:cfout.obj
 0001:00015024       __acrt_fltout              0000000180016024 f   libucrt:cfout.obj
 0001:000165c4       __acrt_stdio_flush_and_write_narrow_nolock 00000001800175c4 f   libucrt:_flsbuf.obj
 0001:000166ac       __acrt_stdio_flush_and_write_wide_nolock 00000001800176ac f   libucrt:_flsbuf.obj
 0001:00016798       __acrt_GetStringTypeW      0000000180017798 f   libucrt:getstringtypew.obj
 0001:000167a0       _fclose_nolock             00000001800177a0 f   libucrt:fclose.obj
 0001:00016824       fclose                     0000000180017824 f   libucrt:fclose.obj
 0001:00016a14       _lseeki64                  0000000180017a14 f   libucrt:lseek.obj
 0001:00016a1c       _lseeki64_nolock           0000000180017a1c f   libucrt:lseek.obj
 0001:00016a24       _putwch_nolock             0000000180017a24 f   libucrt:putwch.obj
 0001:00016a60       __strncnt                  0000000180017a60 f   libucrt:strncnt.obj
 0001:00016a78       fegetenv                   0000000180017a78 f   libucrt:fegetenv.obj
 0001:00016a98       fesetenv                   0000000180017a98 f   libucrt:fesetenv.obj
 0001:00016ae8       feholdexcept               0000000180017ae8 f   libucrt:feholdexcept.obj
 0001:00016b38       ceil                       0000000180017b38 f   libucrt:ceil.obj
 0001:00016c00       log10                      0000000180017c00 f   libucrt:log10.obj
 0001:000171ac       __acrt_stdio_allocate_buffer_nolock 00000001800181ac f   libucrt:_getbuf.obj
 0001:00017284       _close                     0000000180018284 f   libucrt:close.obj
 0001:00017328       _close_nolock              0000000180018328 f   libucrt:close.obj
 0001:000173e4       ?__acrt_stdio_free_stream@@YAXV__crt_stdio_stream@@@Z 00000001800183e4 f   libucrt:stream.obj
 0001:00017400       __dcrt_lowio_ensure_console_output_initialized 0000000180018400 f   libucrt:initcon.obj
 0001:00017454       __dcrt_terminate_console_output 0000000180018454 f   libucrt:initcon.obj
 0001:00017470       __dcrt_write_console_w     0000000180018470 f   libucrt:initcon.obj
 0001:00017530       _clearfp                   0000000180018530 f   libucrt:ieee.obj
 0001:000176c4       _handle_error              00000001800186c4 f   libucrt:libm_error.obj
 0001:000177ec       _handle_nan                00000001800187ec f   libucrt:libm_error.obj
 0001:00017810       __acrt_initialize_fma3     0000000180018810 f   libucrt:fma3_available.obj
 0001:00017880       _log10_special             0000000180018880 f   libucrt:log_special.obj
 0001:00017950       _get_fpsr                  0000000180018950 f   libucrt:fpsr.obj
 0001:00017960       _set_fpsr                  0000000180018960 f   libucrt:fpsr.obj
 0001:0001796a       _fclrf                     000000018001896a f   libucrt:fpsr.obj
 0001:0001797e       _frnd                      000000018001897e f   libucrt:fpsr.obj
 0001:000179a0       _raise_exc                 00000001800189a0 f   libucrt:fpexcept.obj
 0001:000179c8       _raise_exc_ex              00000001800189c8 f   libucrt:fpexcept.obj
 0001:00017cd0       _set_errno_from_matherr    0000000180018cd0 f   libucrt:fpexcept.obj
 0001:00017d00       _clrfp                     0000000180018d00 f   libucrt:fpctrl.obj
 0001:00017d20       _ctrlfp                    0000000180018d20 f   libucrt:fpctrl.obj
 0001:00017d9c       _set_statfp                0000000180018d9c f   libucrt:fpctrl.obj
 0001:00017dbc       _statfp                    0000000180018dbc f   libucrt:fpctrl.obj
 0001:00017dcd       IsProcessorFeaturePresent  0000000180018dcd f   kernel32:KERNEL32.dll
 0001:00017dd3       RtlUnwindEx                0000000180018dd3 f   kernel32:KERNEL32.dll
 0001:00017ddc       ?DloadAcquireSectionWriteAccess@@YAXXZ 0000000180018ddc f i DelayImp:delayhlp.obj
 0001:00017e98       ?DloadGetSRWLockFunctionPointers@@YAEXZ 0000000180018e98 f i DelayImp:delayhlp.obj
 0001:00017f34       ?DloadMakePermanentImageCommit@@YAXPEAX_K@Z 0000000180018f34 f i DelayImp:delayhlp.obj
 0001:00017fd0       ?DloadObtainSection@@YAPEAXPEAK0@Z 0000000180018fd0 f i DelayImp:delayhlp.obj
 0001:00018064       ?DloadProtectSection@@YAXKPEAK@Z 0000000180019064 f i DelayImp:delayhlp.obj
 0001:000180f4       ?DloadReleaseSectionWriteAccess@@YAXXZ 00000001800190f4 f i DelayImp:delayhlp.obj
 0001:00018198       __delayLoadHelper2         0000000180019198 f   DelayImp:delayhlp.obj
 0001:00018490       _FindPESection             0000000180019490 f   LIBCMT:pesect.obj
 0001:000184e0       _IsNonwritableInCurrentImage 00000001800194e0 f   LIBCMT:pesect.obj
 0001:00018530       _ValidateImageBase         0000000180019530 f   LIBCMT:pesect.obj
 0001:00018560       __GSHandlerCheck           0000000180019560 f   LIBCMT:_gshandler_.obj
 0001:00018580       __GSHandlerCheckCommon     0000000180019580 f   LIBCMT:_gshandler_.obj
 0001:000185f0       __chkstk                   00000001800195f0 f   LIBCMT:_chkstk_.obj
 0001:000185f0       _alloca_probe              00000001800195f0 f   LIBCMT:_chkstk_.obj
 0001:00018660       memcmp                     0000000180019660 f   libvcruntime:memcmp.obj
 0001:00018728       strrchr                    0000000180019728 f   libvcruntime:strrchr.obj
 0001:00018890       _guard_dispatch_icall_nop  0000000180019890 f   LIBCMT:_guard_dispatch_.obj
 0001:000188b0       __guard_ss_verify_failure  00000001800198b0 f   LIBCMT:_rfgfailure_.obj
 0001:000188bb       __guard_ss_verify_failure_rcx 00000001800198bb     LIBCMT:_rfgfailure_.obj
 0001:000188c1       __guard_ss_verify_failure_rdx 00000001800198c1     LIBCMT:_rfgfailure_.obj
 0001:000188c7       __guard_ss_verify_failure_r8 00000001800198c7     LIBCMT:_rfgfailure_.obj
 0001:000188cd       __guard_ss_verify_failure_r9 00000001800198cd     LIBCMT:_rfgfailure_.obj
 0001:000188d3       __guard_ss_verify_failure_r10 00000001800198d3     LIBCMT:_rfgfailure_.obj
 0001:000188e0       __guard_ss_verify_failure_default 00000001800198e0 f   LIBCMT:_rfgfailure_.obj
 0001:00018940       __guard_ss_verify_sp       0000000180019940 f   LIBCMT:_rfgfailure_.obj
 0001:00018950       __guard_ss_verify_sp_default 0000000180019950 f   LIBCMT:_rfgfailure_.obj
 0002:00000000       __imp_GetModuleHandleA     000000018001a000     kernel32:KERNEL32.dll
 0002:00000008       __imp_VirtualQuery         000000018001a008     kernel32:KERNEL32.dll
 0002:00000010       __imp_RtlCaptureContext    000000018001a010     kernel32:KERNEL32.dll
 0002:00000018       __imp_RtlLookupFunctionEntry 000000018001a018     kernel32:KERNEL32.dll
 0002:00000020       __imp_RtlVirtualUnwind     000000018001a020     kernel32:KERNEL32.dll
 0002:00000028       __imp_UnhandledExceptionFilter 000000018001a028     kernel32:KERNEL32.dll
 0002:00000030       __imp_SetUnhandledExceptionFilter 000000018001a030     kernel32:KERNEL32.dll
 0002:00000038       __imp_GetCurrentProcess    000000018001a038     kernel32:KERNEL32.dll
 0002:00000040       __imp_TerminateProcess     000000018001a040     kernel32:KERNEL32.dll
 0002:00000048       __imp_IsProcessorFeaturePresent 000000018001a048     kernel32:KERNEL32.dll
 0002:00000050       __imp_IsDebuggerPresent    000000018001a050     kernel32:KERNEL32.dll
 0002:00000058       __imp_GetStartupInfoW      000000018001a058     kernel32:KERNEL32.dll
 0002:00000060       __imp_GetModuleHandleW     000000018001a060     kernel32:KERNEL32.dll
 0002:00000068       __imp_QueryPerformanceCounter 000000018001a068     kernel32:KERNEL32.dll
[...]
 0004:0000123c       $pdata$?fp_format_f_internal@@YAHQEAD_KHQEAU_strflt@@_NQEAU__crt_locale_pointers@@@Z 000000018002923c     libucrt:cvt.obj
 0004:00001248       $pdata$?fp_format_g@@YAHQEBNQEAD_K12H_NIQEAU__crt_locale_pointers@@@Z 0000000180029248     libucrt:cvt.obj
 0004:00001254       $pdata$?fp_format_nan_or_infinity@@YAHW4__acrt_fp_class@@_NPEAD_K1@Z 0000000180029254     libucrt:cvt.obj
 0004:00001260       $pdata$__acrt_fp_format    0000000180029260     libucrt:cvt.obj
 0004:0000126c       $pdata$_fputwc_nolock      000000018002926c     libucrt:fputwc.obj
 0004:00001278       $pdata$_fileno             0000000180029278     libucrt:fileno.obj
 0004:00001284       $pdata$__pctype_func       0000000180029284     libucrt:ctype.obj
 0004:00001290       $pdata$iswctype            0000000180029290     libucrt:iswctype.obj
 0004:0000129c       $pdata$_isctype_l          000000018002929c     libucrt:isctype.obj
 0004:000012a8       $pdata$?GetTableIndexFromLocaleName@@YAHPEB_W@Z 00000001800292a8     libucrt:lcidtoname_downlevel.obj
 0004:000012b4       $pdata$__acrt_DownlevelLocaleNameToLCID 00000001800292b4     libucrt:lcidtoname_downlevel.obj
 0004:000012c0       $pdata$__acrt_fenv_set_control 00000001800292c0     libucrt:_fenvutils.obj
 0004:000012cc       $pdata$_fcloseall          00000001800292cc     libucrt:closeall.obj
 0004:000012d8       $pdata$__acrt_stdio_free_buffer_nolock 00000001800292d8     libucrt:_freebuf.obj
 0004:000012e4       $pdata$??$?RV<lambda_a37b2b86f63e897a80ea819b0eb08c01>@@AEAV<lambda_38ce7e780aa69e748d6df282ebc68efe>@@V<lambda_99fb1378e971ab6e7edea83e3a7a83a2>@@@?$__crt_seh_guarded_call@H@@QEAAH$$QEAV<lambda_a37b2b86f63e897a80ea819b0eb08c01>@@AEAV<lambda_38ce7e780aa69e748d6df282ebc68efe>@@$$QEAV<lambda_99fb1378e971ab6e7edea83e3a7a83a2>@@@Z 00000001800292e4     libucrt:commit.obj
 0004:000012f0       $pdata$_commit             00000001800292f0     libucrt:commit.obj
 0004:000012fc       $pdata$?write_double_translated_ansi_nolock@@YA?AUwrite_result@?A0x17268360@@HQEBDI@Z 00000001800292fc     libucrt:write.obj
 0004:00001308       $pdata$?write_text_ansi_nolock@@YA?AUwrite_result@?A0x17268360@@HQEBDI@Z 0000000180029308     libucrt:write.obj
 0004:00001314       $pdata$?write_text_utf16le_nolock@@YA?AUwrite_result@?A0x17268360@@HQEBDI@Z 0000000180029314     libucrt:write.obj
 0004:00001320       $pdata$?write_text_utf8_nolock@@YA?AUwrite_result@?A0x17268360@@HQEBDI@Z 0000000180029320     libucrt:write.obj
 0004:0000132c       $pdata$_write              000000018002932c     libucrt:write.obj
 0004:00001338       $pdata$_write_nolock       0000000180029338     libucrt:write.obj
 0004:00001344       $pdata$__acrt_free_locale  0000000180029344     libucrt:locale_refcounting.obj
 0004:00001350       $pdata$__acrt_locale_free_lc_time_if_unreferenced 0000000180029350     libucrt:locale_refcounting.obj
 0004:0000135c       $pdata$__acrt_release_locale_ref 000000018002935c     libucrt:locale_refcounting.obj
 0004:00001368       $pdata$__acrt_update_thread_locale_data 0000000180029368     libucrt:locale_refcounting.obj
 0004:00001374       $pdata$_updatetlocinfoEx_nolock 0000000180029374     libucrt:locale_refcounting.obj
 0004:00001380       $pdata$_isleadbyte_l       0000000180029380     libucrt:_wctype.obj
 0004:0000138c       $pdata$?__acrt_LCMapStringA_stat@@YAHPEAU__crt_locale_pointers@@PEB_WKPEBDHPEADHHH@Z 000000018002938c     libucrt:lcmapstringa.obj
 0004:00001398       $pdata$__acrt_LCMapStringA 0000000180029398     libucrt:lcmapstringa.obj
 0004:000013a4       $pdata$__acrt_locale_free_monetary 00000001800293a4     libucrt:initmon.obj
 0004:000013b0       $pdata$__acrt_locale_free_numeric 00000001800293b0     libucrt:initnum.obj
 0004:000013bc       $pdata$?free_crt_array_internal@@YAXQEAPEBX_K@Z 00000001800293bc     libucrt:inittime.obj
 0004:000013c8       $pdata$__acrt_locale_free_time 00000001800293c8     libucrt:inittime.obj
 0004:000013d4       $pdata$__acrt_GetStringTypeA 00000001800293d4     libucrt:getstringtypea.obj
 0004:000013e0       $pdata$qsort               00000001800293e0     libucrt:qsort.obj
 0004:000013ec       $pdata$4$qsort             00000001800293ec     libucrt:qsort.obj
 0004:000013f8       $pdata$5$qsort             00000001800293f8     libucrt:qsort.obj
 0004:00001404       $pdata$strncpy_s           0000000180029404     libucrt:strncpy_s.obj
 0004:00001410       $pdata$fallbackMethod      0000000180029410     libucrt:strpbrk.obj
 0004:0000141c       $pdata$strpbrk             000000018002941c     libucrt:strpbrk.obj
 0004:00001428       $pdata$_mbsdec_l           0000000180029428     libucrt:mbsdec.obj
 0004:00001434       $pdata$?initialize_multibyte@@YAHXZ 0000000180029434     libucrt:multibyte_initializer.obj
 0004:00001440       $pdata$_msize_base         0000000180029440     libucrt:msize.obj
 0004:0000144c       $pdata$_realloc_base       000000018002944c     libucrt:realloc_base.obj
 0004:00001458       $pdata$__acrt_lowio_create_handle_array 0000000180029458     libucrt:osfinfo.obj
 0004:00001464       $pdata$__acrt_lowio_destroy_handle_array 0000000180029464     libucrt:osfinfo.obj
 0004:00001470       $pdata$__acrt_lowio_ensure_fh_exists 0000000180029470     libucrt:osfinfo.obj
 0004:0000147c       $pdata$_free_osfhnd        000000018002947c     libucrt:osfinfo.obj
 0004:00001488       $pdata$_get_osfhandle      0000000180029488     libucrt:osfinfo.obj
 0004:00001494       $pdata$_isatty             0000000180029494     libucrt:isatty.obj
 0004:000014a0       $pdata$__acrt_fp_strflt_to_string 00000001800294a0     libucrt:_fptostr.obj
 0004:000014ac       $pdata$?divide@__crt_strtox@@YA_KAEAUbig_integer@1@AEBU21@@Z 00000001800294ac     libucrt:cfout.obj
 0004:000014b8       $pdata$5$?divide@__crt_strtox@@YA_KAEAUbig_integer@1@AEBU21@@Z 00000001800294b8     libucrt:cfout.obj
 0004:000014c4       $pdata$6$?divide@__crt_strtox@@YA_KAEAUbig_integer@1@AEBU21@@Z 00000001800294c4     libucrt:cfout.obj
 0004:000014d0       $pdata$__acrt_fltout       00000001800294d0     libucrt:cfout.obj
 0004:000014dc       $pdata$memcpy_s            00000001800294dc     libucrt:cfout.obj
 0004:000014e8       $pdata$??$write_buffer_nolock@D@@YA_NDV__crt_stdio_stream@@@Z 00000001800294e8     libucrt:_flsbuf.obj
 0004:000014f4       $pdata$??$write_buffer_nolock@_W@@YA_N_WV__crt_stdio_stream@@@Z 00000001800294f4     libucrt:_flsbuf.obj
 0004:00001500       $pdata$__acrt_stdio_flush_and_write_narrow_nolock 0000000180029500     libucrt:_flsbuf.obj
 0004:0000150c       $pdata$__acrt_stdio_flush_and_write_wide_nolock 000000018002950c     libucrt:_flsbuf.obj
 0004:00001518       $pdata$_fclose_nolock      0000000180029518     libucrt:fclose.obj
 0004:00001524       $pdata$fclose              0000000180029524     libucrt:fclose.obj
 0004:00001530       $pdata$??$common_lseek@_J@@YA_JH_JH@Z 0000000180029530     libucrt:lseek.obj
 0004:0000153c       $pdata$??$common_lseek_nolock@_J@@YA_JH_JH@Z 000000018002953c     libucrt:lseek.obj
 0004:00001548       $pdata$_putwch_nolock      0000000180029548     libucrt:putwch.obj
 0004:00001554       $pdata$fegetenv            0000000180029554     libucrt:fegetenv.obj
 0004:00001560       $pdata$fesetenv            0000000180029560     libucrt:fesetenv.obj
 0004:0000156c       $pdata$feholdexcept        000000018002956c     libucrt:feholdexcept.obj
 0004:00001584       $pdata$__acrt_stdio_allocate_buffer_nolock 0000000180029584     libucrt:_getbuf.obj
 0004:00001590       $pdata$??$?RV<lambda_751a882b2c74d4b022dec766aa51a29a>@@AEAV<lambda_628dfdc04ba53c8bfc02c9951375f3f5>@@V<lambda_f6c7be5f7998530c34de24c7437d6b54>@@@?$__crt_seh_guarded_call@H@@QEAAH$$QEAV<lambda_751a882b2c74d4b022dec766aa51a29a>@@AEAV<lambda_628dfdc04ba53c8bfc02c9951375f3f5>@@$$QEAV<lambda_f6c7be5f7998530c34de24c7437d6b54>@@@Z 0000000180029590     libucrt:close.obj
 0004:0000159c       $pdata$_close              000000018002959c     libucrt:close.obj
 0004:000015a8       $pdata$_close_nolock       00000001800295a8     libucrt:close.obj
 0004:000015b4       $pdata$__dcrt_lowio_ensure_console_output_initialized 00000001800295b4     libucrt:initcon.obj
 0004:000015c0       $pdata$__dcrt_terminate_console_output 00000001800295c0     libucrt:initcon.obj
 0004:000015cc       $pdata$__dcrt_write_console_w 00000001800295cc     libucrt:initcon.obj
 0004:000015d8       $pdata$_clearfp            00000001800295d8     libucrt:ieee.obj
 0004:000015e4       $pdata$_call_matherr       00000001800295e4     libucrt:libm_error.obj
 0004:000015f0       $pdata$_exception_enabled  00000001800295f0     libucrt:libm_error.obj
 0004:000015fc       $pdata$_handle_error       00000001800295fc     libucrt:libm_error.obj
 0004:00001608       $pdata$__acrt_initialize_fma3 0000000180029608     libucrt:fma3_available.obj
 0004:00001614       $pdata$_log10_special      0000000180029614     libucrt:log_special.obj
 0004:00001620       $pdata$_log_special_common 0000000180029620     libucrt:log_special.obj
 0004:00001638       $pdata$_raise_exc          0000000180029638     libucrt:fpexcept.obj
 0004:00001644       $pdata$_raise_exc_ex       0000000180029644     libucrt:fpexcept.obj
 0004:00001650       $pdata$_set_errno_from_matherr 0000000180029650     libucrt:fpexcept.obj
 0004:0000165c       $pdata$_clrfp              000000018002965c     libucrt:fpctrl.obj
 0004:00001668       $pdata$_ctrlfp             0000000180029668     libucrt:fpctrl.obj
 0004:00001674       $pdata$_set_statfp         0000000180029674     libucrt:fpctrl.obj
 0004:00001680       $pdata$_statfp             0000000180029680     libucrt:fpctrl.obj
 0004:0000168c       $pdata$?DloadAcquireSectionWriteAccess@@YAXXZ 000000018002968c     DelayImp:delayhlp.obj
 0004:00001698       $pdata$?DloadGetSRWLockFunctionPointers@@YAEXZ 0000000180029698     DelayImp:delayhlp.obj
 0004:000016a4       $pdata$?DloadMakePermanentImageCommit@@YAXPEAX_K@Z 00000001800296a4     DelayImp:delayhlp.obj
 0004:000016b0       $pdata$?DloadObtainSection@@YAPEAXPEAK0@Z 00000001800296b0     DelayImp:delayhlp.obj
 0004:000016bc       $pdata$?DloadProtectSection@@YAXKPEAK@Z 00000001800296bc     DelayImp:delayhlp.obj
 0004:000016c8       $pdata$?DloadReleaseSectionWriteAccess@@YAXXZ 00000001800296c8     DelayImp:delayhlp.obj
 0004:000016d4       $pdata$__delayLoadHelper2  00000001800296d4     DelayImp:delayhlp.obj
 0004:000016e0       $pdata$_IsNonwritableInCurrentImage 00000001800296e0     LIBCMT:pesect.obj
 0004:000016ec       $pdata$__GSHandlerCheck    00000001800296ec     LIBCMT:_gshandler_.obj
 0004:000016f8       $pdata$__GSHandlerCheckCommon 00000001800296f8     LIBCMT:_gshandler_.obj
 0004:0000171c       $pdata$strrchr             000000018002971c     libvcruntime:strrchr.obj
 0004:00001764       $pdata$__scrt_is_nonwritable_in_current_image$filt$0 0000000180029764     LIBCMT:utility.obj
 0004:00001770       $pdata$?fin$0@?0??dllmain_crt_process_attach@@YAHQEAUHINSTANCE__@@QEAX@Z@4HA 0000000180029770     LIBCMT:dll_dllmain.obj
 0004:0000177c       $pdata$?fin$0@?0??dllmain_crt_process_detach@@YAH_N@Z@4HA 000000018002977c     LIBCMT:dll_dllmain.obj
 0004:00001788       $pdata$?filt$0@?0??dllmain_dispatch@@YAHQEAUHINSTANCE__@@KQEAX@Z@4HA 0000000180029788     LIBCMT:dll_dllmain.obj
 0004:00001794       $pdata$_query_new_handler$fin$0 0000000180029794     libucrt:new_handler.obj
 0004:000017a0       $pdata$?filt$0@?0???R<lambda_6e4b09c48022b2350581041d5f6b0c4c>@@QEBA@XZ@4HA 00000001800297a0     libucrt:exit.obj
 0004:000017ac       $pdata$?fin$0@?0???$?RV<lambda_f2e299630e499de9f9a165e60fcd3db5>@@AEAV<lambda_2ae9d31cdba2644fcbeaf08da7c24588>@@V<lambda_40d01ff24d0e7b3814fdbdcee8eab3c7>@@@?$__crt_seh_guarded_call@X@@QEAAX$$QEAV<lambda_f2e299630e499de9f9a165e60fcd3db5>@@AEAV<lambda_2ae9d31cdba2644fcbeaf08da7c24588>@@$$QEAV<lambda_40d01ff24d0e7b3814fdbdcee8eab3c7>@@@Z@4HA 00000001800297ac     libucrt:per_thread_data.obj
 0004:000017ac       $pdata$?fin$0@?0???$?RV<lambda_0ae27a3a962d80f24befdcbee591983d>@@AEAV<lambda_8d0ee55de4b1038c4002e0adecdf1839>@@V<lambda_dc504788e8f1664fe9b84e20bfb512f2>@@@?$__crt_seh_guarded_call@X@@QEAAX$$QEAV<lambda_0ae27a3a962d80f24befdcbee591983d>@@AEAV<lambda_8d0ee55de4b1038c4002e0adecdf1839>@@$$QEAV<lambda_dc504788e8f1664fe9b84e20bfb512f2>@@@Z@4HA 00000001800297ac     libucrt:per_thread_data.obj
 0004:000017ac       $pdata$?fin$0@?0???$?RV<lambda_2d41944a1d46af3157314b8a01080d33>@@AEAV<lambda_8f455de75cd7d7f24b4096f044d8b9e6>@@V<lambda_aa500f224e6afead328df44964fe2772>@@@?$__crt_seh_guarded_call@X@@QEAAX$$QEAV<lambda_2d41944a1d46af3157314b8a01080d33>@@AEAV<lambda_8f455de75cd7d7f24b4096f044d8b9e6>@@$$QEAV<lambda_aa500f224e6afead328df44964fe2772>@@@Z@4HA 00000001800297ac     libucrt:per_thread_data.obj
 0004:000017ac       $pdata$?fin$0@?0???$?RV<lambda_8369fcb7c4df1e85de37618bd2b85f07>@@AEAV<lambda_a10e4b102d4a2c3aac6f4f48bbdf488f>@@V<lambda_5b7707bd6d7a0c4713179f36c7fd995d>@@@?$__crt_seh_guarded_call@H@@QEAAH$$QEAV<lambda_8369fcb7c4df1e85de37618bd2b85f07>@@AEAV<lambda_a10e4b102d4a2c3aac6f4f48bbdf488f>@@$$QEAV<lambda_5b7707bd6d7a0c4713179f36c7fd995d>@@@Z@4HA 00000001800297ac     libucrt:onexit.obj
 0004:000017ac       $pdata$?fin$0@?0???$?RV<lambda_450d765d439847d4c735a33c368b5fc0>@@AEAV<lambda_44731a7d0e6d81c3e6aa82d741081786>@@V<lambda_601a2a7da3b7a96e9554ac7215c4b07c>@@@?$__crt_seh_guarded_call@P6AXH@Z@@QEAAP6AXH@Z$$QEAV<lambda_450d765d439847d4c735a33c368b5fc0>@@AEAV<lambda_44731a7d0e6d81c3e6aa82d741081786>@@$$QEAV<lambda_601a2a7da3b7a96e9554ac7215c4b07c>@@@Z@4HA 00000001800297ac     libucrt:signal.obj
 0004:000017ac       $pdata$?fin$0@?0???$?RV<lambda_efdfa57d1f175319df784efa44bb7b81>@@AEAV<lambda_5f0a4c1567f8adc6734073e5d1e1b35c>@@V<lambda_2e8a7d3640ea6ccb4c2413664c2db6fd>@@@?$__crt_seh_guarded_call@X@@QEAAX$$QEAV<lambda_efdfa57d1f175319df784efa44bb7b81>@@AEAV<lambda_5f0a4c1567f8adc6734073e5d1e1b35c>@@$$QEAV<lambda_2e8a7d3640ea6ccb4c2413664c2db6fd>@@@Z@4HA 00000001800297ac     libucrt:mbctype.obj
 0004:000017ac       $pdata$?fin$0@?0???$?RV<lambda_d80eeec6fff315bfe5c115232f3240e3>@@AEAV<lambda_6e4b09c48022b2350581041d5f6b0c4c>@@V<lambda_2358e3775559c9db80273638284d5e45>@@@?$__crt_seh_guarded_call@X@@QEAAX$$QEAV<lambda_d80eeec6fff315bfe5c115232f3240e3>@@AEAV<lambda_6e4b09c48022b2350581041d5f6b0c4c>@@$$QEAV<lambda_2358e3775559c9db80273638284d5e45>@@@Z@4HA 00000001800297ac     libucrt:exit.obj
 0004:000017ac       $pdata$?fin$0@?0???$?RV<lambda_aa87e3671a710a21b5dc78c0bdf72e11>@@AEAV<lambda_92619d2358a28f41a33ba319515a20b9>@@V<lambda_6992ecaafeb10aed2b74cb1fae11a551>@@@?$__crt_seh_guarded_call@X@@QEAAX$$QEAV<lambda_aa87e3671a710a21b5dc78c0bdf72e11>@@AEAV<lambda_92619d2358a28f41a33ba319515a20b9>@@$$QEAV<lambda_6992ecaafeb10aed2b74cb1fae11a551>@@@Z@4HA 00000001800297ac     libucrt:per_thread_data.obj
 0004:000017ac       $pdata$?fin$0@?0???$?RV<lambda_7777bce6b2f8c936911f934f8298dc43>@@AEAV<lambda_f03950bc5685219e0bcd2087efbe011e>@@V<lambda_3883c3dff614d5e0c5f61bb1ac94921c>@@@?$__crt_seh_guarded_call@H@@QEAAH$$QEAV<lambda_7777bce6b2f8c936911f934f8298dc43>@@AEAV<lambda_f03950bc5685219e0bcd2087efbe011e>@@$$QEAV<lambda_3883c3dff614d5e0c5f61bb1ac94921c>@@@Z@4HA 00000001800297ac     libucrt:onexit.obj
 0004:000017b8       $pdata$?fin$0@?0???$?RV<lambda_886d6c58226a84441f68b9f2b8217b83>@@AEAV<lambda_ab61a845afdef5b7c387490eaf3616ee>@@V<lambda_f7f22ab5edc0698d5f6905b0d3f44752>@@@?$__crt_seh_guarded_call@X@@QEAAX$$QEAV<lambda_886d6c58226a84441f68b9f2b8217b83>@@AEAV<lambda_ab61a845afdef5b7c387490eaf3616ee>@@$$QEAV<lambda_f7f22ab5edc0698d5f6905b0d3f44752>@@@Z@4HA 00000001800297b8     libucrt:fflush.obj
 0004:000017c4       $pdata$?fin$0@?0???$?RV<lambda_84ec643ea9557e2f7dc01bb0e9624395>@@AEAV<lambda_ca71763b3c0644891230e4f79ea54fa6>@@V<lambda_439a761618c59b0600e24586724d733b>@@@?$__crt_seh_guarded_call@H@@QEAAH$$QEAV<lambda_84ec643ea9557e2f7dc01bb0e9624395>@@AEAV<lambda_ca71763b3c0644891230e4f79ea54fa6>@@$$QEAV<lambda_439a761618c59b0600e24586724d733b>@@@Z@4HA 00000001800297c4     libucrt:setvbuf.obj
 0004:000017c4       $pdata$?fin$0@?0???$?RV<lambda_842d9ff0dc9ef11c61343bbaebe7f885>@@AEAV<lambda_c5860995281e5c4ce005b3de8f5874ee>@@V<lambda_d90129c13df834fdcbf8d2b88dafcf2d>@@@?$__crt_seh_guarded_call@X@@QEAAX$$QEAV<lambda_842d9ff0dc9ef11c61343bbaebe7f885>@@AEAV<lambda_c5860995281e5c4ce005b3de8f5874ee>@@$$QEAV<lambda_d90129c13df834fdcbf8d2b88dafcf2d>@@@Z@4HA 00000001800297c4     libucrt:fflush.obj
 0004:000017c4       $pdata$?fin$0@?0???$?RV<lambda_c376a267cfb53b6959b3b692ec76b120>@@AEAV<lambda_9a32fed5bf61b6b509b2d3f6003082a1>@@V<lambda_572fbb9fa0ab338edf41edfd4b5fcc8d>@@@?$__crt_seh_guarded_call@H@@QEAAH$$QEAV<lambda_c376a267cfb53b6959b3b692ec76b120>@@AEAV<lambda_9a32fed5bf61b6b509b2d3f6003082a1>@@$$QEAV<lambda_572fbb9fa0ab338edf41edfd4b5fcc8d>@@@Z@4HA 00000001800297c4     libucrt:fflush.obj
 0004:000017c4       $pdata$?fin$0@?0???$?RV<lambda_0d412022a4b28cc8a401ea49574e8ae6>@@AEAV<lambda_a775ed57af18ba8e4d5dc780aa9068fe>@@V<lambda_975a71a6baa488a08f4e15f6b0339b9e>@@@?$__crt_seh_guarded_call@H@@QEAAH$$QEAV<lambda_0d412022a4b28cc8a401ea49574e8ae6>@@AEAV<lambda_a775ed57af18ba8e4d5dc780aa9068fe>@@$$QEAV<lambda_975a71a6baa488a08f4e15f6b0339b9e>@@@Z@4HA 00000001800297c4     libucrt:output.obj
 0004:000017d0       $pdata$raise$fin$0         00000001800297d0     libucrt:signal.obj
 0004:000017dc       $pdata$?fin$0@?0???$?RV<lambda_410d79af7f07d98d83a3f525b3859a53>@@AEAV<lambda_3e16ef9562a7dcce91392c22ab16ea36>@@V<lambda_38119f0e861e05405d8a144b9b982f0a>@@@?$__crt_seh_guarded_call@X@@QEAAX$$QEAV<lambda_410d79af7f07d98d83a3f525b3859a53>@@AEAV<lambda_3e16ef9562a7dcce91392c22ab16ea36>@@$$QEAV<lambda_38119f0e861e05405d8a144b9b982f0a>@@@Z@4HA 00000001800297dc     libucrt:wsetlocale.obj
 0004:000017e8       $pdata$?fin$0@?0??update_thread_multibyte_data_internal@@YAPEAU__crt_multibyte_data@@QEAU__acrt_ptd@@QEAPEAU1@@Z@4HA 00000001800297e8     libucrt:mbctype.obj
 0004:000017f4       $pdata$_fcloseall$fin$0    00000001800297f4     libucrt:closeall.obj
 0004:00001800       $pdata$__acrt_update_thread_locale_data$fin$0 0000000180029800     libucrt:locale_refcounting.obj
 0004:0000180c       $pdata$__acrt_lowio_ensure_fh_exists$fin$0 000000018002980c     libucrt:osfinfo.obj
 0004:0000180c       $pdata$__acrt_initialize_lowio$fin$0 000000018002980c     libucrt:ioinit.obj
 0004:00001818       $pdata$fclose$fin$0        0000000180029818     libucrt:fclose.obj
 0004:00001824       $pdata$_write$fin$0        0000000180029824     libucrt:write.obj
 0004:00001824       $pdata$?fin$0@?0???$common_lseek@_J@@YA_JH_JH@Z@4HA 0000000180029824     libucrt:lseek.obj
 0004:00001830       $pdata$?fin$0@?0???$?RV<lambda_751a882b2c74d4b022dec766aa51a29a>@@AEAV<lambda_628dfdc04ba53c8bfc02c9951375f3f5>@@V<lambda_f6c7be5f7998530c34de24c7437d6b54>@@@?$__crt_seh_guarded_call@H@@QEAAH$$QEAV<lambda_751a882b2c74d4b022dec766aa51a29a>@@AEAV<lambda_628dfdc04ba53c8bfc02c9951375f3f5>@@$$QEAV<lambda_f6c7be5f7998530c34de24c7437d6b54>@@@Z@4HA 0000000180029830     libucrt:close.obj
 0004:00001830       $pdata$?fin$0@?0???$?RV<lambda_a37b2b86f63e897a80ea819b0eb08c01>@@AEAV<lambda_38ce7e780aa69e748d6df282ebc68efe>@@V<lambda_99fb1378e971ab6e7edea83e3a7a83a2>@@@?$__crt_seh_guarded_call@H@@QEAAH$$QEAV<lambda_a37b2b86f63e897a80ea819b0eb08c01>@@AEAV<lambda_38ce7e780aa69e748d6df282ebc68efe>@@$$QEAV<lambda_99fb1378e971ab6e7edea83e3a7a83a2>@@@Z@4HA 0000000180029830     libucrt:commit.obj
 0004:0000183c       $pdata$_ctrlfp$filt$0      000000018002983c     libucrt:fpctrl.obj
 0004:00001848       $pdata$_IsNonwritableInCurrentImage$filt$0 0000000180029848     LIBCMT:pesect.obj
 0004:00001854       $pdata$??__F?candidate_service@Grid_Object@demo@@0VGridCandidateService@@A@@YAXXZ 0000000180029854     matching_service.obj
 0005:00000060       $R000000                   000000018002a060     * linker generated manifest res *

 Exports

  ordinal    name

        1    _register_matching_service_addon_
